[0.013s] Invoking command in '/home/w6228/tram_ws/build/tram_vehicle_msgs': CMAKE_PREFIX_PATH=/opt/ros/humble /usr/bin/cmake --build /home/w6228/tram_ws/build/tram_vehicle_msgs -- -j14 -l14
[0.122s] [35m[1mConsolidate compiler generated dependencies of target tram_vehicle_msgs__rosidl_generator_c[0m
[0.127s] [  2%] Built target tram_vehicle_msgs__rs
[0.127s] [  5%] Built target tram_vehicle_msgs__cpp
[0.132s] [ 15%] Built target tram_vehicle_msgs__rosidl_generator_c
[0.137s] [35m[1mConsolidate compiler generated dependencies of target tram_vehicle_msgs__rosidl_typesupport_fastrtps_cpp[0m
[0.137s] [35m[1mConsolidate compiler generated dependencies of target tram_vehicle_msgs__rosidl_typesupport_cpp[0m
[0.137s] [35m[1mConsolidate compiler generated dependencies of target tram_vehicle_msgs__rosidl_typesupport_introspection_cpp[0m
[0.139s] [ 15%] Built target ament_cmake_python_copy_tram_vehicle_msgs
[0.141s] [35m[1mConsolidate compiler generated dependencies of target tram_vehicle_msgs__rosidl_typesupport_introspection_c[0m
[0.142s] [35m[1mConsolidate compiler generated dependencies of target tram_vehicle_msgs__rosidl_typesupport_c[0m
[0.145s] [35m[1mConsolidate compiler generated dependencies of target tram_vehicle_msgs__rosidl_typesupport_fastrtps_c[0m
[0.146s] [ 25%] Built target tram_vehicle_msgs__rosidl_typesupport_fastrtps_cpp
[0.147s] [ 40%] Built target tram_vehicle_msgs__rosidl_typesupport_cpp
[0.147s] [ 45%] Built target tram_vehicle_msgs__rosidl_typesupport_introspection_cpp
[0.149s] [ 65%] Built target tram_vehicle_msgs__rosidl_typesupport_introspection_c
[0.149s] [ 65%] Built target tram_vehicle_msgs__rosidl_typesupport_c
[0.153s] [ 75%] Built target tram_vehicle_msgs__rosidl_typesupport_fastrtps_c
[0.164s] [ 75%] Built target tram_vehicle_msgs
[0.178s] [ 77%] Built target tram_vehicle_msgs__py
[0.187s] [35m[1mConsolidate compiler generated dependencies of target tram_vehicle_msgs__rosidl_generator_py[0m
[0.196s] [ 85%] Built target tram_vehicle_msgs__rosidl_generator_py
[0.204s] [35m[1mConsolidate compiler generated dependencies of target tram_vehicle_msgs__rosidl_typesupport_fastrtps_c__pyext[0m
[0.204s] [35m[1mConsolidate compiler generated dependencies of target tram_vehicle_msgs__rosidl_typesupport_introspection_c__pyext[0m
[0.204s] [35m[1mConsolidate compiler generated dependencies of target tram_vehicle_msgs__rosidl_typesupport_c__pyext[0m
[0.212s] [ 90%] Built target tram_vehicle_msgs__rosidl_typesupport_introspection_c__pyext
[0.212s] [ 97%] Built target tram_vehicle_msgs__rosidl_typesupport_c__pyext
[0.212s] [100%] Built target tram_vehicle_msgs__rosidl_typesupport_fastrtps_c__pyext
[0.258s] running egg_info
[0.259s] writing tram_vehicle_msgs.egg-info/PKG-INFO
[0.259s] writing dependency_links to tram_vehicle_msgs.egg-info/dependency_links.txt
[0.259s] writing top-level names to tram_vehicle_msgs.egg-info/top_level.txt
[0.261s] reading manifest file 'tram_vehicle_msgs.egg-info/SOURCES.txt'
[0.262s] writing manifest file 'tram_vehicle_msgs.egg-info/SOURCES.txt'
[0.282s] [100%] Built target ament_cmake_python_build_tram_vehicle_msgs_egg
[0.289s] Invoked command in '/home/w6228/tram_ws/build/tram_vehicle_msgs' returned '0': CMAKE_PREFIX_PATH=/opt/ros/humble /usr/bin/cmake --build /home/w6228/tram_ws/build/tram_vehicle_msgs -- -j14 -l14
[0.296s] Invoking command in '/home/w6228/tram_ws/build/tram_vehicle_msgs': CMAKE_PREFIX_PATH=/opt/ros/humble /usr/bin/cmake --install /home/w6228/tram_ws/build/tram_vehicle_msgs
[0.301s] -- Install configuration: ""
[0.301s] -- Up-to-date: /home/w6228/tram_ws/install/tram_vehicle_msgs/share/ament_index/resource_index/rosidl_interfaces/tram_vehicle_msgs
[0.301s] -- Up-to-date: /home/w6228/tram_ws/install/tram_vehicle_msgs/include/tram_vehicle_msgs/tram_vehicle_msgs
[0.301s] -- Up-to-date: /home/w6228/tram_ws/install/tram_vehicle_msgs/include/tram_vehicle_msgs/tram_vehicle_msgs/msg
[0.301s] -- Up-to-date: /home/w6228/tram_ws/install/tram_vehicle_msgs/include/tram_vehicle_msgs/tram_vehicle_msgs/msg/rosidl_generator_c__visibility_control.h
[0.301s] -- Up-to-date: /home/w6228/tram_ws/install/tram_vehicle_msgs/include/tram_vehicle_msgs/tram_vehicle_msgs/msg/driver_controller_command.h
[0.301s] -- Up-to-date: /home/w6228/tram_ws/install/tram_vehicle_msgs/include/tram_vehicle_msgs/tram_vehicle_msgs/msg/velocity_sensor.h
[0.301s] -- Up-to-date: /home/w6228/tram_ws/install/tram_vehicle_msgs/include/tram_vehicle_msgs/tram_vehicle_msgs/msg/detail
[0.302s] -- Up-to-date: /home/w6228/tram_ws/install/tram_vehicle_msgs/include/tram_vehicle_msgs/tram_vehicle_msgs/msg/detail/driver_controller_command__struct.h
[0.302s] -- Up-to-date: /home/w6228/tram_ws/install/tram_vehicle_msgs/include/tram_vehicle_msgs/tram_vehicle_msgs/msg/detail/velocity_sensor__functions.h
[0.302s] -- Up-to-date: /home/w6228/tram_ws/install/tram_vehicle_msgs/include/tram_vehicle_msgs/tram_vehicle_msgs/msg/detail/driver_controller_command__type_support.h
[0.302s] -- Up-to-date: /home/w6228/tram_ws/install/tram_vehicle_msgs/include/tram_vehicle_msgs/tram_vehicle_msgs/msg/detail/velocity_sensor__functions.c
[0.302s] -- Up-to-date: /home/w6228/tram_ws/install/tram_vehicle_msgs/include/tram_vehicle_msgs/tram_vehicle_msgs/msg/detail/velocity_sensor__struct.h
[0.302s] -- Up-to-date: /home/w6228/tram_ws/install/tram_vehicle_msgs/include/tram_vehicle_msgs/tram_vehicle_msgs/msg/detail/velocity_sensor__type_support.h
[0.302s] -- Up-to-date: /home/w6228/tram_ws/install/tram_vehicle_msgs/include/tram_vehicle_msgs/tram_vehicle_msgs/msg/detail/driver_controller_command__functions.h
[0.302s] -- Up-to-date: /home/w6228/tram_ws/install/tram_vehicle_msgs/include/tram_vehicle_msgs/tram_vehicle_msgs/msg/detail/driver_controller_command__functions.c
[0.302s] -- Up-to-date: /home/w6228/tram_ws/install/tram_vehicle_msgs/share/tram_vehicle_msgs/environment/library_path.sh
[0.302s] -- Up-to-date: /home/w6228/tram_ws/install/tram_vehicle_msgs/share/tram_vehicle_msgs/environment/library_path.dsv
[0.302s] -- Up-to-date: /home/w6228/tram_ws/install/tram_vehicle_msgs/lib/libtram_vehicle_msgs__rosidl_generator_c.so
[0.302s] -- Up-to-date: /home/w6228/tram_ws/install/tram_vehicle_msgs/include/tram_vehicle_msgs/tram_vehicle_msgs
[0.303s] -- Up-to-date: /home/w6228/tram_ws/install/tram_vehicle_msgs/include/tram_vehicle_msgs/tram_vehicle_msgs/msg
[0.303s] -- Up-to-date: /home/w6228/tram_ws/install/tram_vehicle_msgs/include/tram_vehicle_msgs/tram_vehicle_msgs/msg/rosidl_typesupport_fastrtps_c__visibility_control.h
[0.303s] -- Up-to-date: /home/w6228/tram_ws/install/tram_vehicle_msgs/include/tram_vehicle_msgs/tram_vehicle_msgs/msg/detail
[0.303s] -- Up-to-date: /home/w6228/tram_ws/install/tram_vehicle_msgs/include/tram_vehicle_msgs/tram_vehicle_msgs/msg/detail/velocity_sensor__rosidl_typesupport_fastrtps_c.h
[0.303s] -- Up-to-date: /home/w6228/tram_ws/install/tram_vehicle_msgs/include/tram_vehicle_msgs/tram_vehicle_msgs/msg/detail/driver_controller_command__rosidl_typesupport_fastrtps_c.h
[0.304s] -- Up-to-date: /home/w6228/tram_ws/install/tram_vehicle_msgs/lib/libtram_vehicle_msgs__rosidl_typesupport_fastrtps_c.so
[0.304s] -- Up-to-date: /home/w6228/tram_ws/install/tram_vehicle_msgs/include/tram_vehicle_msgs/tram_vehicle_msgs
[0.304s] -- Up-to-date: /home/w6228/tram_ws/install/tram_vehicle_msgs/include/tram_vehicle_msgs/tram_vehicle_msgs/msg
[0.304s] -- Up-to-date: /home/w6228/tram_ws/install/tram_vehicle_msgs/include/tram_vehicle_msgs/tram_vehicle_msgs/msg/velocity_sensor.hpp
[0.304s] -- Up-to-date: /home/w6228/tram_ws/install/tram_vehicle_msgs/include/tram_vehicle_msgs/tram_vehicle_msgs/msg/driver_controller_command.hpp
[0.304s] -- Up-to-date: /home/w6228/tram_ws/install/tram_vehicle_msgs/include/tram_vehicle_msgs/tram_vehicle_msgs/msg/rosidl_generator_cpp__visibility_control.hpp
[0.304s] -- Up-to-date: /home/w6228/tram_ws/install/tram_vehicle_msgs/include/tram_vehicle_msgs/tram_vehicle_msgs/msg/detail
[0.304s] -- Up-to-date: /home/w6228/tram_ws/install/tram_vehicle_msgs/include/tram_vehicle_msgs/tram_vehicle_msgs/msg/detail/velocity_sensor__traits.hpp
[0.304s] -- Up-to-date: /home/w6228/tram_ws/install/tram_vehicle_msgs/include/tram_vehicle_msgs/tram_vehicle_msgs/msg/detail/driver_controller_command__builder.hpp
[0.304s] -- Up-to-date: /home/w6228/tram_ws/install/tram_vehicle_msgs/include/tram_vehicle_msgs/tram_vehicle_msgs/msg/detail/driver_controller_command__struct.hpp
[0.304s] -- Up-to-date: /home/w6228/tram_ws/install/tram_vehicle_msgs/include/tram_vehicle_msgs/tram_vehicle_msgs/msg/detail/velocity_sensor__builder.hpp
[0.304s] -- Up-to-date: /home/w6228/tram_ws/install/tram_vehicle_msgs/include/tram_vehicle_msgs/tram_vehicle_msgs/msg/detail/driver_controller_command__type_support.hpp
[0.304s] -- Up-to-date: /home/w6228/tram_ws/install/tram_vehicle_msgs/include/tram_vehicle_msgs/tram_vehicle_msgs/msg/detail/velocity_sensor__struct.hpp
[0.305s] -- Up-to-date: /home/w6228/tram_ws/install/tram_vehicle_msgs/include/tram_vehicle_msgs/tram_vehicle_msgs/msg/detail/driver_controller_command__traits.hpp
[0.305s] -- Up-to-date: /home/w6228/tram_ws/install/tram_vehicle_msgs/include/tram_vehicle_msgs/tram_vehicle_msgs/msg/detail/velocity_sensor__type_support.hpp
[0.305s] -- Up-to-date: /home/w6228/tram_ws/install/tram_vehicle_msgs/include/tram_vehicle_msgs/tram_vehicle_msgs
[0.305s] -- Up-to-date: /home/w6228/tram_ws/install/tram_vehicle_msgs/include/tram_vehicle_msgs/tram_vehicle_msgs/msg
[0.305s] -- Up-to-date: /home/w6228/tram_ws/install/tram_vehicle_msgs/include/tram_vehicle_msgs/tram_vehicle_msgs/msg/rosidl_typesupport_fastrtps_cpp__visibility_control.h
[0.305s] -- Up-to-date: /home/w6228/tram_ws/install/tram_vehicle_msgs/include/tram_vehicle_msgs/tram_vehicle_msgs/msg/detail
[0.305s] -- Up-to-date: /home/w6228/tram_ws/install/tram_vehicle_msgs/include/tram_vehicle_msgs/tram_vehicle_msgs/msg/detail/velocity_sensor__rosidl_typesupport_fastrtps_cpp.hpp
[0.305s] -- Up-to-date: /home/w6228/tram_ws/install/tram_vehicle_msgs/include/tram_vehicle_msgs/tram_vehicle_msgs/msg/detail/driver_controller_command__rosidl_typesupport_fastrtps_cpp.hpp
[0.305s] -- Up-to-date: /home/w6228/tram_ws/install/tram_vehicle_msgs/include/tram_vehicle_msgs/tram_vehicle_msgs/msg/detail/dds_fastrtps
[0.305s] -- Up-to-date: /home/w6228/tram_ws/install/tram_vehicle_msgs/lib/libtram_vehicle_msgs__rosidl_typesupport_fastrtps_cpp.so
[0.305s] -- Up-to-date: /home/w6228/tram_ws/install/tram_vehicle_msgs/include/tram_vehicle_msgs/tram_vehicle_msgs
[0.306s] -- Up-to-date: /home/w6228/tram_ws/install/tram_vehicle_msgs/include/tram_vehicle_msgs/tram_vehicle_msgs/msg
[0.306s] -- Up-to-date: /home/w6228/tram_ws/install/tram_vehicle_msgs/include/tram_vehicle_msgs/tram_vehicle_msgs/msg/rosidl_typesupport_introspection_c__visibility_control.h
[0.306s] -- Up-to-date: /home/w6228/tram_ws/install/tram_vehicle_msgs/include/tram_vehicle_msgs/tram_vehicle_msgs/msg/detail
[0.306s] -- Up-to-date: /home/w6228/tram_ws/install/tram_vehicle_msgs/include/tram_vehicle_msgs/tram_vehicle_msgs/msg/detail/driver_controller_command__rosidl_typesupport_introspection_c.h
[0.306s] -- Up-to-date: /home/w6228/tram_ws/install/tram_vehicle_msgs/include/tram_vehicle_msgs/tram_vehicle_msgs/msg/detail/velocity_sensor__type_support.c
[0.306s] -- Up-to-date: /home/w6228/tram_ws/install/tram_vehicle_msgs/include/tram_vehicle_msgs/tram_vehicle_msgs/msg/detail/driver_controller_command__type_support.c
[0.306s] -- Up-to-date: /home/w6228/tram_ws/install/tram_vehicle_msgs/include/tram_vehicle_msgs/tram_vehicle_msgs/msg/detail/velocity_sensor__rosidl_typesupport_introspection_c.h
[0.306s] -- Up-to-date: /home/w6228/tram_ws/install/tram_vehicle_msgs/lib/libtram_vehicle_msgs__rosidl_typesupport_introspection_c.so
[0.307s] -- Up-to-date: /home/w6228/tram_ws/install/tram_vehicle_msgs/lib/libtram_vehicle_msgs__rosidl_typesupport_c.so
[0.307s] -- Up-to-date: /home/w6228/tram_ws/install/tram_vehicle_msgs/include/tram_vehicle_msgs/tram_vehicle_msgs
[0.307s] -- Up-to-date: /home/w6228/tram_ws/install/tram_vehicle_msgs/include/tram_vehicle_msgs/tram_vehicle_msgs/msg
[0.307s] -- Up-to-date: /home/w6228/tram_ws/install/tram_vehicle_msgs/include/tram_vehicle_msgs/tram_vehicle_msgs/msg/detail
[0.308s] -- Up-to-date: /home/w6228/tram_ws/install/tram_vehicle_msgs/include/tram_vehicle_msgs/tram_vehicle_msgs/msg/detail/driver_controller_command__type_support.cpp
[0.308s] -- Up-to-date: /home/w6228/tram_ws/install/tram_vehicle_msgs/include/tram_vehicle_msgs/tram_vehicle_msgs/msg/detail/driver_controller_command__rosidl_typesupport_introspection_cpp.hpp
[0.308s] -- Up-to-date: /home/w6228/tram_ws/install/tram_vehicle_msgs/include/tram_vehicle_msgs/tram_vehicle_msgs/msg/detail/velocity_sensor__rosidl_typesupport_introspection_cpp.hpp
[0.308s] -- Up-to-date: /home/w6228/tram_ws/install/tram_vehicle_msgs/include/tram_vehicle_msgs/tram_vehicle_msgs/msg/detail/velocity_sensor__type_support.cpp
[0.308s] -- Up-to-date: /home/w6228/tram_ws/install/tram_vehicle_msgs/lib/libtram_vehicle_msgs__rosidl_typesupport_introspection_cpp.so
[0.309s] -- Up-to-date: /home/w6228/tram_ws/install/tram_vehicle_msgs/lib/libtram_vehicle_msgs__rosidl_typesupport_cpp.so
[0.309s] -- Up-to-date: /home/w6228/tram_ws/install/tram_vehicle_msgs/share/tram_vehicle_msgs/environment/pythonpath.sh
[0.309s] -- Up-to-date: /home/w6228/tram_ws/install/tram_vehicle_msgs/share/tram_vehicle_msgs/environment/pythonpath.dsv
[0.309s] -- Up-to-date: /home/w6228/tram_ws/install/tram_vehicle_msgs/local/lib/python3.10/dist-packages/tram_vehicle_msgs-0.0.0-py3.10.egg-info
[0.309s] -- Installing: /home/w6228/tram_ws/install/tram_vehicle_msgs/local/lib/python3.10/dist-packages/tram_vehicle_msgs-0.0.0-py3.10.egg-info/PKG-INFO
[0.309s] -- Installing: /home/w6228/tram_ws/install/tram_vehicle_msgs/local/lib/python3.10/dist-packages/tram_vehicle_msgs-0.0.0-py3.10.egg-info/SOURCES.txt
[0.309s] -- Installing: /home/w6228/tram_ws/install/tram_vehicle_msgs/local/lib/python3.10/dist-packages/tram_vehicle_msgs-0.0.0-py3.10.egg-info/top_level.txt
[0.309s] -- Installing: /home/w6228/tram_ws/install/tram_vehicle_msgs/local/lib/python3.10/dist-packages/tram_vehicle_msgs-0.0.0-py3.10.egg-info/dependency_links.txt
[0.309s] -- Up-to-date: /home/w6228/tram_ws/install/tram_vehicle_msgs/local/lib/python3.10/dist-packages/tram_vehicle_msgs
[0.309s] -- Up-to-date: /home/w6228/tram_ws/install/tram_vehicle_msgs/local/lib/python3.10/dist-packages/tram_vehicle_msgs/tram_vehicle_msgs_s__rosidl_typesupport_fastrtps_c.cpython-310-x86_64-linux-gnu.so
[0.310s] -- Up-to-date: /home/w6228/tram_ws/install/tram_vehicle_msgs/local/lib/python3.10/dist-packages/tram_vehicle_msgs/msg
[0.310s] -- Up-to-date: /home/w6228/tram_ws/install/tram_vehicle_msgs/local/lib/python3.10/dist-packages/tram_vehicle_msgs/msg/_driver_controller_command.py
[0.310s] -- Up-to-date: /home/w6228/tram_ws/install/tram_vehicle_msgs/local/lib/python3.10/dist-packages/tram_vehicle_msgs/msg/_driver_controller_command_s.c
[0.310s] -- Up-to-date: /home/w6228/tram_ws/install/tram_vehicle_msgs/local/lib/python3.10/dist-packages/tram_vehicle_msgs/msg/_velocity_sensor.py
[0.310s] -- Up-to-date: /home/w6228/tram_ws/install/tram_vehicle_msgs/local/lib/python3.10/dist-packages/tram_vehicle_msgs/msg/__init__.py
[0.310s] -- Up-to-date: /home/w6228/tram_ws/install/tram_vehicle_msgs/local/lib/python3.10/dist-packages/tram_vehicle_msgs/msg/_velocity_sensor_s.c
[0.310s] -- Up-to-date: /home/w6228/tram_ws/install/tram_vehicle_msgs/local/lib/python3.10/dist-packages/tram_vehicle_msgs/tram_vehicle_msgs_s__rosidl_typesupport_introspection_c.cpython-310-x86_64-linux-gnu.so
[0.310s] -- Up-to-date: /home/w6228/tram_ws/install/tram_vehicle_msgs/local/lib/python3.10/dist-packages/tram_vehicle_msgs/tram_vehicle_msgs_s__rosidl_typesupport_c.cpython-310-x86_64-linux-gnu.so
[0.310s] -- Up-to-date: /home/w6228/tram_ws/install/tram_vehicle_msgs/local/lib/python3.10/dist-packages/tram_vehicle_msgs/libtram_vehicle_msgs__rosidl_generator_py.so
[0.310s] -- Up-to-date: /home/w6228/tram_ws/install/tram_vehicle_msgs/local/lib/python3.10/dist-packages/tram_vehicle_msgs/_tram_vehicle_msgs_s.ep.rosidl_typesupport_c.c
[0.310s] -- Up-to-date: /home/w6228/tram_ws/install/tram_vehicle_msgs/local/lib/python3.10/dist-packages/tram_vehicle_msgs/_tram_vehicle_msgs_s.ep.rosidl_typesupport_fastrtps_c.c
[0.310s] -- Up-to-date: /home/w6228/tram_ws/install/tram_vehicle_msgs/local/lib/python3.10/dist-packages/tram_vehicle_msgs/_tram_vehicle_msgs_s.ep.rosidl_typesupport_introspection_c.c
[0.310s] -- Up-to-date: /home/w6228/tram_ws/install/tram_vehicle_msgs/local/lib/python3.10/dist-packages/tram_vehicle_msgs/__init__.py
[0.330s] Listing '/home/w6228/tram_ws/install/tram_vehicle_msgs/local/lib/python3.10/dist-packages/tram_vehicle_msgs'...
[0.330s] Listing '/home/w6228/tram_ws/install/tram_vehicle_msgs/local/lib/python3.10/dist-packages/tram_vehicle_msgs/msg'...
[0.334s] -- Up-to-date: /home/w6228/tram_ws/install/tram_vehicle_msgs/local/lib/python3.10/dist-packages/tram_vehicle_msgs/tram_vehicle_msgs_s__rosidl_typesupport_fastrtps_c.cpython-310-x86_64-linux-gnu.so
[0.334s] -- Up-to-date: /home/w6228/tram_ws/install/tram_vehicle_msgs/local/lib/python3.10/dist-packages/tram_vehicle_msgs/tram_vehicle_msgs_s__rosidl_typesupport_introspection_c.cpython-310-x86_64-linux-gnu.so
[0.335s] -- Up-to-date: /home/w6228/tram_ws/install/tram_vehicle_msgs/local/lib/python3.10/dist-packages/tram_vehicle_msgs/tram_vehicle_msgs_s__rosidl_typesupport_c.cpython-310-x86_64-linux-gnu.so
[0.335s] -- Up-to-date: /home/w6228/tram_ws/install/tram_vehicle_msgs/lib/libtram_vehicle_msgs__rosidl_generator_py.so
[0.335s] -- Up-to-date: /home/w6228/tram_ws/install/tram_vehicle_msgs/share/tram_vehicle_msgs/rust
[0.336s] -- Up-to-date: /home/w6228/tram_ws/install/tram_vehicle_msgs/share/tram_vehicle_msgs/rust/src
[0.336s] -- Up-to-date: /home/w6228/tram_ws/install/tram_vehicle_msgs/share/tram_vehicle_msgs/rust/src/lib.rs
[0.336s] -- Up-to-date: /home/w6228/tram_ws/install/tram_vehicle_msgs/share/tram_vehicle_msgs/rust/src/msg
[0.336s] -- Up-to-date: /home/w6228/tram_ws/install/tram_vehicle_msgs/share/tram_vehicle_msgs/rust/src/msg/rmw.rs
[0.336s] -- Up-to-date: /home/w6228/tram_ws/install/tram_vehicle_msgs/share/tram_vehicle_msgs/rust/src/msg.rs
[0.336s] -- Up-to-date: /home/w6228/tram_ws/install/tram_vehicle_msgs/share/tram_vehicle_msgs/rust/build.rs
[0.336s] -- Up-to-date: /home/w6228/tram_ws/install/tram_vehicle_msgs/share/tram_vehicle_msgs/rust/Cargo.toml
[0.336s] -- Up-to-date: /home/w6228/tram_ws/install/tram_vehicle_msgs/share/tram_vehicle_msgs/msg/VelocitySensor.idl
[0.336s] -- Up-to-date: /home/w6228/tram_ws/install/tram_vehicle_msgs/share/tram_vehicle_msgs/msg/DriverControllerCommand.idl
[0.336s] -- Up-to-date: /home/w6228/tram_ws/install/tram_vehicle_msgs/share/tram_vehicle_msgs/msg/VelocitySensor.msg
[0.336s] -- Up-to-date: /home/w6228/tram_ws/install/tram_vehicle_msgs/share/tram_vehicle_msgs/msg/DriverControllerCommand.msg
[0.336s] -- Up-to-date: /home/w6228/tram_ws/install/tram_vehicle_msgs/share/ament_index/resource_index/package_run_dependencies/tram_vehicle_msgs
[0.336s] -- Up-to-date: /home/w6228/tram_ws/install/tram_vehicle_msgs/share/ament_index/resource_index/parent_prefix_path/tram_vehicle_msgs
[0.337s] -- Up-to-date: /home/w6228/tram_ws/install/tram_vehicle_msgs/share/tram_vehicle_msgs/environment/ament_prefix_path.sh
[0.337s] -- Up-to-date: /home/w6228/tram_ws/install/tram_vehicle_msgs/share/tram_vehicle_msgs/environment/ament_prefix_path.dsv
[0.337s] -- Up-to-date: /home/w6228/tram_ws/install/tram_vehicle_msgs/share/tram_vehicle_msgs/environment/path.sh
[0.337s] -- Up-to-date: /home/w6228/tram_ws/install/tram_vehicle_msgs/share/tram_vehicle_msgs/environment/path.dsv
[0.337s] -- Up-to-date: /home/w6228/tram_ws/install/tram_vehicle_msgs/share/tram_vehicle_msgs/local_setup.bash
[0.337s] -- Up-to-date: /home/w6228/tram_ws/install/tram_vehicle_msgs/share/tram_vehicle_msgs/local_setup.sh
[0.337s] -- Up-to-date: /home/w6228/tram_ws/install/tram_vehicle_msgs/share/tram_vehicle_msgs/local_setup.zsh
[0.337s] -- Up-to-date: /home/w6228/tram_ws/install/tram_vehicle_msgs/share/tram_vehicle_msgs/local_setup.dsv
[0.337s] -- Installing: /home/w6228/tram_ws/install/tram_vehicle_msgs/share/tram_vehicle_msgs/package.dsv
[0.337s] -- Up-to-date: /home/w6228/tram_ws/install/tram_vehicle_msgs/share/ament_index/resource_index/packages/tram_vehicle_msgs
[0.338s] -- Up-to-date: /home/w6228/tram_ws/install/tram_vehicle_msgs/share/tram_vehicle_msgs/cmake/export_tram_vehicle_msgs__rosidl_generator_cExport.cmake
[0.338s] -- Up-to-date: /home/w6228/tram_ws/install/tram_vehicle_msgs/share/tram_vehicle_msgs/cmake/export_tram_vehicle_msgs__rosidl_generator_cExport-noconfig.cmake
[0.339s] -- Up-to-date: /home/w6228/tram_ws/install/tram_vehicle_msgs/share/tram_vehicle_msgs/cmake/export_tram_vehicle_msgs__rosidl_typesupport_fastrtps_cExport.cmake
[0.339s] -- Up-to-date: /home/w6228/tram_ws/install/tram_vehicle_msgs/share/tram_vehicle_msgs/cmake/export_tram_vehicle_msgs__rosidl_typesupport_fastrtps_cExport-noconfig.cmake
[0.340s] -- Up-to-date: /home/w6228/tram_ws/install/tram_vehicle_msgs/share/tram_vehicle_msgs/cmake/export_tram_vehicle_msgs__rosidl_generator_cppExport.cmake
[0.340s] -- Up-to-date: /home/w6228/tram_ws/install/tram_vehicle_msgs/share/tram_vehicle_msgs/cmake/export_tram_vehicle_msgs__rosidl_typesupport_fastrtps_cppExport.cmake
[0.340s] -- Up-to-date: /home/w6228/tram_ws/install/tram_vehicle_msgs/share/tram_vehicle_msgs/cmake/export_tram_vehicle_msgs__rosidl_typesupport_fastrtps_cppExport-noconfig.cmake
[0.341s] -- Up-to-date: /home/w6228/tram_ws/install/tram_vehicle_msgs/share/tram_vehicle_msgs/cmake/tram_vehicle_msgs__rosidl_typesupport_introspection_cExport.cmake
[0.341s] -- Up-to-date: /home/w6228/tram_ws/install/tram_vehicle_msgs/share/tram_vehicle_msgs/cmake/tram_vehicle_msgs__rosidl_typesupport_introspection_cExport-noconfig.cmake
[0.342s] -- Up-to-date: /home/w6228/tram_ws/install/tram_vehicle_msgs/share/tram_vehicle_msgs/cmake/tram_vehicle_msgs__rosidl_typesupport_cExport.cmake
[0.342s] -- Up-to-date: /home/w6228/tram_ws/install/tram_vehicle_msgs/share/tram_vehicle_msgs/cmake/tram_vehicle_msgs__rosidl_typesupport_cExport-noconfig.cmake
[0.343s] -- Up-to-date: /home/w6228/tram_ws/install/tram_vehicle_msgs/share/tram_vehicle_msgs/cmake/tram_vehicle_msgs__rosidl_typesupport_introspection_cppExport.cmake
[0.343s] -- Up-to-date: /home/w6228/tram_ws/install/tram_vehicle_msgs/share/tram_vehicle_msgs/cmake/tram_vehicle_msgs__rosidl_typesupport_introspection_cppExport-noconfig.cmake
[0.344s] -- Up-to-date: /home/w6228/tram_ws/install/tram_vehicle_msgs/share/tram_vehicle_msgs/cmake/tram_vehicle_msgs__rosidl_typesupport_cppExport.cmake
[0.344s] -- Up-to-date: /home/w6228/tram_ws/install/tram_vehicle_msgs/share/tram_vehicle_msgs/cmake/tram_vehicle_msgs__rosidl_typesupport_cppExport-noconfig.cmake
[0.345s] -- Up-to-date: /home/w6228/tram_ws/install/tram_vehicle_msgs/share/tram_vehicle_msgs/cmake/export_tram_vehicle_msgs__rosidl_generator_pyExport.cmake
[0.345s] -- Up-to-date: /home/w6228/tram_ws/install/tram_vehicle_msgs/share/tram_vehicle_msgs/cmake/export_tram_vehicle_msgs__rosidl_generator_pyExport-noconfig.cmake
[0.345s] -- Up-to-date: /home/w6228/tram_ws/install/tram_vehicle_msgs/share/tram_vehicle_msgs/cmake/rosidl_cmake-extras.cmake
[0.346s] -- Up-to-date: /home/w6228/tram_ws/install/tram_vehicle_msgs/share/tram_vehicle_msgs/cmake/ament_cmake_export_dependencies-extras.cmake
[0.346s] -- Up-to-date: /home/w6228/tram_ws/install/tram_vehicle_msgs/share/tram_vehicle_msgs/cmake/ament_cmake_export_include_directories-extras.cmake
[0.346s] -- Up-to-date: /home/w6228/tram_ws/install/tram_vehicle_msgs/share/tram_vehicle_msgs/cmake/ament_cmake_export_libraries-extras.cmake
[0.346s] -- Up-to-date: /home/w6228/tram_ws/install/tram_vehicle_msgs/share/tram_vehicle_msgs/cmake/ament_cmake_export_targets-extras.cmake
[0.346s] -- Up-to-date: /home/w6228/tram_ws/install/tram_vehicle_msgs/share/tram_vehicle_msgs/cmake/rosidl_cmake_export_typesupport_targets-extras.cmake
[0.346s] -- Up-to-date: /home/w6228/tram_ws/install/tram_vehicle_msgs/share/tram_vehicle_msgs/cmake/rosidl_cmake_export_typesupport_libraries-extras.cmake
[0.346s] -- Up-to-date: /home/w6228/tram_ws/install/tram_vehicle_msgs/share/tram_vehicle_msgs/cmake/rosidl_cmake_aggregate_target-extras.cmake
[0.346s] -- Up-to-date: /home/w6228/tram_ws/install/tram_vehicle_msgs/share/tram_vehicle_msgs/cmake/tram_vehicle_msgsConfig.cmake
[0.346s] -- Up-to-date: /home/w6228/tram_ws/install/tram_vehicle_msgs/share/tram_vehicle_msgs/cmake/tram_vehicle_msgsConfig-version.cmake
[0.346s] -- Up-to-date: /home/w6228/tram_ws/install/tram_vehicle_msgs/share/tram_vehicle_msgs/package.xml
[0.348s] Invoked command in '/home/w6228/tram_ws/build/tram_vehicle_msgs' returned '0': CMAKE_PREFIX_PATH=/opt/ros/humble /usr/bin/cmake --install /home/w6228/tram_ws/build/tram_vehicle_msgs
