[0.458s] Invoking command in '/home/w6228/tram_ws/src/tram_reserve_odometry': AMENT_PREFIX_PATH=/home/w6228/tram_ws/install/tram_vehicle_msgs:${AMENT_PREFIX_PATH} CMAKE_PREFIX_PATH=/home/w6228/tram_ws/install/tram_vehicle_msgs:${CMAKE_PREFIX_PATH} LD_LIBRARY_PATH=/home/w6228/tram_ws/install/tram_vehicle_msgs/lib:${LD_LIBRARY_PATH} PYTHONPATH=/home/w6228/tram_ws/build/tram_reserve_odometry/prefix_override:/usr/lib/python3/dist-packages/colcon_core/task/python/colcon_distutils_commands:/home/w6228/tram_ws/install/tram_reserve_odometry/lib/python3.10/site-packages:/home/w6228/tram_ws/install/tram_vehicle_msgs/local/lib/python3.10/dist-packages:${PYTHONPATH} /usr/bin/python3 -W ignore:setup.py install is deprecated -W ignore:easy_install command is deprecated setup.py egg_info --egg-base ../../build/tram_reserve_odometry build --build-base /home/w6228/tram_ws/build/tram_reserve_odometry/build install --record /home/w6228/tram_ws/build/tram_reserve_odometry/install.log --install-scripts $base/lib/tram_reserve_odometry --single-version-externally-managed install_data
[0.557s] running egg_info
[0.557s] writing ../../build/tram_reserve_odometry/tram_reserve_odometry.egg-info/PKG-INFO
[0.557s] writing dependency_links to ../../build/tram_reserve_odometry/tram_reserve_odometry.egg-info/dependency_links.txt
[0.557s] writing entry points to ../../build/tram_reserve_odometry/tram_reserve_odometry.egg-info/entry_points.txt
[0.557s] writing requirements to ../../build/tram_reserve_odometry/tram_reserve_odometry.egg-info/requires.txt
[0.557s] writing top-level names to ../../build/tram_reserve_odometry/tram_reserve_odometry.egg-info/top_level.txt
[0.558s] reading manifest file '../../build/tram_reserve_odometry/tram_reserve_odometry.egg-info/SOURCES.txt'
[0.559s] writing manifest file '../../build/tram_reserve_odometry/tram_reserve_odometry.egg-info/SOURCES.txt'
[0.559s] running build
[0.559s] running build_py
[0.559s] copying tram_reserve_odometry/reserve_odometry_node.py -> /home/w6228/tram_ws/build/tram_reserve_odometry/build/lib/tram_reserve_odometry
[0.560s] running install
[0.560s] running install_lib
[0.560s] copying /home/w6228/tram_ws/build/tram_reserve_odometry/build/lib/tram_reserve_odometry/reserve_odometry_node.py -> /home/w6228/tram_ws/install/tram_reserve_odometry/lib/python3.10/site-packages/tram_reserve_odometry
[0.561s] byte-compiling /home/w6228/tram_ws/install/tram_reserve_odometry/lib/python3.10/site-packages/tram_reserve_odometry/reserve_odometry_node.py to reserve_odometry_node.cpython-310.pyc
[0.562s] running install_data
[0.562s] copying config/params.yaml -> /home/w6228/tram_ws/install/tram_reserve_odometry/share/tram_reserve_odometry/config
[0.562s] running install_egg_info
[0.563s] removing '/home/w6228/tram_ws/install/tram_reserve_odometry/lib/python3.10/site-packages/tram_reserve_odometry-0.0.0-py3.10.egg-info' (and everything under it)
[0.563s] Copying ../../build/tram_reserve_odometry/tram_reserve_odometry.egg-info to /home/w6228/tram_ws/install/tram_reserve_odometry/lib/python3.10/site-packages/tram_reserve_odometry-0.0.0-py3.10.egg-info
[0.564s] running install_scripts
[0.575s] Installing reserve_odometry_node script to /home/w6228/tram_ws/install/tram_reserve_odometry/lib/tram_reserve_odometry
[0.575s] writing list of installed files to '/home/w6228/tram_ws/build/tram_reserve_odometry/install.log'
[0.587s] Invoked command in '/home/w6228/tram_ws/src/tram_reserve_odometry' returned '0': AMENT_PREFIX_PATH=/home/w6228/tram_ws/install/tram_vehicle_msgs:${AMENT_PREFIX_PATH} CMAKE_PREFIX_PATH=/home/w6228/tram_ws/install/tram_vehicle_msgs:${CMAKE_PREFIX_PATH} LD_LIBRARY_PATH=/home/w6228/tram_ws/install/tram_vehicle_msgs/lib:${LD_LIBRARY_PATH} PYTHONPATH=/home/w6228/tram_ws/build/tram_reserve_odometry/prefix_override:/usr/lib/python3/dist-packages/colcon_core/task/python/colcon_distutils_commands:/home/w6228/tram_ws/install/tram_reserve_odometry/lib/python3.10/site-packages:/home/w6228/tram_ws/install/tram_vehicle_msgs/local/lib/python3.10/dist-packages:${PYTHONPATH} /usr/bin/python3 -W ignore:setup.py install is deprecated -W ignore:easy_install command is deprecated setup.py egg_info --egg-base ../../build/tram_reserve_odometry build --build-base /home/w6228/tram_ws/build/tram_reserve_odometry/build install --record /home/w6228/tram_ws/build/tram_reserve_odometry/install.log --install-scripts $base/lib/tram_reserve_odometry --single-version-externally-managed install_data
