[0.621s] Invoking command in '/home/w6228/tram_ws/src/tram_reserve_odometry': AMENT_PREFIX_PATH=/home/w6228/tram_ws/install/tram_vehicle_msgs:${AMENT_PREFIX_PATH} CMAKE_PREFIX_PATH=/home/w6228/tram_ws/install/tram_vehicle_msgs LD_LIBRARY_PATH=/home/w6228/tram_ws/install/tram_vehicle_msgs/lib:${LD_LIBRARY_PATH} PYTHONPATH=/home/w6228/tram_ws/build/tram_reserve_odometry/prefix_override:/usr/lib/python3/dist-packages/colcon_core/task/python/colcon_distutils_commands:/home/w6228/tram_ws/install/tram_reserve_odometry/lib/python3.10/site-packages:/home/w6228/tram_ws/install/tram_vehicle_msgs/local/lib/python3.10/dist-packages:${PYTHONPATH} /usr/bin/python3 -W ignore:setup.py install is deprecated -W ignore:easy_install command is deprecated setup.py egg_info --egg-base ../../build/tram_reserve_odometry build --build-base /home/w6228/tram_ws/build/tram_reserve_odometry/build install --record /home/w6228/tram_ws/build/tram_reserve_odometry/install.log --install-scripts $base/lib/tram_reserve_odometry --single-version-externally-managed install_data
[0.724s] running egg_info
[0.724s] writing ../../build/tram_reserve_odometry/tram_reserve_odometry.egg-info/PKG-INFO
[0.724s] writing dependency_links to ../../build/tram_reserve_odometry/tram_reserve_odometry.egg-info/dependency_links.txt
[0.724s] writing entry points to ../../build/tram_reserve_odometry/tram_reserve_odometry.egg-info/entry_points.txt
[0.724s] writing requirements to ../../build/tram_reserve_odometry/tram_reserve_odometry.egg-info/requires.txt
[0.724s] writing top-level names to ../../build/tram_reserve_odometry/tram_reserve_odometry.egg-info/top_level.txt
[0.725s] reading manifest file '../../build/tram_reserve_odometry/tram_reserve_odometry.egg-info/SOURCES.txt'
[0.726s] writing manifest file '../../build/tram_reserve_odometry/tram_reserve_odometry.egg-info/SOURCES.txt'
[0.726s] running build
[0.726s] running build_py
[0.726s] running install
[0.727s] running install_lib
[0.727s] running install_data
[0.727s] creating /home/w6228/tram_ws/install/tram_reserve_odometry/share/tram_reserve_odometry/launch
[0.728s] creating /home/w6228/tram_ws/install/tram_reserve_odometry/share/tram_reserve_odometry/config
[0.728s] running install_egg_info
[0.729s] removing '/home/w6228/tram_ws/install/tram_reserve_odometry/lib/python3.10/site-packages/tram_reserve_odometry-0.0.0-py3.10.egg-info' (and everything under it)
[0.729s] Copying ../../build/tram_reserve_odometry/tram_reserve_odometry.egg-info to /home/w6228/tram_ws/install/tram_reserve_odometry/lib/python3.10/site-packages/tram_reserve_odometry-0.0.0-py3.10.egg-info
[0.730s] running install_scripts
[0.742s] Installing reserve_odometry_node script to /home/w6228/tram_ws/install/tram_reserve_odometry/lib/tram_reserve_odometry
[0.742s] writing list of installed files to '/home/w6228/tram_ws/build/tram_reserve_odometry/install.log'
[0.757s] Invoked command in '/home/w6228/tram_ws/src/tram_reserve_odometry' returned '0': AMENT_PREFIX_PATH=/home/w6228/tram_ws/install/tram_vehicle_msgs:${AMENT_PREFIX_PATH} CMAKE_PREFIX_PATH=/home/w6228/tram_ws/install/tram_vehicle_msgs LD_LIBRARY_PATH=/home/w6228/tram_ws/install/tram_vehicle_msgs/lib:${LD_LIBRARY_PATH} PYTHONPATH=/home/w6228/tram_ws/build/tram_reserve_odometry/prefix_override:/usr/lib/python3/dist-packages/colcon_core/task/python/colcon_distutils_commands:/home/w6228/tram_ws/install/tram_reserve_odometry/lib/python3.10/site-packages:/home/w6228/tram_ws/install/tram_vehicle_msgs/local/lib/python3.10/dist-packages:${PYTHONPATH} /usr/bin/python3 -W ignore:setup.py install is deprecated -W ignore:easy_install command is deprecated setup.py egg_info --egg-base ../../build/tram_reserve_odometry build --build-base /home/w6228/tram_ws/build/tram_reserve_odometry/build install --record /home/w6228/tram_ws/build/tram_reserve_odometry/install.log --install-scripts $base/lib/tram_reserve_odometry --single-version-externally-managed install_data
