[0.009s] Invoking command in '/home/w6228/tram_ws/build/tram_vehicle_msgs': CMAKE_PREFIX_PATH=${CMAKE_PREFIX_PATH}:/home/w6228/tram_ws/install/tram_reserve_odometry:/opt/ros/humble /usr/bin/cmake --build /home/w6228/tram_ws/build/tram_vehicle_msgs -- -j14 -l14
[0.042s] [ 10%] Built target tram_vehicle_msgs__rs
[0.042s] [ 12%] Built target tram_vehicle_msgs__rosidl_generator_c
[0.043s] [ 15%] Built target tram_vehicle_msgs__cpp
[0.050s] [ 15%] Built target ament_cmake_python_copy_tram_vehicle_msgs
[0.054s] [ 25%] Built target tram_vehicle_msgs__rosidl_typesupport_c
[0.054s] [ 35%] Built target tram_vehicle_msgs__rosidl_typesupport_introspection_c
[0.055s] [ 45%] Built target tram_vehicle_msgs__rosidl_typesupport_introspection_cpp
[0.055s] [ 55%] Built target tram_vehicle_msgs__rosidl_typesupport_cpp
[0.056s] [ 72%] Built target tram_vehicle_msgs__rosidl_typesupport_fastrtps_cpp
[0.056s] [ 75%] Built target tram_vehicle_msgs__rosidl_typesupport_fastrtps_c
[0.067s] [ 75%] Built target tram_vehicle_msgs
[0.080s] [ 77%] Built target tram_vehicle_msgs__py
[0.093s] [ 85%] Built target tram_vehicle_msgs__rosidl_generator_py
[0.105s] [100%] Built target tram_vehicle_msgs__rosidl_typesupport_fastrtps_c__pyext
[0.105s] [100%] Built target tram_vehicle_msgs__rosidl_typesupport_introspection_c__pyext
[0.105s] [100%] Built target tram_vehicle_msgs__rosidl_typesupport_c__pyext
[0.154s] running egg_info
[0.154s] writing tram_vehicle_msgs.egg-info/PKG-INFO
[0.154s] writing dependency_links to tram_vehicle_msgs.egg-info/dependency_links.txt
[0.154s] writing top-level names to tram_vehicle_msgs.egg-info/top_level.txt
[0.155s] reading manifest file 'tram_vehicle_msgs.egg-info/SOURCES.txt'
[0.155s] writing manifest file 'tram_vehicle_msgs.egg-info/SOURCES.txt'
[0.169s] [100%] Built target ament_cmake_python_build_tram_vehicle_msgs_egg
[0.175s] Invoked command in '/home/w6228/tram_ws/build/tram_vehicle_msgs' returned '0': CMAKE_PREFIX_PATH=${CMAKE_PREFIX_PATH}:/home/w6228/tram_ws/install/tram_reserve_odometry:/opt/ros/humble /usr/bin/cmake --build /home/w6228/tram_ws/build/tram_vehicle_msgs -- -j14 -l14
[0.181s] Invoking command in '/home/w6228/tram_ws/build/tram_vehicle_msgs': CMAKE_PREFIX_PATH=${CMAKE_PREFIX_PATH}:/home/w6228/tram_ws/install/tram_reserve_odometry:/opt/ros/humble /usr/bin/cmake --install /home/w6228/tram_ws/build/tram_vehicle_msgs
[0.185s] -- Install configuration: ""
[0.185s] -- Up-to-date: /home/w6228/tram_ws/install/tram_vehicle_msgs/share/ament_index/resource_index/rosidl_interfaces/tram_vehicle_msgs
[0.185s] -- Up-to-date: /home/w6228/tram_ws/install/tram_vehicle_msgs/include/tram_vehicle_msgs/tram_vehicle_msgs
[0.186s] -- Up-to-date: /home/w6228/tram_ws/install/tram_vehicle_msgs/include/tram_vehicle_msgs/tram_vehicle_msgs/msg
[0.186s] -- Up-to-date: /home/w6228/tram_ws/install/tram_vehicle_msgs/include/tram_vehicle_msgs/tram_vehicle_msgs/msg/rosidl_generator_c__visibility_control.h
[0.186s] -- Up-to-date: /home/w6228/tram_ws/install/tram_vehicle_msgs/include/tram_vehicle_msgs/tram_vehicle_msgs/msg/driver_controller_command.h
[0.186s] -- Up-to-date: /home/w6228/tram_ws/install/tram_vehicle_msgs/include/tram_vehicle_msgs/tram_vehicle_msgs/msg/velocity_sensor.h
[0.186s] -- Up-to-date: /home/w6228/tram_ws/install/tram_vehicle_msgs/include/tram_vehicle_msgs/tram_vehicle_msgs/msg/detail
[0.186s] -- Up-to-date: /home/w6228/tram_ws/install/tram_vehicle_msgs/include/tram_vehicle_msgs/tram_vehicle_msgs/msg/detail/driver_controller_command__struct.h
[0.186s] -- Up-to-date: /home/w6228/tram_ws/install/tram_vehicle_msgs/include/tram_vehicle_msgs/tram_vehicle_msgs/msg/detail/velocity_sensor__functions.h
[0.186s] -- Up-to-date: /home/w6228/tram_ws/install/tram_vehicle_msgs/include/tram_vehicle_msgs/tram_vehicle_msgs/msg/detail/driver_controller_command__type_support.h
[0.186s] -- Up-to-date: /home/w6228/tram_ws/install/tram_vehicle_msgs/include/tram_vehicle_msgs/tram_vehicle_msgs/msg/detail/velocity_sensor__functions.c
[0.186s] -- Up-to-date: /home/w6228/tram_ws/install/tram_vehicle_msgs/include/tram_vehicle_msgs/tram_vehicle_msgs/msg/detail/velocity_sensor__struct.h
[0.186s] -- Up-to-date: /home/w6228/tram_ws/install/tram_vehicle_msgs/include/tram_vehicle_msgs/tram_vehicle_msgs/msg/detail/velocity_sensor__type_support.h
[0.186s] -- Up-to-date: /home/w6228/tram_ws/install/tram_vehicle_msgs/include/tram_vehicle_msgs/tram_vehicle_msgs/msg/detail/driver_controller_command__functions.h
[0.186s] -- Up-to-date: /home/w6228/tram_ws/install/tram_vehicle_msgs/include/tram_vehicle_msgs/tram_vehicle_msgs/msg/detail/driver_controller_command__functions.c
[0.186s] -- Up-to-date: /home/w6228/tram_ws/install/tram_vehicle_msgs/share/tram_vehicle_msgs/environment/library_path.sh
[0.186s] -- Up-to-date: /home/w6228/tram_ws/install/tram_vehicle_msgs/share/tram_vehicle_msgs/environment/library_path.dsv
[0.186s] -- Up-to-date: /home/w6228/tram_ws/install/tram_vehicle_msgs/lib/libtram_vehicle_msgs__rosidl_generator_c.so
[0.186s] -- Up-to-date: /home/w6228/tram_ws/install/tram_vehicle_msgs/include/tram_vehicle_msgs/tram_vehicle_msgs
[0.186s] -- Up-to-date: /home/w6228/tram_ws/install/tram_vehicle_msgs/include/tram_vehicle_msgs/tram_vehicle_msgs/msg
[0.186s] -- Up-to-date: /home/w6228/tram_ws/install/tram_vehicle_msgs/include/tram_vehicle_msgs/tram_vehicle_msgs/msg/rosidl_typesupport_fastrtps_c__visibility_control.h
[0.187s] -- Up-to-date: /home/w6228/tram_ws/install/tram_vehicle_msgs/include/tram_vehicle_msgs/tram_vehicle_msgs/msg/detail
[0.187s] -- Up-to-date: /home/w6228/tram_ws/install/tram_vehicle_msgs/include/tram_vehicle_msgs/tram_vehicle_msgs/msg/detail/velocity_sensor__rosidl_typesupport_fastrtps_c.h
[0.187s] -- Up-to-date: /home/w6228/tram_ws/install/tram_vehicle_msgs/include/tram_vehicle_msgs/tram_vehicle_msgs/msg/detail/driver_controller_command__rosidl_typesupport_fastrtps_c.h
[0.187s] -- Up-to-date: /home/w6228/tram_ws/install/tram_vehicle_msgs/lib/libtram_vehicle_msgs__rosidl_typesupport_fastrtps_c.so
[0.187s] -- Up-to-date: /home/w6228/tram_ws/install/tram_vehicle_msgs/include/tram_vehicle_msgs/tram_vehicle_msgs
[0.187s] -- Up-to-date: /home/w6228/tram_ws/install/tram_vehicle_msgs/include/tram_vehicle_msgs/tram_vehicle_msgs/msg
[0.187s] -- Up-to-date: /home/w6228/tram_ws/install/tram_vehicle_msgs/include/tram_vehicle_msgs/tram_vehicle_msgs/msg/velocity_sensor.hpp
[0.187s] -- Up-to-date: /home/w6228/tram_ws/install/tram_vehicle_msgs/include/tram_vehicle_msgs/tram_vehicle_msgs/msg/driver_controller_command.hpp
[0.187s] -- Up-to-date: /home/w6228/tram_ws/install/tram_vehicle_msgs/include/tram_vehicle_msgs/tram_vehicle_msgs/msg/rosidl_generator_cpp__visibility_control.hpp
[0.187s] -- Up-to-date: /home/w6228/tram_ws/install/tram_vehicle_msgs/include/tram_vehicle_msgs/tram_vehicle_msgs/msg/detail
[0.187s] -- Up-to-date: /home/w6228/tram_ws/install/tram_vehicle_msgs/include/tram_vehicle_msgs/tram_vehicle_msgs/msg/detail/velocity_sensor__traits.hpp
[0.187s] -- Up-to-date: /home/w6228/tram_ws/install/tram_vehicle_msgs/include/tram_vehicle_msgs/tram_vehicle_msgs/msg/detail/driver_controller_command__builder.hpp
[0.187s] -- Up-to-date: /home/w6228/tram_ws/install/tram_vehicle_msgs/include/tram_vehicle_msgs/tram_vehicle_msgs/msg/detail/driver_controller_command__struct.hpp
[0.187s] -- Up-to-date: /home/w6228/tram_ws/install/tram_vehicle_msgs/include/tram_vehicle_msgs/tram_vehicle_msgs/msg/detail/velocity_sensor__builder.hpp
[0.187s] -- Up-to-date: /home/w6228/tram_ws/install/tram_vehicle_msgs/include/tram_vehicle_msgs/tram_vehicle_msgs/msg/detail/driver_controller_command__type_support.hpp
[0.187s] -- Up-to-date: /home/w6228/tram_ws/install/tram_vehicle_msgs/include/tram_vehicle_msgs/tram_vehicle_msgs/msg/detail/velocity_sensor__struct.hpp
[0.187s] -- Up-to-date: /home/w6228/tram_ws/install/tram_vehicle_msgs/include/tram_vehicle_msgs/tram_vehicle_msgs/msg/detail/driver_controller_command__traits.hpp
[0.187s] -- Up-to-date: /home/w6228/tram_ws/install/tram_vehicle_msgs/include/tram_vehicle_msgs/tram_vehicle_msgs/msg/detail/velocity_sensor__type_support.hpp
[0.187s] -- Up-to-date: /home/w6228/tram_ws/install/tram_vehicle_msgs/include/tram_vehicle_msgs/tram_vehicle_msgs
[0.188s] -- Up-to-date: /home/w6228/tram_ws/install/tram_vehicle_msgs/include/tram_vehicle_msgs/tram_vehicle_msgs/msg
[0.188s] -- Up-to-date: /home/w6228/tram_ws/install/tram_vehicle_msgs/include/tram_vehicle_msgs/tram_vehicle_msgs/msg/rosidl_typesupport_fastrtps_cpp__visibility_control.h
[0.188s] -- Up-to-date: /home/w6228/tram_ws/install/tram_vehicle_msgs/include/tram_vehicle_msgs/tram_vehicle_msgs/msg/detail
[0.188s] -- Up-to-date: /home/w6228/tram_ws/install/tram_vehicle_msgs/include/tram_vehicle_msgs/tram_vehicle_msgs/msg/detail/velocity_sensor__rosidl_typesupport_fastrtps_cpp.hpp
[0.188s] -- Up-to-date: /home/w6228/tram_ws/install/tram_vehicle_msgs/include/tram_vehicle_msgs/tram_vehicle_msgs/msg/detail/driver_controller_command__rosidl_typesupport_fastrtps_cpp.hpp
[0.188s] -- Up-to-date: /home/w6228/tram_ws/install/tram_vehicle_msgs/include/tram_vehicle_msgs/tram_vehicle_msgs/msg/detail/dds_fastrtps
[0.188s] -- Up-to-date: /home/w6228/tram_ws/install/tram_vehicle_msgs/lib/libtram_vehicle_msgs__rosidl_typesupport_fastrtps_cpp.so
[0.188s] -- Up-to-date: /home/w6228/tram_ws/install/tram_vehicle_msgs/include/tram_vehicle_msgs/tram_vehicle_msgs
[0.188s] -- Up-to-date: /home/w6228/tram_ws/install/tram_vehicle_msgs/include/tram_vehicle_msgs/tram_vehicle_msgs/msg
[0.188s] -- Up-to-date: /home/w6228/tram_ws/install/tram_vehicle_msgs/include/tram_vehicle_msgs/tram_vehicle_msgs/msg/rosidl_typesupport_introspection_c__visibility_control.h
[0.188s] -- Up-to-date: /home/w6228/tram_ws/install/tram_vehicle_msgs/include/tram_vehicle_msgs/tram_vehicle_msgs/msg/detail
[0.188s] -- Up-to-date: /home/w6228/tram_ws/install/tram_vehicle_msgs/include/tram_vehicle_msgs/tram_vehicle_msgs/msg/detail/driver_controller_command__rosidl_typesupport_introspection_c.h
[0.188s] -- Up-to-date: /home/w6228/tram_ws/install/tram_vehicle_msgs/include/tram_vehicle_msgs/tram_vehicle_msgs/msg/detail/velocity_sensor__type_support.c
[0.188s] -- Up-to-date: /home/w6228/tram_ws/install/tram_vehicle_msgs/include/tram_vehicle_msgs/tram_vehicle_msgs/msg/detail/driver_controller_command__type_support.c
[0.188s] -- Up-to-date: /home/w6228/tram_ws/install/tram_vehicle_msgs/include/tram_vehicle_msgs/tram_vehicle_msgs/msg/detail/velocity_sensor__rosidl_typesupport_introspection_c.h
[0.188s] -- Up-to-date: /home/w6228/tram_ws/install/tram_vehicle_msgs/lib/libtram_vehicle_msgs__rosidl_typesupport_introspection_c.so
[0.188s] -- Up-to-date: /home/w6228/tram_ws/install/tram_vehicle_msgs/lib/libtram_vehicle_msgs__rosidl_typesupport_c.so
[0.188s] -- Up-to-date: /home/w6228/tram_ws/install/tram_vehicle_msgs/include/tram_vehicle_msgs/tram_vehicle_msgs
[0.188s] -- Up-to-date: /home/w6228/tram_ws/install/tram_vehicle_msgs/include/tram_vehicle_msgs/tram_vehicle_msgs/msg
[0.188s] -- Up-to-date: /home/w6228/tram_ws/install/tram_vehicle_msgs/include/tram_vehicle_msgs/tram_vehicle_msgs/msg/detail
[0.188s] -- Up-to-date: /home/w6228/tram_ws/install/tram_vehicle_msgs/include/tram_vehicle_msgs/tram_vehicle_msgs/msg/detail/driver_controller_command__type_support.cpp
[0.188s] -- Up-to-date: /home/w6228/tram_ws/install/tram_vehicle_msgs/include/tram_vehicle_msgs/tram_vehicle_msgs/msg/detail/driver_controller_command__rosidl_typesupport_introspection_cpp.hpp
[0.188s] -- Up-to-date: /home/w6228/tram_ws/install/tram_vehicle_msgs/include/tram_vehicle_msgs/tram_vehicle_msgs/msg/detail/velocity_sensor__rosidl_typesupport_introspection_cpp.hpp
[0.188s] -- Up-to-date: /home/w6228/tram_ws/install/tram_vehicle_msgs/include/tram_vehicle_msgs/tram_vehicle_msgs/msg/detail/velocity_sensor__type_support.cpp
[0.188s] -- Up-to-date: /home/w6228/tram_ws/install/tram_vehicle_msgs/lib/libtram_vehicle_msgs__rosidl_typesupport_introspection_cpp.so
[0.188s] -- Up-to-date: /home/w6228/tram_ws/install/tram_vehicle_msgs/lib/libtram_vehicle_msgs__rosidl_typesupport_cpp.so
[0.188s] -- Up-to-date: /home/w6228/tram_ws/install/tram_vehicle_msgs/share/tram_vehicle_msgs/environment/pythonpath.sh
[0.188s] -- Up-to-date: /home/w6228/tram_ws/install/tram_vehicle_msgs/share/tram_vehicle_msgs/environment/pythonpath.dsv
[0.188s] -- Up-to-date: /home/w6228/tram_ws/install/tram_vehicle_msgs/local/lib/python3.10/dist-packages/tram_vehicle_msgs-0.0.0-py3.10.egg-info
[0.189s] -- Installing: /home/w6228/tram_ws/install/tram_vehicle_msgs/local/lib/python3.10/dist-packages/tram_vehicle_msgs-0.0.0-py3.10.egg-info/PKG-INFO
[0.189s] -- Installing: /home/w6228/tram_ws/install/tram_vehicle_msgs/local/lib/python3.10/dist-packages/tram_vehicle_msgs-0.0.0-py3.10.egg-info/SOURCES.txt
[0.189s] -- Installing: /home/w6228/tram_ws/install/tram_vehicle_msgs/local/lib/python3.10/dist-packages/tram_vehicle_msgs-0.0.0-py3.10.egg-info/top_level.txt
[0.189s] -- Installing: /home/w6228/tram_ws/install/tram_vehicle_msgs/local/lib/python3.10/dist-packages/tram_vehicle_msgs-0.0.0-py3.10.egg-info/dependency_links.txt
[0.189s] -- Up-to-date: /home/w6228/tram_ws/install/tram_vehicle_msgs/local/lib/python3.10/dist-packages/tram_vehicle_msgs
[0.189s] -- Up-to-date: /home/w6228/tram_ws/install/tram_vehicle_msgs/local/lib/python3.10/dist-packages/tram_vehicle_msgs/tram_vehicle_msgs_s__rosidl_typesupport_fastrtps_c.cpython-310-x86_64-linux-gnu.so
[0.189s] -- Up-to-date: /home/w6228/tram_ws/install/tram_vehicle_msgs/local/lib/python3.10/dist-packages/tram_vehicle_msgs/msg
[0.189s] -- Up-to-date: /home/w6228/tram_ws/install/tram_vehicle_msgs/local/lib/python3.10/dist-packages/tram_vehicle_msgs/msg/_driver_controller_command.py
[0.189s] -- Up-to-date: /home/w6228/tram_ws/install/tram_vehicle_msgs/local/lib/python3.10/dist-packages/tram_vehicle_msgs/msg/_driver_controller_command_s.c
[0.189s] -- Up-to-date: /home/w6228/tram_ws/install/tram_vehicle_msgs/local/lib/python3.10/dist-packages/tram_vehicle_msgs/msg/_velocity_sensor.py
[0.189s] -- Up-to-date: /home/w6228/tram_ws/install/tram_vehicle_msgs/local/lib/python3.10/dist-packages/tram_vehicle_msgs/msg/__init__.py
[0.189s] -- Up-to-date: /home/w6228/tram_ws/install/tram_vehicle_msgs/local/lib/python3.10/dist-packages/tram_vehicle_msgs/msg/_velocity_sensor_s.c
[0.189s] -- Up-to-date: /home/w6228/tram_ws/install/tram_vehicle_msgs/local/lib/python3.10/dist-packages/tram_vehicle_msgs/tram_vehicle_msgs_s__rosidl_typesupport_introspection_c.cpython-310-x86_64-linux-gnu.so
[0.189s] -- Up-to-date: /home/w6228/tram_ws/install/tram_vehicle_msgs/local/lib/python3.10/dist-packages/tram_vehicle_msgs/tram_vehicle_msgs_s__rosidl_typesupport_c.cpython-310-x86_64-linux-gnu.so
[0.189s] -- Up-to-date: /home/w6228/tram_ws/install/tram_vehicle_msgs/local/lib/python3.10/dist-packages/tram_vehicle_msgs/libtram_vehicle_msgs__rosidl_generator_py.so
[0.189s] -- Up-to-date: /home/w6228/tram_ws/install/tram_vehicle_msgs/local/lib/python3.10/dist-packages/tram_vehicle_msgs/_tram_vehicle_msgs_s.ep.rosidl_typesupport_c.c
[0.189s] -- Up-to-date: /home/w6228/tram_ws/install/tram_vehicle_msgs/local/lib/python3.10/dist-packages/tram_vehicle_msgs/_tram_vehicle_msgs_s.ep.rosidl_typesupport_fastrtps_c.c
[0.189s] -- Up-to-date: /home/w6228/tram_ws/install/tram_vehicle_msgs/local/lib/python3.10/dist-packages/tram_vehicle_msgs/_tram_vehicle_msgs_s.ep.rosidl_typesupport_introspection_c.c
[0.189s] -- Up-to-date: /home/w6228/tram_ws/install/tram_vehicle_msgs/local/lib/python3.10/dist-packages/tram_vehicle_msgs/__init__.py
[0.204s] Listing '/home/w6228/tram_ws/install/tram_vehicle_msgs/local/lib/python3.10/dist-packages/tram_vehicle_msgs'...
[0.204s] Listing '/home/w6228/tram_ws/install/tram_vehicle_msgs/local/lib/python3.10/dist-packages/tram_vehicle_msgs/msg'...
[0.207s] -- Up-to-date: /home/w6228/tram_ws/install/tram_vehicle_msgs/local/lib/python3.10/dist-packages/tram_vehicle_msgs/tram_vehicle_msgs_s__rosidl_typesupport_fastrtps_c.cpython-310-x86_64-linux-gnu.so
[0.208s] -- Up-to-date: /home/w6228/tram_ws/install/tram_vehicle_msgs/local/lib/python3.10/dist-packages/tram_vehicle_msgs/tram_vehicle_msgs_s__rosidl_typesupport_introspection_c.cpython-310-x86_64-linux-gnu.so
[0.208s] -- Up-to-date: /home/w6228/tram_ws/install/tram_vehicle_msgs/local/lib/python3.10/dist-packages/tram_vehicle_msgs/tram_vehicle_msgs_s__rosidl_typesupport_c.cpython-310-x86_64-linux-gnu.so
[0.208s] -- Up-to-date: /home/w6228/tram_ws/install/tram_vehicle_msgs/lib/libtram_vehicle_msgs__rosidl_generator_py.so
[0.208s] -- Up-to-date: /home/w6228/tram_ws/install/tram_vehicle_msgs/share/tram_vehicle_msgs/rust
[0.208s] -- Up-to-date: /home/w6228/tram_ws/install/tram_vehicle_msgs/share/tram_vehicle_msgs/rust/src
[0.208s] -- Up-to-date: /home/w6228/tram_ws/install/tram_vehicle_msgs/share/tram_vehicle_msgs/rust/src/lib.rs
[0.208s] -- Up-to-date: /home/w6228/tram_ws/install/tram_vehicle_msgs/share/tram_vehicle_msgs/rust/src/msg
[0.208s] -- Up-to-date: /home/w6228/tram_ws/install/tram_vehicle_msgs/share/tram_vehicle_msgs/rust/src/msg/rmw.rs
[0.208s] -- Up-to-date: /home/w6228/tram_ws/install/tram_vehicle_msgs/share/tram_vehicle_msgs/rust/src/msg.rs
[0.209s] -- Up-to-date: /home/w6228/tram_ws/install/tram_vehicle_msgs/share/tram_vehicle_msgs/rust/build.rs
[0.209s] -- Up-to-date: /home/w6228/tram_ws/install/tram_vehicle_msgs/share/tram_vehicle_msgs/rust/Cargo.toml
[0.209s] -- Up-to-date: /home/w6228/tram_ws/install/tram_vehicle_msgs/share/tram_vehicle_msgs/msg/VelocitySensor.idl
[0.209s] -- Up-to-date: /home/w6228/tram_ws/install/tram_vehicle_msgs/share/tram_vehicle_msgs/msg/DriverControllerCommand.idl
[0.209s] -- Up-to-date: /home/w6228/tram_ws/install/tram_vehicle_msgs/share/tram_vehicle_msgs/msg/VelocitySensor.msg
[0.209s] -- Up-to-date: /home/w6228/tram_ws/install/tram_vehicle_msgs/share/tram_vehicle_msgs/msg/DriverControllerCommand.msg
[0.209s] -- Up-to-date: /home/w6228/tram_ws/install/tram_vehicle_msgs/share/ament_index/resource_index/package_run_dependencies/tram_vehicle_msgs
[0.210s] -- Up-to-date: /home/w6228/tram_ws/install/tram_vehicle_msgs/share/ament_index/resource_index/parent_prefix_path/tram_vehicle_msgs
[0.210s] -- Up-to-date: /home/w6228/tram_ws/install/tram_vehicle_msgs/share/tram_vehicle_msgs/environment/ament_prefix_path.sh
[0.210s] -- Up-to-date: /home/w6228/tram_ws/install/tram_vehicle_msgs/share/tram_vehicle_msgs/environment/ament_prefix_path.dsv
[0.210s] -- Up-to-date: /home/w6228/tram_ws/install/tram_vehicle_msgs/share/tram_vehicle_msgs/environment/path.sh
[0.210s] -- Up-to-date: /home/w6228/tram_ws/install/tram_vehicle_msgs/share/tram_vehicle_msgs/environment/path.dsv
[0.210s] -- Up-to-date: /home/w6228/tram_ws/install/tram_vehicle_msgs/share/tram_vehicle_msgs/local_setup.bash
[0.210s] -- Up-to-date: /home/w6228/tram_ws/install/tram_vehicle_msgs/share/tram_vehicle_msgs/local_setup.sh
[0.210s] -- Up-to-date: /home/w6228/tram_ws/install/tram_vehicle_msgs/share/tram_vehicle_msgs/local_setup.zsh
[0.210s] -- Up-to-date: /home/w6228/tram_ws/install/tram_vehicle_msgs/share/tram_vehicle_msgs/local_setup.dsv
[0.210s] -- Installing: /home/w6228/tram_ws/install/tram_vehicle_msgs/share/tram_vehicle_msgs/package.dsv
[0.210s] -- Up-to-date: /home/w6228/tram_ws/install/tram_vehicle_msgs/share/ament_index/resource_index/packages/tram_vehicle_msgs
[0.210s] -- Up-to-date: /home/w6228/tram_ws/install/tram_vehicle_msgs/share/tram_vehicle_msgs/cmake/export_tram_vehicle_msgs__rosidl_generator_cExport.cmake
[0.210s] -- Up-to-date: /home/w6228/tram_ws/install/tram_vehicle_msgs/share/tram_vehicle_msgs/cmake/export_tram_vehicle_msgs__rosidl_generator_cExport-noconfig.cmake
[0.210s] -- Up-to-date: /home/w6228/tram_ws/install/tram_vehicle_msgs/share/tram_vehicle_msgs/cmake/export_tram_vehicle_msgs__rosidl_typesupport_fastrtps_cExport.cmake
[0.210s] -- Up-to-date: /home/w6228/tram_ws/install/tram_vehicle_msgs/share/tram_vehicle_msgs/cmake/export_tram_vehicle_msgs__rosidl_typesupport_fastrtps_cExport-noconfig.cmake
[0.210s] -- Up-to-date: /home/w6228/tram_ws/install/tram_vehicle_msgs/share/tram_vehicle_msgs/cmake/export_tram_vehicle_msgs__rosidl_generator_cppExport.cmake
[0.210s] -- Up-to-date: /home/w6228/tram_ws/install/tram_vehicle_msgs/share/tram_vehicle_msgs/cmake/export_tram_vehicle_msgs__rosidl_typesupport_fastrtps_cppExport.cmake
[0.210s] -- Up-to-date: /home/w6228/tram_ws/install/tram_vehicle_msgs/share/tram_vehicle_msgs/cmake/export_tram_vehicle_msgs__rosidl_typesupport_fastrtps_cppExport-noconfig.cmake
[0.210s] -- Up-to-date: /home/w6228/tram_ws/install/tram_vehicle_msgs/share/tram_vehicle_msgs/cmake/tram_vehicle_msgs__rosidl_typesupport_introspection_cExport.cmake
[0.210s] -- Up-to-date: /home/w6228/tram_ws/install/tram_vehicle_msgs/share/tram_vehicle_msgs/cmake/tram_vehicle_msgs__rosidl_typesupport_introspection_cExport-noconfig.cmake
[0.210s] -- Up-to-date: /home/w6228/tram_ws/install/tram_vehicle_msgs/share/tram_vehicle_msgs/cmake/tram_vehicle_msgs__rosidl_typesupport_cExport.cmake
[0.210s] -- Up-to-date: /home/w6228/tram_ws/install/tram_vehicle_msgs/share/tram_vehicle_msgs/cmake/tram_vehicle_msgs__rosidl_typesupport_cExport-noconfig.cmake
[0.210s] -- Up-to-date: /home/w6228/tram_ws/install/tram_vehicle_msgs/share/tram_vehicle_msgs/cmake/tram_vehicle_msgs__rosidl_typesupport_introspection_cppExport.cmake
[0.210s] -- Up-to-date: /home/w6228/tram_ws/install/tram_vehicle_msgs/share/tram_vehicle_msgs/cmake/tram_vehicle_msgs__rosidl_typesupport_introspection_cppExport-noconfig.cmake
[0.210s] -- Up-to-date: /home/w6228/tram_ws/install/tram_vehicle_msgs/share/tram_vehicle_msgs/cmake/tram_vehicle_msgs__rosidl_typesupport_cppExport.cmake
[0.210s] -- Up-to-date: /home/w6228/tram_ws/install/tram_vehicle_msgs/share/tram_vehicle_msgs/cmake/tram_vehicle_msgs__rosidl_typesupport_cppExport-noconfig.cmake
[0.210s] -- Up-to-date: /home/w6228/tram_ws/install/tram_vehicle_msgs/share/tram_vehicle_msgs/cmake/export_tram_vehicle_msgs__rosidl_generator_pyExport.cmake
[0.210s] -- Up-to-date: /home/w6228/tram_ws/install/tram_vehicle_msgs/share/tram_vehicle_msgs/cmake/export_tram_vehicle_msgs__rosidl_generator_pyExport-noconfig.cmake
[0.210s] -- Up-to-date: /home/w6228/tram_ws/install/tram_vehicle_msgs/share/tram_vehicle_msgs/cmake/rosidl_cmake-extras.cmake
[0.211s] -- Up-to-date: /home/w6228/tram_ws/install/tram_vehicle_msgs/share/tram_vehicle_msgs/cmake/ament_cmake_export_dependencies-extras.cmake
[0.211s] -- Up-to-date: /home/w6228/tram_ws/install/tram_vehicle_msgs/share/tram_vehicle_msgs/cmake/ament_cmake_export_include_directories-extras.cmake
[0.211s] -- Up-to-date: /home/w6228/tram_ws/install/tram_vehicle_msgs/share/tram_vehicle_msgs/cmake/ament_cmake_export_libraries-extras.cmake
[0.211s] -- Up-to-date: /home/w6228/tram_ws/install/tram_vehicle_msgs/share/tram_vehicle_msgs/cmake/ament_cmake_export_targets-extras.cmake
[0.211s] -- Up-to-date: /home/w6228/tram_ws/install/tram_vehicle_msgs/share/tram_vehicle_msgs/cmake/rosidl_cmake_export_typesupport_targets-extras.cmake
[0.211s] -- Up-to-date: /home/w6228/tram_ws/install/tram_vehicle_msgs/share/tram_vehicle_msgs/cmake/rosidl_cmake_export_typesupport_libraries-extras.cmake
[0.211s] -- Up-to-date: /home/w6228/tram_ws/install/tram_vehicle_msgs/share/tram_vehicle_msgs/cmake/rosidl_cmake_aggregate_target-extras.cmake
[0.211s] -- Up-to-date: /home/w6228/tram_ws/install/tram_vehicle_msgs/share/tram_vehicle_msgs/cmake/tram_vehicle_msgsConfig.cmake
[0.211s] -- Up-to-date: /home/w6228/tram_ws/install/tram_vehicle_msgs/share/tram_vehicle_msgs/cmake/tram_vehicle_msgsConfig-version.cmake
[0.211s] -- Up-to-date: /home/w6228/tram_ws/install/tram_vehicle_msgs/share/tram_vehicle_msgs/package.xml
[0.212s] Invoked command in '/home/w6228/tram_ws/build/tram_vehicle_msgs' returned '0': CMAKE_PREFIX_PATH=${CMAKE_PREFIX_PATH}:/home/w6228/tram_ws/install/tram_reserve_odometry:/opt/ros/humble /usr/bin/cmake --install /home/w6228/tram_ws/build/tram_vehicle_msgs
