[0.406s] Invoking command in '/home/w6228/tram_ws/src/tram_reserve_odometry': PYTHONPATH=/home/w6228/tram_ws/build/tram_reserve_odometry/prefix_override:/usr/lib/python3/dist-packages/colcon_core/task/python/colcon_distutils_commands:/home/w6228/tram_ws/install/tram_reserve_odometry/lib/python3.10/site-packages:${PYTHONPATH} /usr/bin/python3 -W ignore:setup.py install is deprecated -W ignore:easy_install command is deprecated setup.py egg_info --egg-base ../../build/tram_reserve_odometry build --build-base /home/w6228/tram_ws/build/tram_reserve_odometry/build install --record /home/w6228/tram_ws/build/tram_reserve_odometry/install.log --install-scripts $base/lib/tram_reserve_odometry --single-version-externally-managed install_data
[0.506s] running egg_info
[0.506s] creating ../../build/tram_reserve_odometry/tram_reserve_odometry.egg-info
[0.506s] writing ../../build/tram_reserve_odometry/tram_reserve_odometry.egg-info/PKG-INFO
[0.506s] writing dependency_links to ../../build/tram_reserve_odometry/tram_reserve_odometry.egg-info/dependency_links.txt
[0.506s] writing entry points to ../../build/tram_reserve_odometry/tram_reserve_odometry.egg-info/entry_points.txt
[0.506s] writing requirements to ../../build/tram_reserve_odometry/tram_reserve_odometry.egg-info/requires.txt
[0.506s] writing top-level names to ../../build/tram_reserve_odometry/tram_reserve_odometry.egg-info/top_level.txt
[0.506s] writing manifest file '../../build/tram_reserve_odometry/tram_reserve_odometry.egg-info/SOURCES.txt'
[0.507s] reading manifest file '../../build/tram_reserve_odometry/tram_reserve_odometry.egg-info/SOURCES.txt'
[0.507s] writing manifest file '../../build/tram_reserve_odometry/tram_reserve_odometry.egg-info/SOURCES.txt'
[0.508s] running build
[0.508s] running build_py
[0.508s] creating /home/w6228/tram_ws/build/tram_reserve_odometry/build
[0.508s] creating /home/w6228/tram_ws/build/tram_reserve_odometry/build/lib
[0.508s] creating /home/w6228/tram_ws/build/tram_reserve_odometry/build/lib/tram_reserve_odometry
[0.508s] copying tram_reserve_odometry/reserve_odometry_node.py -> /home/w6228/tram_ws/build/tram_reserve_odometry/build/lib/tram_reserve_odometry
[0.508s] copying tram_reserve_odometry/__init__.py -> /home/w6228/tram_ws/build/tram_reserve_odometry/build/lib/tram_reserve_odometry
[0.508s] running install
[0.508s] running install_lib
[0.508s] creating /home/w6228/tram_ws/install/tram_reserve_odometry/lib/python3.10/site-packages/tram_reserve_odometry
[0.509s] copying /home/w6228/tram_ws/build/tram_reserve_odometry/build/lib/tram_reserve_odometry/reserve_odometry_node.py -> /home/w6228/tram_ws/install/tram_reserve_odometry/lib/python3.10/site-packages/tram_reserve_odometry
[0.509s] copying /home/w6228/tram_ws/build/tram_reserve_odometry/build/lib/tram_reserve_odometry/__init__.py -> /home/w6228/tram_ws/install/tram_reserve_odometry/lib/python3.10/site-packages/tram_reserve_odometry
[0.509s] byte-compiling /home/w6228/tram_ws/install/tram_reserve_odometry/lib/python3.10/site-packages/tram_reserve_odometry/reserve_odometry_node.py to reserve_odometry_node.cpython-310.pyc
[0.509s] byte-compiling /home/w6228/tram_ws/install/tram_reserve_odometry/lib/python3.10/site-packages/tram_reserve_odometry/__init__.py to __init__.cpython-310.pyc
[0.509s] running install_data
[0.510s] creating /home/w6228/tram_ws/install/tram_reserve_odometry/share/ament_index
[0.510s] creating /home/w6228/tram_ws/install/tram_reserve_odometry/share/ament_index/resource_index
[0.510s] creating /home/w6228/tram_ws/install/tram_reserve_odometry/share/ament_index/resource_index/packages
[0.510s] copying resource/tram_reserve_odometry -> /home/w6228/tram_ws/install/tram_reserve_odometry/share/ament_index/resource_index/packages
[0.510s] copying package.xml -> /home/w6228/tram_ws/install/tram_reserve_odometry/share/tram_reserve_odometry
[0.510s] running install_egg_info
[0.511s] Copying ../../build/tram_reserve_odometry/tram_reserve_odometry.egg-info to /home/w6228/tram_ws/install/tram_reserve_odometry/lib/python3.10/site-packages/tram_reserve_odometry-0.0.0-py3.10.egg-info
[0.511s] running install_scripts
[0.522s] Installing reserve_odometry_node script to /home/w6228/tram_ws/install/tram_reserve_odometry/lib/tram_reserve_odometry
[0.522s] writing list of installed files to '/home/w6228/tram_ws/build/tram_reserve_odometry/install.log'
[0.537s] Invoked command in '/home/w6228/tram_ws/src/tram_reserve_odometry' returned '0': PYTHONPATH=/home/w6228/tram_ws/build/tram_reserve_odometry/prefix_override:/usr/lib/python3/dist-packages/colcon_core/task/python/colcon_distutils_commands:/home/w6228/tram_ws/install/tram_reserve_odometry/lib/python3.10/site-packages:${PYTHONPATH} /usr/bin/python3 -W ignore:setup.py install is deprecated -W ignore:easy_install command is deprecated setup.py egg_info --egg-base ../../build/tram_reserve_odometry build --build-base /home/w6228/tram_ws/build/tram_reserve_odometry/build install --record /home/w6228/tram_ws/build/tram_reserve_odometry/install.log --install-scripts $base/lib/tram_reserve_odometry --single-version-externally-managed install_data
