[0.556s] Invoking command in '/home/w6228/tram_ws/src/tram_reserve_odometry': PYTHONPATH=/home/w6228/tram_ws/build/tram_reserve_odometry/prefix_override:/usr/lib/python3/dist-packages/colcon_core/task/python/colcon_distutils_commands:/home/w6228/tram_ws/install/tram_reserve_odometry/lib/python3.10/site-packages:${PYTHONPATH} /usr/bin/python3 -W ignore:setup.py install is deprecated -W ignore:easy_install command is deprecated setup.py egg_info --egg-base ../../build/tram_reserve_odometry build --build-base /home/w6228/tram_ws/build/tram_reserve_odometry/build install --record /home/w6228/tram_ws/build/tram_reserve_odometry/install.log --install-scripts $base/lib/tram_reserve_odometry --single-version-externally-managed install_data
[0.669s] running egg_info
[0.670s] writing ../../build/tram_reserve_odometry/tram_reserve_odometry.egg-info/PKG-INFO
[0.670s] writing dependency_links to ../../build/tram_reserve_odometry/tram_reserve_odometry.egg-info/dependency_links.txt
[0.670s] writing entry points to ../../build/tram_reserve_odometry/tram_reserve_odometry.egg-info/entry_points.txt
[0.670s] writing requirements to ../../build/tram_reserve_odometry/tram_reserve_odometry.egg-info/requires.txt
[0.670s] writing top-level names to ../../build/tram_reserve_odometry/tram_reserve_odometry.egg-info/top_level.txt
[0.671s] reading manifest file '../../build/tram_reserve_odometry/tram_reserve_odometry.egg-info/SOURCES.txt'
[0.672s] writing manifest file '../../build/tram_reserve_odometry/tram_reserve_odometry.egg-info/SOURCES.txt'
[0.672s] running build
[0.672s] running build_py
[0.672s] running install
[0.672s] running install_lib
[0.673s] running install_data
[0.673s] copying launch/odometry.launch.py -> /home/w6228/tram_ws/install/tram_reserve_odometry/share/tram_reserve_odometry/launch
[0.674s] copying config/params.yaml -> /home/w6228/tram_ws/install/tram_reserve_odometry/share/tram_reserve_odometry/config
[0.674s] running install_egg_info
[0.675s] removing '/home/w6228/tram_ws/install/tram_reserve_odometry/lib/python3.10/site-packages/tram_reserve_odometry-0.0.0-py3.10.egg-info' (and everything under it)
[0.676s] Copying ../../build/tram_reserve_odometry/tram_reserve_odometry.egg-info to /home/w6228/tram_ws/install/tram_reserve_odometry/lib/python3.10/site-packages/tram_reserve_odometry-0.0.0-py3.10.egg-info
[0.676s] running install_scripts
[0.689s] Installing reserve_odometry_node script to /home/w6228/tram_ws/install/tram_reserve_odometry/lib/tram_reserve_odometry
[0.690s] writing list of installed files to '/home/w6228/tram_ws/build/tram_reserve_odometry/install.log'
[0.707s] Invoked command in '/home/w6228/tram_ws/src/tram_reserve_odometry' returned '0': PYTHONPATH=/home/w6228/tram_ws/build/tram_reserve_odometry/prefix_override:/usr/lib/python3/dist-packages/colcon_core/task/python/colcon_distutils_commands:/home/w6228/tram_ws/install/tram_reserve_odometry/lib/python3.10/site-packages:${PYTHONPATH} /usr/bin/python3 -W ignore:setup.py install is deprecated -W ignore:easy_install command is deprecated setup.py egg_info --egg-base ../../build/tram_reserve_odometry build --build-base /home/w6228/tram_ws/build/tram_reserve_odometry/build install --record /home/w6228/tram_ws/build/tram_reserve_odometry/install.log --install-scripts $base/lib/tram_reserve_odometry --single-version-externally-managed install_data
