[  7%] Built target tram_vehicle_msgs__rs
[  7%] Built target tram_vehicle_msgs__cpp
[ 15%] Built target tram_vehicle_msgs__rosidl_generator_c
[ 15%] Built target ament_cmake_python_copy_tram_vehicle_msgs
[ 45%] Built target tram_vehicle_msgs__rosidl_typesupport_introspection_cpp
[ 45%] Built target tram_vehicle_msgs__rosidl_typesupport_introspection_c
[ 45%] Built target tram_vehicle_msgs__rosidl_typesupport_fastrtps_cpp
[ 55%] Built target tram_vehicle_msgs__rosidl_typesupport_cpp
[ 65%] Built target tram_vehicle_msgs__rosidl_typesupport_c
[ 75%] Built target tram_vehicle_msgs__rosidl_typesupport_fastrtps_c
[ 75%] Built target tram_vehicle_msgs
[ 77%] Built target tram_vehicle_msgs__py
[ 85%] Built target tram_vehicle_msgs__rosidl_generator_py
[100%] Built target tram_vehicle_msgs__rosidl_typesupport_fastrtps_c__pyext
[100%] Built target tram_vehicle_msgs__rosidl_typesupport_introspection_c__pyext
[100%] Built target tram_vehicle_msgs__rosidl_typesupport_c__pyext
running egg_info
writing tram_vehicle_msgs.egg-info/PKG-INFO
writing dependency_links to tram_vehicle_msgs.egg-info/dependency_links.txt
writing top-level names to tram_vehicle_msgs.egg-info/top_level.txt
reading manifest file 'tram_vehicle_msgs.egg-info/SOURCES.txt'
writing manifest file 'tram_vehicle_msgs.egg-info/SOURCES.txt'
[100%] Built target ament_cmake_python_build_tram_vehicle_msgs_egg
-- Install configuration: ""
-- Up-to-date: /home/w6228/tram_ws/install/tram_vehicle_msgs/share/ament_index/resource_index/rosidl_interfaces/tram_vehicle_msgs
-- Up-to-date: /home/w6228/tram_ws/install/tram_vehicle_msgs/include/tram_vehicle_msgs/tram_vehicle_msgs
-- Up-to-date: /home/w6228/tram_ws/install/tram_vehicle_msgs/include/tram_vehicle_msgs/tram_vehicle_msgs/msg
-- Up-to-date: /home/w6228/tram_ws/install/tram_vehicle_msgs/include/tram_vehicle_msgs/tram_vehicle_msgs/msg/rosidl_generator_c__visibility_control.h
-- Up-to-date: /home/w6228/tram_ws/install/tram_vehicle_msgs/include/tram_vehicle_msgs/tram_vehicle_msgs/msg/driver_controller_command.h
-- Up-to-date: /home/w6228/tram_ws/install/tram_vehicle_msgs/include/tram_vehicle_msgs/tram_vehicle_msgs/msg/velocity_sensor.h
-- Up-to-date: /home/w6228/tram_ws/install/tram_vehicle_msgs/include/tram_vehicle_msgs/tram_vehicle_msgs/msg/detail
-- Up-to-date: /home/w6228/tram_ws/install/tram_vehicle_msgs/include/tram_vehicle_msgs/tram_vehicle_msgs/msg/detail/driver_controller_command__struct.h
-- Up-to-date: /home/w6228/tram_ws/install/tram_vehicle_msgs/include/tram_vehicle_msgs/tram_vehicle_msgs/msg/detail/velocity_sensor__functions.h
-- Up-to-date: /home/w6228/tram_ws/install/tram_vehicle_msgs/include/tram_vehicle_msgs/tram_vehicle_msgs/msg/detail/driver_controller_command__type_support.h
-- Up-to-date: /home/w6228/tram_ws/install/tram_vehicle_msgs/include/tram_vehicle_msgs/tram_vehicle_msgs/msg/detail/velocity_sensor__functions.c
-- Up-to-date: /home/w6228/tram_ws/install/tram_vehicle_msgs/include/tram_vehicle_msgs/tram_vehicle_msgs/msg/detail/velocity_sensor__struct.h
-- Up-to-date: /home/w6228/tram_ws/install/tram_vehicle_msgs/include/tram_vehicle_msgs/tram_vehicle_msgs/msg/detail/velocity_sensor__type_support.h
-- Up-to-date: /home/w6228/tram_ws/install/tram_vehicle_msgs/include/tram_vehicle_msgs/tram_vehicle_msgs/msg/detail/driver_controller_command__functions.h
-- Up-to-date: /home/w6228/tram_ws/install/tram_vehicle_msgs/include/tram_vehicle_msgs/tram_vehicle_msgs/msg/detail/driver_controller_command__functions.c
-- Up-to-date: /home/w6228/tram_ws/install/tram_vehicle_msgs/share/tram_vehicle_msgs/environment/library_path.sh
-- Up-to-date: /home/w6228/tram_ws/install/tram_vehicle_msgs/share/tram_vehicle_msgs/environment/library_path.dsv
-- Up-to-date: /home/w6228/tram_ws/install/tram_vehicle_msgs/lib/libtram_vehicle_msgs__rosidl_generator_c.so
-- Up-to-date: /home/w6228/tram_ws/install/tram_vehicle_msgs/include/tram_vehicle_msgs/tram_vehicle_msgs
-- Up-to-date: /home/w6228/tram_ws/install/tram_vehicle_msgs/include/tram_vehicle_msgs/tram_vehicle_msgs/msg
-- Up-to-date: /home/w6228/tram_ws/install/tram_vehicle_msgs/include/tram_vehicle_msgs/tram_vehicle_msgs/msg/rosidl_typesupport_fastrtps_c__visibility_control.h
-- Up-to-date: /home/w6228/tram_ws/install/tram_vehicle_msgs/include/tram_vehicle_msgs/tram_vehicle_msgs/msg/detail
-- Up-to-date: /home/w6228/tram_ws/install/tram_vehicle_msgs/include/tram_vehicle_msgs/tram_vehicle_msgs/msg/detail/velocity_sensor__rosidl_typesupport_fastrtps_c.h
-- Up-to-date: /home/w6228/tram_ws/install/tram_vehicle_msgs/include/tram_vehicle_msgs/tram_vehicle_msgs/msg/detail/driver_controller_command__rosidl_typesupport_fastrtps_c.h
-- Up-to-date: /home/w6228/tram_ws/install/tram_vehicle_msgs/lib/libtram_vehicle_msgs__rosidl_typesupport_fastrtps_c.so
-- Up-to-date: /home/w6228/tram_ws/install/tram_vehicle_msgs/include/tram_vehicle_msgs/tram_vehicle_msgs
-- Up-to-date: /home/w6228/tram_ws/install/tram_vehicle_msgs/include/tram_vehicle_msgs/tram_vehicle_msgs/msg
-- Up-to-date: /home/w6228/tram_ws/install/tram_vehicle_msgs/include/tram_vehicle_msgs/tram_vehicle_msgs/msg/velocity_sensor.hpp
-- Up-to-date: /home/w6228/tram_ws/install/tram_vehicle_msgs/include/tram_vehicle_msgs/tram_vehicle_msgs/msg/driver_controller_command.hpp
-- Up-to-date: /home/w6228/tram_ws/install/tram_vehicle_msgs/include/tram_vehicle_msgs/tram_vehicle_msgs/msg/rosidl_generator_cpp__visibility_control.hpp
-- Up-to-date: /home/w6228/tram_ws/install/tram_vehicle_msgs/include/tram_vehicle_msgs/tram_vehicle_msgs/msg/detail
-- Up-to-date: /home/w6228/tram_ws/install/tram_vehicle_msgs/include/tram_vehicle_msgs/tram_vehicle_msgs/msg/detail/velocity_sensor__traits.hpp
-- Up-to-date: /home/w6228/tram_ws/install/tram_vehicle_msgs/include/tram_vehicle_msgs/tram_vehicle_msgs/msg/detail/driver_controller_command__builder.hpp
-- Up-to-date: /home/w6228/tram_ws/install/tram_vehicle_msgs/include/tram_vehicle_msgs/tram_vehicle_msgs/msg/detail/driver_controller_command__struct.hpp
-- Up-to-date: /home/w6228/tram_ws/install/tram_vehicle_msgs/include/tram_vehicle_msgs/tram_vehicle_msgs/msg/detail/velocity_sensor__builder.hpp
-- Up-to-date: /home/w6228/tram_ws/install/tram_vehicle_msgs/include/tram_vehicle_msgs/tram_vehicle_msgs/msg/detail/driver_controller_command__type_support.hpp
-- Up-to-date: /home/w6228/tram_ws/install/tram_vehicle_msgs/include/tram_vehicle_msgs/tram_vehicle_msgs/msg/detail/velocity_sensor__struct.hpp
-- Up-to-date: /home/w6228/tram_ws/install/tram_vehicle_msgs/include/tram_vehicle_msgs/tram_vehicle_msgs/msg/detail/driver_controller_command__traits.hpp
-- Up-to-date: /home/w6228/tram_ws/install/tram_vehicle_msgs/include/tram_vehicle_msgs/tram_vehicle_msgs/msg/detail/velocity_sensor__type_support.hpp
-- Up-to-date: /home/w6228/tram_ws/install/tram_vehicle_msgs/include/tram_vehicle_msgs/tram_vehicle_msgs
-- Up-to-date: /home/w6228/tram_ws/install/tram_vehicle_msgs/include/tram_vehicle_msgs/tram_vehicle_msgs/msg
-- Up-to-date: /home/w6228/tram_ws/install/tram_vehicle_msgs/include/tram_vehicle_msgs/tram_vehicle_msgs/msg/rosidl_typesupport_fastrtps_cpp__visibility_control.h
-- Up-to-date: /home/w6228/tram_ws/install/tram_vehicle_msgs/include/tram_vehicle_msgs/tram_vehicle_msgs/msg/detail
-- Up-to-date: /home/w6228/tram_ws/install/tram_vehicle_msgs/include/tram_vehicle_msgs/tram_vehicle_msgs/msg/detail/velocity_sensor__rosidl_typesupport_fastrtps_cpp.hpp
-- Up-to-date: /home/w6228/tram_ws/install/tram_vehicle_msgs/include/tram_vehicle_msgs/tram_vehicle_msgs/msg/detail/driver_controller_command__rosidl_typesupport_fastrtps_cpp.hpp
-- Up-to-date: /home/w6228/tram_ws/install/tram_vehicle_msgs/include/tram_vehicle_msgs/tram_vehicle_msgs/msg/detail/dds_fastrtps
-- Up-to-date: /home/w6228/tram_ws/install/tram_vehicle_msgs/lib/libtram_vehicle_msgs__rosidl_typesupport_fastrtps_cpp.so
-- Up-to-date: /home/w6228/tram_ws/install/tram_vehicle_msgs/include/tram_vehicle_msgs/tram_vehicle_msgs
-- Up-to-date: /home/w6228/tram_ws/install/tram_vehicle_msgs/include/tram_vehicle_msgs/tram_vehicle_msgs/msg
-- Up-to-date: /home/w6228/tram_ws/install/tram_vehicle_msgs/include/tram_vehicle_msgs/tram_vehicle_msgs/msg/rosidl_typesupport_introspection_c__visibility_control.h
-- Up-to-date: /home/w6228/tram_ws/install/tram_vehicle_msgs/include/tram_vehicle_msgs/tram_vehicle_msgs/msg/detail
-- Up-to-date: /home/w6228/tram_ws/install/tram_vehicle_msgs/include/tram_vehicle_msgs/tram_vehicle_msgs/msg/detail/driver_controller_command__rosidl_typesupport_introspection_c.h
-- Up-to-date: /home/w6228/tram_ws/install/tram_vehicle_msgs/include/tram_vehicle_msgs/tram_vehicle_msgs/msg/detail/velocity_sensor__type_support.c
-- Up-to-date: /home/w6228/tram_ws/install/tram_vehicle_msgs/include/tram_vehicle_msgs/tram_vehicle_msgs/msg/detail/driver_controller_command__type_support.c
-- Up-to-date: /home/w6228/tram_ws/install/tram_vehicle_msgs/include/tram_vehicle_msgs/tram_vehicle_msgs/msg/detail/velocity_sensor__rosidl_typesupport_introspection_c.h
-- Up-to-date: /home/w6228/tram_ws/install/tram_vehicle_msgs/lib/libtram_vehicle_msgs__rosidl_typesupport_introspection_c.so
-- Up-to-date: /home/w6228/tram_ws/install/tram_vehicle_msgs/lib/libtram_vehicle_msgs__rosidl_typesupport_c.so
-- Up-to-date: /home/w6228/tram_ws/install/tram_vehicle_msgs/include/tram_vehicle_msgs/tram_vehicle_msgs
-- Up-to-date: /home/w6228/tram_ws/install/tram_vehicle_msgs/include/tram_vehicle_msgs/tram_vehicle_msgs/msg
-- Up-to-date: /home/w6228/tram_ws/install/tram_vehicle_msgs/include/tram_vehicle_msgs/tram_vehicle_msgs/msg/detail
-- Up-to-date: /home/w6228/tram_ws/install/tram_vehicle_msgs/include/tram_vehicle_msgs/tram_vehicle_msgs/msg/detail/driver_controller_command__type_support.cpp
-- Up-to-date: /home/w6228/tram_ws/install/tram_vehicle_msgs/include/tram_vehicle_msgs/tram_vehicle_msgs/msg/detail/driver_controller_command__rosidl_typesupport_introspection_cpp.hpp
-- Up-to-date: /home/w6228/tram_ws/install/tram_vehicle_msgs/include/tram_vehicle_msgs/tram_vehicle_msgs/msg/detail/velocity_sensor__rosidl_typesupport_introspection_cpp.hpp
-- Up-to-date: /home/w6228/tram_ws/install/tram_vehicle_msgs/include/tram_vehicle_msgs/tram_vehicle_msgs/msg/detail/velocity_sensor__type_support.cpp
-- Up-to-date: /home/w6228/tram_ws/install/tram_vehicle_msgs/lib/libtram_vehicle_msgs__rosidl_typesupport_introspection_cpp.so
-- Up-to-date: /home/w6228/tram_ws/install/tram_vehicle_msgs/lib/libtram_vehicle_msgs__rosidl_typesupport_cpp.so
-- Up-to-date: /home/w6228/tram_ws/install/tram_vehicle_msgs/share/tram_vehicle_msgs/environment/pythonpath.sh
-- Up-to-date: /home/w6228/tram_ws/install/tram_vehicle_msgs/share/tram_vehicle_msgs/environment/pythonpath.dsv
-- Up-to-date: /home/w6228/tram_ws/install/tram_vehicle_msgs/local/lib/python3.10/dist-packages/tram_vehicle_msgs-0.0.0-py3.10.egg-info
-- Installing: /home/w6228/tram_ws/install/tram_vehicle_msgs/local/lib/python3.10/dist-packages/tram_vehicle_msgs-0.0.0-py3.10.egg-info/PKG-INFO
-- Installing: /home/w6228/tram_ws/install/tram_vehicle_msgs/local/lib/python3.10/dist-packages/tram_vehicle_msgs-0.0.0-py3.10.egg-info/SOURCES.txt
-- Installing: /home/w6228/tram_ws/install/tram_vehicle_msgs/local/lib/python3.10/dist-packages/tram_vehicle_msgs-0.0.0-py3.10.egg-info/top_level.txt
-- Installing: /home/w6228/tram_ws/install/tram_vehicle_msgs/local/lib/python3.10/dist-packages/tram_vehicle_msgs-0.0.0-py3.10.egg-info/dependency_links.txt
-- Up-to-date: /home/w6228/tram_ws/install/tram_vehicle_msgs/local/lib/python3.10/dist-packages/tram_vehicle_msgs
-- Up-to-date: /home/w6228/tram_ws/install/tram_vehicle_msgs/local/lib/python3.10/dist-packages/tram_vehicle_msgs/tram_vehicle_msgs_s__rosidl_typesupport_fastrtps_c.cpython-310-x86_64-linux-gnu.so
-- Up-to-date: /home/w6228/tram_ws/install/tram_vehicle_msgs/local/lib/python3.10/dist-packages/tram_vehicle_msgs/msg
-- Up-to-date: /home/w6228/tram_ws/install/tram_vehicle_msgs/local/lib/python3.10/dist-packages/tram_vehicle_msgs/msg/_driver_controller_command.py
-- Up-to-date: /home/w6228/tram_ws/install/tram_vehicle_msgs/local/lib/python3.10/dist-packages/tram_vehicle_msgs/msg/_driver_controller_command_s.c
-- Up-to-date: /home/w6228/tram_ws/install/tram_vehicle_msgs/local/lib/python3.10/dist-packages/tram_vehicle_msgs/msg/_velocity_sensor.py
-- Up-to-date: /home/w6228/tram_ws/install/tram_vehicle_msgs/local/lib/python3.10/dist-packages/tram_vehicle_msgs/msg/__init__.py
-- Up-to-date: /home/w6228/tram_ws/install/tram_vehicle_msgs/local/lib/python3.10/dist-packages/tram_vehicle_msgs/msg/_velocity_sensor_s.c
-- Up-to-date: /home/w6228/tram_ws/install/tram_vehicle_msgs/local/lib/python3.10/dist-packages/tram_vehicle_msgs/tram_vehicle_msgs_s__rosidl_typesupport_introspection_c.cpython-310-x86_64-linux-gnu.so
-- Up-to-date: /home/w6228/tram_ws/install/tram_vehicle_msgs/local/lib/python3.10/dist-packages/tram_vehicle_msgs/tram_vehicle_msgs_s__rosidl_typesupport_c.cpython-310-x86_64-linux-gnu.so
-- Up-to-date: /home/w6228/tram_ws/install/tram_vehicle_msgs/local/lib/python3.10/dist-packages/tram_vehicle_msgs/libtram_vehicle_msgs__rosidl_generator_py.so
-- Up-to-date: /home/w6228/tram_ws/install/tram_vehicle_msgs/local/lib/python3.10/dist-packages/tram_vehicle_msgs/_tram_vehicle_msgs_s.ep.rosidl_typesupport_c.c
-- Up-to-date: /home/w6228/tram_ws/install/tram_vehicle_msgs/local/lib/python3.10/dist-packages/tram_vehicle_msgs/_tram_vehicle_msgs_s.ep.rosidl_typesupport_fastrtps_c.c
-- Up-to-date: /home/w6228/tram_ws/install/tram_vehicle_msgs/local/lib/python3.10/dist-packages/tram_vehicle_msgs/_tram_vehicle_msgs_s.ep.rosidl_typesupport_introspection_c.c
-- Up-to-date: /home/w6228/tram_ws/install/tram_vehicle_msgs/local/lib/python3.10/dist-packages/tram_vehicle_msgs/__init__.py
Listing '/home/w6228/tram_ws/install/tram_vehicle_msgs/local/lib/python3.10/dist-packages/tram_vehicle_msgs'...
Listing '/home/w6228/tram_ws/install/tram_vehicle_msgs/local/lib/python3.10/dist-packages/tram_vehicle_msgs/msg'...
-- Up-to-date: /home/w6228/tram_ws/install/tram_vehicle_msgs/local/lib/python3.10/dist-packages/tram_vehicle_msgs/tram_vehicle_msgs_s__rosidl_typesupport_fastrtps_c.cpython-310-x86_64-linux-gnu.so
-- Up-to-date: /home/w6228/tram_ws/install/tram_vehicle_msgs/local/lib/python3.10/dist-packages/tram_vehicle_msgs/tram_vehicle_msgs_s__rosidl_typesupport_introspection_c.cpython-310-x86_64-linux-gnu.so
-- Up-to-date: /home/w6228/tram_ws/install/tram_vehicle_msgs/local/lib/python3.10/dist-packages/tram_vehicle_msgs/tram_vehicle_msgs_s__rosidl_typesupport_c.cpython-310-x86_64-linux-gnu.so
-- Up-to-date: /home/w6228/tram_ws/install/tram_vehicle_msgs/lib/libtram_vehicle_msgs__rosidl_generator_py.so
-- Up-to-date: /home/w6228/tram_ws/install/tram_vehicle_msgs/share/tram_vehicle_msgs/rust
-- Up-to-date: /home/w6228/tram_ws/install/tram_vehicle_msgs/share/tram_vehicle_msgs/rust/src
-- Up-to-date: /home/w6228/tram_ws/install/tram_vehicle_msgs/share/tram_vehicle_msgs/rust/src/lib.rs
-- Up-to-date: /home/w6228/tram_ws/install/tram_vehicle_msgs/share/tram_vehicle_msgs/rust/src/msg
-- Up-to-date: /home/w6228/tram_ws/install/tram_vehicle_msgs/share/tram_vehicle_msgs/rust/src/msg/rmw.rs
-- Up-to-date: /home/w6228/tram_ws/install/tram_vehicle_msgs/share/tram_vehicle_msgs/rust/src/msg.rs
-- Up-to-date: /home/w6228/tram_ws/install/tram_vehicle_msgs/share/tram_vehicle_msgs/rust/build.rs
-- Up-to-date: /home/w6228/tram_ws/install/tram_vehicle_msgs/share/tram_vehicle_msgs/rust/Cargo.toml
-- Up-to-date: /home/w6228/tram_ws/install/tram_vehicle_msgs/share/tram_vehicle_msgs/msg/VelocitySensor.idl
-- Up-to-date: /home/w6228/tram_ws/install/tram_vehicle_msgs/share/tram_vehicle_msgs/msg/DriverControllerCommand.idl
-- Up-to-date: /home/w6228/tram_ws/install/tram_vehicle_msgs/share/tram_vehicle_msgs/msg/VelocitySensor.msg
-- Up-to-date: /home/w6228/tram_ws/install/tram_vehicle_msgs/share/tram_vehicle_msgs/msg/DriverControllerCommand.msg
-- Up-to-date: /home/w6228/tram_ws/install/tram_vehicle_msgs/share/ament_index/resource_index/package_run_dependencies/tram_vehicle_msgs
-- Up-to-date: /home/w6228/tram_ws/install/tram_vehicle_msgs/share/ament_index/resource_index/parent_prefix_path/tram_vehicle_msgs
-- Up-to-date: /home/w6228/tram_ws/install/tram_vehicle_msgs/share/tram_vehicle_msgs/environment/ament_prefix_path.sh
-- Up-to-date: /home/w6228/tram_ws/install/tram_vehicle_msgs/share/tram_vehicle_msgs/environment/ament_prefix_path.dsv
-- Up-to-date: /home/w6228/tram_ws/install/tram_vehicle_msgs/share/tram_vehicle_msgs/environment/path.sh
-- Up-to-date: /home/w6228/tram_ws/install/tram_vehicle_msgs/share/tram_vehicle_msgs/environment/path.dsv
-- Up-to-date: /home/w6228/tram_ws/install/tram_vehicle_msgs/share/tram_vehicle_msgs/local_setup.bash
-- Up-to-date: /home/w6228/tram_ws/install/tram_vehicle_msgs/share/tram_vehicle_msgs/local_setup.sh
-- Up-to-date: /home/w6228/tram_ws/install/tram_vehicle_msgs/share/tram_vehicle_msgs/local_setup.zsh
-- Up-to-date: /home/w6228/tram_ws/install/tram_vehicle_msgs/share/tram_vehicle_msgs/local_setup.dsv
-- Installing: /home/w6228/tram_ws/install/tram_vehicle_msgs/share/tram_vehicle_msgs/package.dsv
-- Up-to-date: /home/w6228/tram_ws/install/tram_vehicle_msgs/share/ament_index/resource_index/packages/tram_vehicle_msgs
-- Up-to-date: /home/w6228/tram_ws/install/tram_vehicle_msgs/share/tram_vehicle_msgs/cmake/export_tram_vehicle_msgs__rosidl_generator_cExport.cmake
-- Up-to-date: /home/w6228/tram_ws/install/tram_vehicle_msgs/share/tram_vehicle_msgs/cmake/export_tram_vehicle_msgs__rosidl_generator_cExport-noconfig.cmake
-- Up-to-date: /home/w6228/tram_ws/install/tram_vehicle_msgs/share/tram_vehicle_msgs/cmake/export_tram_vehicle_msgs__rosidl_typesupport_fastrtps_cExport.cmake
-- Up-to-date: /home/w6228/tram_ws/install/tram_vehicle_msgs/share/tram_vehicle_msgs/cmake/export_tram_vehicle_msgs__rosidl_typesupport_fastrtps_cExport-noconfig.cmake
-- Up-to-date: /home/w6228/tram_ws/install/tram_vehicle_msgs/share/tram_vehicle_msgs/cmake/export_tram_vehicle_msgs__rosidl_generator_cppExport.cmake
-- Up-to-date: /home/w6228/tram_ws/install/tram_vehicle_msgs/share/tram_vehicle_msgs/cmake/export_tram_vehicle_msgs__rosidl_typesupport_fastrtps_cppExport.cmake
-- Up-to-date: /home/w6228/tram_ws/install/tram_vehicle_msgs/share/tram_vehicle_msgs/cmake/export_tram_vehicle_msgs__rosidl_typesupport_fastrtps_cppExport-noconfig.cmake
-- Up-to-date: /home/w6228/tram_ws/install/tram_vehicle_msgs/share/tram_vehicle_msgs/cmake/tram_vehicle_msgs__rosidl_typesupport_introspection_cExport.cmake
-- Up-to-date: /home/w6228/tram_ws/install/tram_vehicle_msgs/share/tram_vehicle_msgs/cmake/tram_vehicle_msgs__rosidl_typesupport_introspection_cExport-noconfig.cmake
-- Up-to-date: /home/w6228/tram_ws/install/tram_vehicle_msgs/share/tram_vehicle_msgs/cmake/tram_vehicle_msgs__rosidl_typesupport_cExport.cmake
-- Up-to-date: /home/w6228/tram_ws/install/tram_vehicle_msgs/share/tram_vehicle_msgs/cmake/tram_vehicle_msgs__rosidl_typesupport_cExport-noconfig.cmake
-- Up-to-date: /home/w6228/tram_ws/install/tram_vehicle_msgs/share/tram_vehicle_msgs/cmake/tram_vehicle_msgs__rosidl_typesupport_introspection_cppExport.cmake
-- Up-to-date: /home/w6228/tram_ws/install/tram_vehicle_msgs/share/tram_vehicle_msgs/cmake/tram_vehicle_msgs__rosidl_typesupport_introspection_cppExport-noconfig.cmake
-- Up-to-date: /home/w6228/tram_ws/install/tram_vehicle_msgs/share/tram_vehicle_msgs/cmake/tram_vehicle_msgs__rosidl_typesupport_cppExport.cmake
-- Up-to-date: /home/w6228/tram_ws/install/tram_vehicle_msgs/share/tram_vehicle_msgs/cmake/tram_vehicle_msgs__rosidl_typesupport_cppExport-noconfig.cmake
-- Up-to-date: /home/w6228/tram_ws/install/tram_vehicle_msgs/share/tram_vehicle_msgs/cmake/export_tram_vehicle_msgs__rosidl_generator_pyExport.cmake
-- Up-to-date: /home/w6228/tram_ws/install/tram_vehicle_msgs/share/tram_vehicle_msgs/cmake/export_tram_vehicle_msgs__rosidl_generator_pyExport-noconfig.cmake
-- Up-to-date: /home/w6228/tram_ws/install/tram_vehicle_msgs/share/tram_vehicle_msgs/cmake/rosidl_cmake-extras.cmake
-- Up-to-date: /home/w6228/tram_ws/install/tram_vehicle_msgs/share/tram_vehicle_msgs/cmake/ament_cmake_export_dependencies-extras.cmake
-- Up-to-date: /home/w6228/tram_ws/install/tram_vehicle_msgs/share/tram_vehicle_msgs/cmake/ament_cmake_export_include_directories-extras.cmake
-- Up-to-date: /home/w6228/tram_ws/install/tram_vehicle_msgs/share/tram_vehicle_msgs/cmake/ament_cmake_export_libraries-extras.cmake
-- Up-to-date: /home/w6228/tram_ws/install/tram_vehicle_msgs/share/tram_vehicle_msgs/cmake/ament_cmake_export_targets-extras.cmake
-- Up-to-date: /home/w6228/tram_ws/install/tram_vehicle_msgs/share/tram_vehicle_msgs/cmake/rosidl_cmake_export_typesupport_targets-extras.cmake
-- Up-to-date: /home/w6228/tram_ws/install/tram_vehicle_msgs/share/tram_vehicle_msgs/cmake/rosidl_cmake_export_typesupport_libraries-extras.cmake
-- Up-to-date: /home/w6228/tram_ws/install/tram_vehicle_msgs/share/tram_vehicle_msgs/cmake/rosidl_cmake_aggregate_target-extras.cmake
-- Up-to-date: /home/w6228/tram_ws/install/tram_vehicle_msgs/share/tram_vehicle_msgs/cmake/tram_vehicle_msgsConfig.cmake
-- Up-to-date: /home/w6228/tram_ws/install/tram_vehicle_msgs/share/tram_vehicle_msgs/cmake/tram_vehicle_msgsConfig-version.cmake
-- Up-to-date: /home/w6228/tram_ws/install/tram_vehicle_msgs/share/tram_vehicle_msgs/package.xml
