-- The C compiler identification is GNU 11.4.0
-- The CXX compiler identification is GNU 11.4.0
-- Detecting C compiler ABI info
-- Detecting C compiler ABI info - done
-- Check for working C compiler: /usr/bin/cc - skipped
-- Detecting C compile features
-- Detecting C compile features - done
-- Detecting CXX compiler ABI info
-- Detecting CXX compiler ABI info - done
-- Check for working CXX compiler: /usr/bin/c++ - skipped
-- Detecting CXX compile features
-- Detecting CXX compile features - done
-- Found std_msgs: 4.9.2 (/opt/ros/humble/share/std_msgs/cmake)
-- Found Python3: /usr/bin/python3 (found version "3.10.12") found components: Interpreter 
-- Found rosidl_generator_c: 3.1.9 (/opt/ros/humble/share/rosidl_generator_c/cmake)
-- Found rosidl_adapter: 3.1.9 (/opt/ros/humble/share/rosidl_adapter/cmake)
-- Found rosidl_generator_cpp: 3.1.9 (/opt/ros/humble/share/rosidl_generator_cpp/cmake)
-- Using all available rosidl_typesupport_c: rosidl_typesupport_fastrtps_c;rosidl_typesupport_introspection_c
-- Using all available rosidl_typesupport_cpp: rosidl_typesupport_fastrtps_cpp;rosidl_typesupport_introspection_cpp
-- Found rosidl_default_generators: 1.2.1 (/opt/ros/humble/share/rosidl_default_generators/cmake)
-- Found ament_cmake_ros: 0.10.1 (/opt/ros/humble/share/ament_cmake_ros/cmake)
-- Using all available rosidl_typesupport_c: rosidl_typesupport_fastrtps_c;rosidl_typesupport_introspection_c
-- Using all available rosidl_typesupport_cpp: rosidl_typesupport_fastrtps_cpp;rosidl_typesupport_introspection_cpp
-- Found PythonInterp: /usr/bin/python3 (found suitable version "3.10.12", minimum required is "3.6") 
-- Found python_cmake_module: 0.10.0 (/opt/ros/humble/share/python_cmake_module/cmake)
-- Found PythonLibs: /usr/lib/x86_64-linux-gnu/libpython3.10.so (found suitable version "3.10.12", minimum required is "3.5") 
-- Using PYTHON_EXECUTABLE: /usr/bin/python3
-- Using PYTHON_INCLUDE_DIRS: /usr/include/python3.10
-- Using PYTHON_LIBRARIES: /usr/lib/x86_64-linux-gnu/libpython3.10.so
-- Found PythonExtra: .so  
-- Configuring done
-- Generating done
-- Build files have been written to: /home/w6228/tram_ws/build/tram_vehicle_msgs
[  2%] [34m[1mGenerating C code for ROS interfaces[0m
[  7%] [34m[1mGenerating C++ code for ROS interfaces[0m
[  7%] [34m[1mGenerating Rust code for ROS interfaces[0m
[  7%] Built target ament_cmake_python_copy_tram_vehicle_msgs
running egg_info
creating tram_vehicle_msgs.egg-info
writing tram_vehicle_msgs.egg-info/PKG-INFO
writing dependency_links to tram_vehicle_msgs.egg-info/dependency_links.txt
writing top-level names to tram_vehicle_msgs.egg-info/top_level.txt
writing manifest file 'tram_vehicle_msgs.egg-info/SOURCES.txt'
reading manifest file 'tram_vehicle_msgs.egg-info/SOURCES.txt'
writing manifest file 'tram_vehicle_msgs.egg-info/SOURCES.txt'
[  7%] Built target tram_vehicle_msgs__rs
[  7%] Built target ament_cmake_python_build_tram_vehicle_msgs_egg
[ 12%] [32mBuilding C object CMakeFiles/tram_vehicle_msgs__rosidl_generator_c.dir/rosidl_generator_c/tram_vehicle_msgs/msg/detail/velocity_sensor__functions.c.o[0m
[ 12%] [32mBuilding C object CMakeFiles/tram_vehicle_msgs__rosidl_generator_c.dir/rosidl_generator_c/tram_vehicle_msgs/msg/detail/driver_controller_command__functions.c.o[0m
[ 12%] Built target tram_vehicle_msgs__cpp
[ 17%] [34m[1mGenerating C++ introspection for ROS interfaces[0m
[ 20%] [34m[1mGenerating C++ type support dispatch for ROS interfaces[0m
[ 20%] [34m[1mGenerating C++ type support for eProsima Fast-RTPS[0m
[ 22%] [32m[1mLinking C shared library libtram_vehicle_msgs__rosidl_generator_c.so[0m
[ 22%] Built target tram_vehicle_msgs__rosidl_generator_c
[ 30%] [34m[1mGenerating C introspection for ROS interfaces[0m
[ 30%] [34m[1mGenerating C type support for eProsima Fast-RTPS[0m
[ 30%] [34m[1mGenerating C type support dispatch for ROS interfaces[0m
[ 32%] [32mBuilding CXX object CMakeFiles/tram_vehicle_msgs__rosidl_typesupport_cpp.dir/rosidl_typesupport_cpp/tram_vehicle_msgs/msg/velocity_sensor__type_support.cpp.o[0m
[ 35%] [32mBuilding CXX object CMakeFiles/tram_vehicle_msgs__rosidl_typesupport_cpp.dir/rosidl_typesupport_cpp/tram_vehicle_msgs/msg/driver_controller_command__type_support.cpp.o[0m
[ 37%] [32mBuilding CXX object CMakeFiles/tram_vehicle_msgs__rosidl_typesupport_introspection_cpp.dir/rosidl_typesupport_introspection_cpp/tram_vehicle_msgs/msg/detail/velocity_sensor__type_support.cpp.o[0m
[ 40%] [32mBuilding CXX object CMakeFiles/tram_vehicle_msgs__rosidl_typesupport_introspection_cpp.dir/rosidl_typesupport_introspection_cpp/tram_vehicle_msgs/msg/detail/driver_controller_command__type_support.cpp.o[0m
[ 45%] [32mBuilding CXX object CMakeFiles/tram_vehicle_msgs__rosidl_typesupport_fastrtps_cpp.dir/rosidl_typesupport_fastrtps_cpp/tram_vehicle_msgs/msg/detail/dds_fastrtps/velocity_sensor__type_support.cpp.o[0m
[ 45%] [32mBuilding CXX object CMakeFiles/tram_vehicle_msgs__rosidl_typesupport_fastrtps_cpp.dir/rosidl_typesupport_fastrtps_cpp/tram_vehicle_msgs/msg/detail/dds_fastrtps/driver_controller_command__type_support.cpp.o[0m
[ 50%] [32mBuilding CXX object CMakeFiles/tram_vehicle_msgs__rosidl_typesupport_c.dir/rosidl_typesupport_c/tram_vehicle_msgs/msg/velocity_sensor__type_support.cpp.o[0m
[ 50%] [32mBuilding CXX object CMakeFiles/tram_vehicle_msgs__rosidl_typesupport_c.dir/rosidl_typesupport_c/tram_vehicle_msgs/msg/driver_controller_command__type_support.cpp.o[0m
[ 55%] [32mBuilding CXX object CMakeFiles/tram_vehicle_msgs__rosidl_typesupport_fastrtps_c.dir/rosidl_typesupport_fastrtps_c/tram_vehicle_msgs/msg/detail/velocity_sensor__type_support_c.cpp.o[0m
[ 55%] [32mBuilding CXX object CMakeFiles/tram_vehicle_msgs__rosidl_typesupport_fastrtps_c.dir/rosidl_typesupport_fastrtps_c/tram_vehicle_msgs/msg/detail/driver_controller_command__type_support_c.cpp.o[0m
[ 60%] [32m[1mLinking CXX shared library libtram_vehicle_msgs__rosidl_typesupport_c.so[0m
[ 60%] [32mBuilding C object CMakeFiles/tram_vehicle_msgs__rosidl_typesupport_introspection_c.dir/rosidl_typesupport_introspection_c/tram_vehicle_msgs/msg/detail/velocity_sensor__type_support.c.o[0m
[ 62%] [32mBuilding C object CMakeFiles/tram_vehicle_msgs__rosidl_typesupport_introspection_c.dir/rosidl_typesupport_introspection_c/tram_vehicle_msgs/msg/detail/driver_controller_command__type_support.c.o[0m
[ 67%] [32m[1mLinking C shared library libtram_vehicle_msgs__rosidl_typesupport_introspection_c.so[0m
[ 67%] [32m[1mLinking CXX shared library libtram_vehicle_msgs__rosidl_typesupport_cpp.so[0m
[ 70%] [32m[1mLinking CXX shared library libtram_vehicle_msgs__rosidl_typesupport_introspection_cpp.so[0m
[ 70%] Built target tram_vehicle_msgs__rosidl_typesupport_introspection_c
[ 72%] [32m[1mLinking CXX shared library libtram_vehicle_msgs__rosidl_typesupport_fastrtps_cpp.so[0m
[ 72%] Built target tram_vehicle_msgs__rosidl_typesupport_c
[ 72%] Built target tram_vehicle_msgs__rosidl_typesupport_cpp
[ 75%] [32m[1mLinking CXX shared library libtram_vehicle_msgs__rosidl_typesupport_fastrtps_c.so[0m
[ 75%] Built target tram_vehicle_msgs__rosidl_typesupport_introspection_cpp
[ 75%] Built target tram_vehicle_msgs__rosidl_typesupport_fastrtps_cpp
[ 75%] Built target tram_vehicle_msgs__rosidl_typesupport_fastrtps_c
[ 75%] Built target tram_vehicle_msgs
[ 77%] [34m[1mGenerating Python code for ROS interfaces[0m
[ 77%] Built target tram_vehicle_msgs__py
[ 82%] [32mBuilding C object CMakeFiles/tram_vehicle_msgs__rosidl_generator_py.dir/rosidl_generator_py/tram_vehicle_msgs/msg/_driver_controller_command_s.c.o[0m
[ 82%] [32mBuilding C object CMakeFiles/tram_vehicle_msgs__rosidl_generator_py.dir/rosidl_generator_py/tram_vehicle_msgs/msg/_velocity_sensor_s.c.o[0m
[ 85%] [32m[1mLinking C shared library rosidl_generator_py/tram_vehicle_msgs/libtram_vehicle_msgs__rosidl_generator_py.so[0m
[ 85%] Built target tram_vehicle_msgs__rosidl_generator_py
[ 92%] [32mBuilding C object CMakeFiles/tram_vehicle_msgs__rosidl_typesupport_fastrtps_c__pyext.dir/rosidl_generator_py/tram_vehicle_msgs/_tram_vehicle_msgs_s.ep.rosidl_typesupport_fastrtps_c.c.o[0m
[ 92%] [32mBuilding C object CMakeFiles/tram_vehicle_msgs__rosidl_typesupport_c__pyext.dir/rosidl_generator_py/tram_vehicle_msgs/_tram_vehicle_msgs_s.ep.rosidl_typesupport_c.c.o[0m
[ 92%] [32mBuilding C object CMakeFiles/tram_vehicle_msgs__rosidl_typesupport_introspection_c__pyext.dir/rosidl_generator_py/tram_vehicle_msgs/_tram_vehicle_msgs_s.ep.rosidl_typesupport_introspection_c.c.o[0m
[100%] [32m[1mLinking C shared library rosidl_generator_py/tram_vehicle_msgs/tram_vehicle_msgs_s__rosidl_typesupport_introspection_c.cpython-310-x86_64-linux-gnu.so[0m
[100%] [32m[1mLinking C shared library rosidl_generator_py/tram_vehicle_msgs/tram_vehicle_msgs_s__rosidl_typesupport_c.cpython-310-x86_64-linux-gnu.so[0m
[100%] [32m[1mLinking C shared library rosidl_generator_py/tram_vehicle_msgs/tram_vehicle_msgs_s__rosidl_typesupport_fastrtps_c.cpython-310-x86_64-linux-gnu.so[0m
[100%] Built target tram_vehicle_msgs__rosidl_typesupport_introspection_c__pyext
[100%] Built target tram_vehicle_msgs__rosidl_typesupport_fastrtps_c__pyext
[100%] Built target tram_vehicle_msgs__rosidl_typesupport_c__pyext
-- Install configuration: ""
-- Installing: /home/w6228/tram_ws/install/tram_vehicle_msgs/share/ament_index/resource_index/rosidl_interfaces/tram_vehicle_msgs
-- Installing: /home/w6228/tram_ws/install/tram_vehicle_msgs/include/tram_vehicle_msgs/tram_vehicle_msgs
-- Installing: /home/w6228/tram_ws/install/tram_vehicle_msgs/include/tram_vehicle_msgs/tram_vehicle_msgs/msg
-- Installing: /home/w6228/tram_ws/install/tram_vehicle_msgs/include/tram_vehicle_msgs/tram_vehicle_msgs/msg/rosidl_generator_c__visibility_control.h
-- Installing: /home/w6228/tram_ws/install/tram_vehicle_msgs/include/tram_vehicle_msgs/tram_vehicle_msgs/msg/driver_controller_command.h
-- Installing: /home/w6228/tram_ws/install/tram_vehicle_msgs/include/tram_vehicle_msgs/tram_vehicle_msgs/msg/velocity_sensor.h
-- Installing: /home/w6228/tram_ws/install/tram_vehicle_msgs/include/tram_vehicle_msgs/tram_vehicle_msgs/msg/detail
-- Installing: /home/w6228/tram_ws/install/tram_vehicle_msgs/include/tram_vehicle_msgs/tram_vehicle_msgs/msg/detail/driver_controller_command__struct.h
-- Installing: /home/w6228/tram_ws/install/tram_vehicle_msgs/include/tram_vehicle_msgs/tram_vehicle_msgs/msg/detail/velocity_sensor__functions.h
-- Installing: /home/w6228/tram_ws/install/tram_vehicle_msgs/include/tram_vehicle_msgs/tram_vehicle_msgs/msg/detail/driver_controller_command__type_support.h
-- Installing: /home/w6228/tram_ws/install/tram_vehicle_msgs/include/tram_vehicle_msgs/tram_vehicle_msgs/msg/detail/velocity_sensor__functions.c
-- Installing: /home/w6228/tram_ws/install/tram_vehicle_msgs/include/tram_vehicle_msgs/tram_vehicle_msgs/msg/detail/velocity_sensor__struct.h
-- Installing: /home/w6228/tram_ws/install/tram_vehicle_msgs/include/tram_vehicle_msgs/tram_vehicle_msgs/msg/detail/velocity_sensor__type_support.h
-- Installing: /home/w6228/tram_ws/install/tram_vehicle_msgs/include/tram_vehicle_msgs/tram_vehicle_msgs/msg/detail/driver_controller_command__functions.h
-- Installing: /home/w6228/tram_ws/install/tram_vehicle_msgs/include/tram_vehicle_msgs/tram_vehicle_msgs/msg/detail/driver_controller_command__functions.c
-- Installing: /home/w6228/tram_ws/install/tram_vehicle_msgs/share/tram_vehicle_msgs/environment/library_path.sh
-- Installing: /home/w6228/tram_ws/install/tram_vehicle_msgs/share/tram_vehicle_msgs/environment/library_path.dsv
-- Installing: /home/w6228/tram_ws/install/tram_vehicle_msgs/lib/libtram_vehicle_msgs__rosidl_generator_c.so
-- Set runtime path of "/home/w6228/tram_ws/install/tram_vehicle_msgs/lib/libtram_vehicle_msgs__rosidl_generator_c.so" to ""
-- Up-to-date: /home/w6228/tram_ws/install/tram_vehicle_msgs/include/tram_vehicle_msgs/tram_vehicle_msgs
-- Up-to-date: /home/w6228/tram_ws/install/tram_vehicle_msgs/include/tram_vehicle_msgs/tram_vehicle_msgs/msg
-- Installing: /home/w6228/tram_ws/install/tram_vehicle_msgs/include/tram_vehicle_msgs/tram_vehicle_msgs/msg/rosidl_typesupport_fastrtps_c__visibility_control.h
-- Up-to-date: /home/w6228/tram_ws/install/tram_vehicle_msgs/include/tram_vehicle_msgs/tram_vehicle_msgs/msg/detail
-- Installing: /home/w6228/tram_ws/install/tram_vehicle_msgs/include/tram_vehicle_msgs/tram_vehicle_msgs/msg/detail/velocity_sensor__rosidl_typesupport_fastrtps_c.h
-- Installing: /home/w6228/tram_ws/install/tram_vehicle_msgs/include/tram_vehicle_msgs/tram_vehicle_msgs/msg/detail/driver_controller_command__rosidl_typesupport_fastrtps_c.h
-- Installing: /home/w6228/tram_ws/install/tram_vehicle_msgs/lib/libtram_vehicle_msgs__rosidl_typesupport_fastrtps_c.so
-- Set runtime path of "/home/w6228/tram_ws/install/tram_vehicle_msgs/lib/libtram_vehicle_msgs__rosidl_typesupport_fastrtps_c.so" to ""
-- Up-to-date: /home/w6228/tram_ws/install/tram_vehicle_msgs/include/tram_vehicle_msgs/tram_vehicle_msgs
-- Up-to-date: /home/w6228/tram_ws/install/tram_vehicle_msgs/include/tram_vehicle_msgs/tram_vehicle_msgs/msg
-- Installing: /home/w6228/tram_ws/install/tram_vehicle_msgs/include/tram_vehicle_msgs/tram_vehicle_msgs/msg/velocity_sensor.hpp
-- Installing: /home/w6228/tram_ws/install/tram_vehicle_msgs/include/tram_vehicle_msgs/tram_vehicle_msgs/msg/driver_controller_command.hpp
-- Installing: /home/w6228/tram_ws/install/tram_vehicle_msgs/include/tram_vehicle_msgs/tram_vehicle_msgs/msg/rosidl_generator_cpp__visibility_control.hpp
-- Up-to-date: /home/w6228/tram_ws/install/tram_vehicle_msgs/include/tram_vehicle_msgs/tram_vehicle_msgs/msg/detail
-- Installing: /home/w6228/tram_ws/install/tram_vehicle_msgs/include/tram_vehicle_msgs/tram_vehicle_msgs/msg/detail/velocity_sensor__traits.hpp
-- Installing: /home/w6228/tram_ws/install/tram_vehicle_msgs/include/tram_vehicle_msgs/tram_vehicle_msgs/msg/detail/driver_controller_command__builder.hpp
-- Installing: /home/w6228/tram_ws/install/tram_vehicle_msgs/include/tram_vehicle_msgs/tram_vehicle_msgs/msg/detail/driver_controller_command__struct.hpp
-- Installing: /home/w6228/tram_ws/install/tram_vehicle_msgs/include/tram_vehicle_msgs/tram_vehicle_msgs/msg/detail/velocity_sensor__builder.hpp
-- Installing: /home/w6228/tram_ws/install/tram_vehicle_msgs/include/tram_vehicle_msgs/tram_vehicle_msgs/msg/detail/driver_controller_command__type_support.hpp
-- Installing: /home/w6228/tram_ws/install/tram_vehicle_msgs/include/tram_vehicle_msgs/tram_vehicle_msgs/msg/detail/velocity_sensor__struct.hpp
-- Installing: /home/w6228/tram_ws/install/tram_vehicle_msgs/include/tram_vehicle_msgs/tram_vehicle_msgs/msg/detail/driver_controller_command__traits.hpp
-- Installing: /home/w6228/tram_ws/install/tram_vehicle_msgs/include/tram_vehicle_msgs/tram_vehicle_msgs/msg/detail/velocity_sensor__type_support.hpp
-- Up-to-date: /home/w6228/tram_ws/install/tram_vehicle_msgs/include/tram_vehicle_msgs/tram_vehicle_msgs
-- Up-to-date: /home/w6228/tram_ws/install/tram_vehicle_msgs/include/tram_vehicle_msgs/tram_vehicle_msgs/msg
-- Installing: /home/w6228/tram_ws/install/tram_vehicle_msgs/include/tram_vehicle_msgs/tram_vehicle_msgs/msg/rosidl_typesupport_fastrtps_cpp__visibility_control.h
-- Up-to-date: /home/w6228/tram_ws/install/tram_vehicle_msgs/include/tram_vehicle_msgs/tram_vehicle_msgs/msg/detail
-- Installing: /home/w6228/tram_ws/install/tram_vehicle_msgs/include/tram_vehicle_msgs/tram_vehicle_msgs/msg/detail/velocity_sensor__rosidl_typesupport_fastrtps_cpp.hpp
-- Installing: /home/w6228/tram_ws/install/tram_vehicle_msgs/include/tram_vehicle_msgs/tram_vehicle_msgs/msg/detail/driver_controller_command__rosidl_typesupport_fastrtps_cpp.hpp
-- Installing: /home/w6228/tram_ws/install/tram_vehicle_msgs/include/tram_vehicle_msgs/tram_vehicle_msgs/msg/detail/dds_fastrtps
-- Installing: /home/w6228/tram_ws/install/tram_vehicle_msgs/lib/libtram_vehicle_msgs__rosidl_typesupport_fastrtps_cpp.so
-- Set runtime path of "/home/w6228/tram_ws/install/tram_vehicle_msgs/lib/libtram_vehicle_msgs__rosidl_typesupport_fastrtps_cpp.so" to ""
-- Up-to-date: /home/w6228/tram_ws/install/tram_vehicle_msgs/include/tram_vehicle_msgs/tram_vehicle_msgs
-- Up-to-date: /home/w6228/tram_ws/install/tram_vehicle_msgs/include/tram_vehicle_msgs/tram_vehicle_msgs/msg
-- Installing: /home/w6228/tram_ws/install/tram_vehicle_msgs/include/tram_vehicle_msgs/tram_vehicle_msgs/msg/rosidl_typesupport_introspection_c__visibility_control.h
-- Up-to-date: /home/w6228/tram_ws/install/tram_vehicle_msgs/include/tram_vehicle_msgs/tram_vehicle_msgs/msg/detail
-- Installing: /home/w6228/tram_ws/install/tram_vehicle_msgs/include/tram_vehicle_msgs/tram_vehicle_msgs/msg/detail/driver_controller_command__rosidl_typesupport_introspection_c.h
-- Installing: /home/w6228/tram_ws/install/tram_vehicle_msgs/include/tram_vehicle_msgs/tram_vehicle_msgs/msg/detail/velocity_sensor__type_support.c
-- Installing: /home/w6228/tram_ws/install/tram_vehicle_msgs/include/tram_vehicle_msgs/tram_vehicle_msgs/msg/detail/driver_controller_command__type_support.c
-- Installing: /home/w6228/tram_ws/install/tram_vehicle_msgs/include/tram_vehicle_msgs/tram_vehicle_msgs/msg/detail/velocity_sensor__rosidl_typesupport_introspection_c.h
-- Installing: /home/w6228/tram_ws/install/tram_vehicle_msgs/lib/libtram_vehicle_msgs__rosidl_typesupport_introspection_c.so
-- Set runtime path of "/home/w6228/tram_ws/install/tram_vehicle_msgs/lib/libtram_vehicle_msgs__rosidl_typesupport_introspection_c.so" to ""
-- Installing: /home/w6228/tram_ws/install/tram_vehicle_msgs/lib/libtram_vehicle_msgs__rosidl_typesupport_c.so
-- Set runtime path of "/home/w6228/tram_ws/install/tram_vehicle_msgs/lib/libtram_vehicle_msgs__rosidl_typesupport_c.so" to ""
-- Up-to-date: /home/w6228/tram_ws/install/tram_vehicle_msgs/include/tram_vehicle_msgs/tram_vehicle_msgs
-- Up-to-date: /home/w6228/tram_ws/install/tram_vehicle_msgs/include/tram_vehicle_msgs/tram_vehicle_msgs/msg
-- Up-to-date: /home/w6228/tram_ws/install/tram_vehicle_msgs/include/tram_vehicle_msgs/tram_vehicle_msgs/msg/detail
-- Installing: /home/w6228/tram_ws/install/tram_vehicle_msgs/include/tram_vehicle_msgs/tram_vehicle_msgs/msg/detail/driver_controller_command__type_support.cpp
-- Installing: /home/w6228/tram_ws/install/tram_vehicle_msgs/include/tram_vehicle_msgs/tram_vehicle_msgs/msg/detail/driver_controller_command__rosidl_typesupport_introspection_cpp.hpp
-- Installing: /home/w6228/tram_ws/install/tram_vehicle_msgs/include/tram_vehicle_msgs/tram_vehicle_msgs/msg/detail/velocity_sensor__rosidl_typesupport_introspection_cpp.hpp
-- Installing: /home/w6228/tram_ws/install/tram_vehicle_msgs/include/tram_vehicle_msgs/tram_vehicle_msgs/msg/detail/velocity_sensor__type_support.cpp
-- Installing: /home/w6228/tram_ws/install/tram_vehicle_msgs/lib/libtram_vehicle_msgs__rosidl_typesupport_introspection_cpp.so
-- Set runtime path of "/home/w6228/tram_ws/install/tram_vehicle_msgs/lib/libtram_vehicle_msgs__rosidl_typesupport_introspection_cpp.so" to ""
-- Installing: /home/w6228/tram_ws/install/tram_vehicle_msgs/lib/libtram_vehicle_msgs__rosidl_typesupport_cpp.so
-- Set runtime path of "/home/w6228/tram_ws/install/tram_vehicle_msgs/lib/libtram_vehicle_msgs__rosidl_typesupport_cpp.so" to ""
-- Installing: /home/w6228/tram_ws/install/tram_vehicle_msgs/share/tram_vehicle_msgs/environment/pythonpath.sh
-- Installing: /home/w6228/tram_ws/install/tram_vehicle_msgs/share/tram_vehicle_msgs/environment/pythonpath.dsv
-- Installing: /home/w6228/tram_ws/install/tram_vehicle_msgs/local/lib/python3.10/dist-packages/tram_vehicle_msgs-0.0.0-py3.10.egg-info
-- Installing: /home/w6228/tram_ws/install/tram_vehicle_msgs/local/lib/python3.10/dist-packages/tram_vehicle_msgs-0.0.0-py3.10.egg-info/PKG-INFO
-- Installing: /home/w6228/tram_ws/install/tram_vehicle_msgs/local/lib/python3.10/dist-packages/tram_vehicle_msgs-0.0.0-py3.10.egg-info/SOURCES.txt
-- Installing: /home/w6228/tram_ws/install/tram_vehicle_msgs/local/lib/python3.10/dist-packages/tram_vehicle_msgs-0.0.0-py3.10.egg-info/top_level.txt
-- Installing: /home/w6228/tram_ws/install/tram_vehicle_msgs/local/lib/python3.10/dist-packages/tram_vehicle_msgs-0.0.0-py3.10.egg-info/dependency_links.txt
-- Installing: /home/w6228/tram_ws/install/tram_vehicle_msgs/local/lib/python3.10/dist-packages/tram_vehicle_msgs
-- Installing: /home/w6228/tram_ws/install/tram_vehicle_msgs/local/lib/python3.10/dist-packages/tram_vehicle_msgs/tram_vehicle_msgs_s__rosidl_typesupport_fastrtps_c.cpython-310-x86_64-linux-gnu.so
-- Installing: /home/w6228/tram_ws/install/tram_vehicle_msgs/local/lib/python3.10/dist-packages/tram_vehicle_msgs/msg
-- Installing: /home/w6228/tram_ws/install/tram_vehicle_msgs/local/lib/python3.10/dist-packages/tram_vehicle_msgs/msg/_driver_controller_command.py
-- Installing: /home/w6228/tram_ws/install/tram_vehicle_msgs/local/lib/python3.10/dist-packages/tram_vehicle_msgs/msg/_driver_controller_command_s.c
-- Installing: /home/w6228/tram_ws/install/tram_vehicle_msgs/local/lib/python3.10/dist-packages/tram_vehicle_msgs/msg/_velocity_sensor.py
-- Installing: /home/w6228/tram_ws/install/tram_vehicle_msgs/local/lib/python3.10/dist-packages/tram_vehicle_msgs/msg/__init__.py
-- Installing: /home/w6228/tram_ws/install/tram_vehicle_msgs/local/lib/python3.10/dist-packages/tram_vehicle_msgs/msg/_velocity_sensor_s.c
-- Installing: /home/w6228/tram_ws/install/tram_vehicle_msgs/local/lib/python3.10/dist-packages/tram_vehicle_msgs/tram_vehicle_msgs_s__rosidl_typesupport_introspection_c.cpython-310-x86_64-linux-gnu.so
-- Installing: /home/w6228/tram_ws/install/tram_vehicle_msgs/local/lib/python3.10/dist-packages/tram_vehicle_msgs/tram_vehicle_msgs_s__rosidl_typesupport_c.cpython-310-x86_64-linux-gnu.so
-- Installing: /home/w6228/tram_ws/install/tram_vehicle_msgs/local/lib/python3.10/dist-packages/tram_vehicle_msgs/libtram_vehicle_msgs__rosidl_generator_py.so
-- Installing: /home/w6228/tram_ws/install/tram_vehicle_msgs/local/lib/python3.10/dist-packages/tram_vehicle_msgs/_tram_vehicle_msgs_s.ep.rosidl_typesupport_c.c
-- Installing: /home/w6228/tram_ws/install/tram_vehicle_msgs/local/lib/python3.10/dist-packages/tram_vehicle_msgs/_tram_vehicle_msgs_s.ep.rosidl_typesupport_fastrtps_c.c
-- Installing: /home/w6228/tram_ws/install/tram_vehicle_msgs/local/lib/python3.10/dist-packages/tram_vehicle_msgs/_tram_vehicle_msgs_s.ep.rosidl_typesupport_introspection_c.c
-- Installing: /home/w6228/tram_ws/install/tram_vehicle_msgs/local/lib/python3.10/dist-packages/tram_vehicle_msgs/__init__.py
Listing '/home/w6228/tram_ws/install/tram_vehicle_msgs/local/lib/python3.10/dist-packages/tram_vehicle_msgs'...
Compiling '/home/w6228/tram_ws/install/tram_vehicle_msgs/local/lib/python3.10/dist-packages/tram_vehicle_msgs/__init__.py'...
Listing '/home/w6228/tram_ws/install/tram_vehicle_msgs/local/lib/python3.10/dist-packages/tram_vehicle_msgs/msg'...
Compiling '/home/w6228/tram_ws/install/tram_vehicle_msgs/local/lib/python3.10/dist-packages/tram_vehicle_msgs/msg/__init__.py'...
Compiling '/home/w6228/tram_ws/install/tram_vehicle_msgs/local/lib/python3.10/dist-packages/tram_vehicle_msgs/msg/_driver_controller_command.py'...
Compiling '/home/w6228/tram_ws/install/tram_vehicle_msgs/local/lib/python3.10/dist-packages/tram_vehicle_msgs/msg/_velocity_sensor.py'...
-- Installing: /home/w6228/tram_ws/install/tram_vehicle_msgs/local/lib/python3.10/dist-packages/tram_vehicle_msgs/tram_vehicle_msgs_s__rosidl_typesupport_fastrtps_c.cpython-310-x86_64-linux-gnu.so
-- Set runtime path of "/home/w6228/tram_ws/install/tram_vehicle_msgs/local/lib/python3.10/dist-packages/tram_vehicle_msgs/tram_vehicle_msgs_s__rosidl_typesupport_fastrtps_c.cpython-310-x86_64-linux-gnu.so" to ""
-- Installing: /home/w6228/tram_ws/install/tram_vehicle_msgs/local/lib/python3.10/dist-packages/tram_vehicle_msgs/tram_vehicle_msgs_s__rosidl_typesupport_introspection_c.cpython-310-x86_64-linux-gnu.so
-- Set runtime path of "/home/w6228/tram_ws/install/tram_vehicle_msgs/local/lib/python3.10/dist-packages/tram_vehicle_msgs/tram_vehicle_msgs_s__rosidl_typesupport_introspection_c.cpython-310-x86_64-linux-gnu.so" to ""
-- Installing: /home/w6228/tram_ws/install/tram_vehicle_msgs/local/lib/python3.10/dist-packages/tram_vehicle_msgs/tram_vehicle_msgs_s__rosidl_typesupport_c.cpython-310-x86_64-linux-gnu.so
-- Set runtime path of "/home/w6228/tram_ws/install/tram_vehicle_msgs/local/lib/python3.10/dist-packages/tram_vehicle_msgs/tram_vehicle_msgs_s__rosidl_typesupport_c.cpython-310-x86_64-linux-gnu.so" to ""
-- Installing: /home/w6228/tram_ws/install/tram_vehicle_msgs/lib/libtram_vehicle_msgs__rosidl_generator_py.so
-- Set runtime path of "/home/w6228/tram_ws/install/tram_vehicle_msgs/lib/libtram_vehicle_msgs__rosidl_generator_py.so" to ""
-- Installing: /home/w6228/tram_ws/install/tram_vehicle_msgs/share/tram_vehicle_msgs/rust
-- Installing: /home/w6228/tram_ws/install/tram_vehicle_msgs/share/tram_vehicle_msgs/rust/src
-- Installing: /home/w6228/tram_ws/install/tram_vehicle_msgs/share/tram_vehicle_msgs/rust/src/lib.rs
-- Installing: /home/w6228/tram_ws/install/tram_vehicle_msgs/share/tram_vehicle_msgs/rust/src/msg
-- Installing: /home/w6228/tram_ws/install/tram_vehicle_msgs/share/tram_vehicle_msgs/rust/src/msg/rmw.rs
-- Installing: /home/w6228/tram_ws/install/tram_vehicle_msgs/share/tram_vehicle_msgs/rust/src/msg.rs
-- Installing: /home/w6228/tram_ws/install/tram_vehicle_msgs/share/tram_vehicle_msgs/rust/build.rs
-- Installing: /home/w6228/tram_ws/install/tram_vehicle_msgs/share/tram_vehicle_msgs/rust/Cargo.toml
-- Installing: /home/w6228/tram_ws/install/tram_vehicle_msgs/share/tram_vehicle_msgs/msg/VelocitySensor.idl
-- Installing: /home/w6228/tram_ws/install/tram_vehicle_msgs/share/tram_vehicle_msgs/msg/DriverControllerCommand.idl
-- Installing: /home/w6228/tram_ws/install/tram_vehicle_msgs/share/tram_vehicle_msgs/msg/VelocitySensor.msg
-- Installing: /home/w6228/tram_ws/install/tram_vehicle_msgs/share/tram_vehicle_msgs/msg/DriverControllerCommand.msg
-- Installing: /home/w6228/tram_ws/install/tram_vehicle_msgs/share/ament_index/resource_index/package_run_dependencies/tram_vehicle_msgs
-- Installing: /home/w6228/tram_ws/install/tram_vehicle_msgs/share/ament_index/resource_index/parent_prefix_path/tram_vehicle_msgs
-- Installing: /home/w6228/tram_ws/install/tram_vehicle_msgs/share/tram_vehicle_msgs/environment/ament_prefix_path.sh
-- Installing: /home/w6228/tram_ws/install/tram_vehicle_msgs/share/tram_vehicle_msgs/environment/ament_prefix_path.dsv
-- Installing: /home/w6228/tram_ws/install/tram_vehicle_msgs/share/tram_vehicle_msgs/environment/path.sh
-- Installing: /home/w6228/tram_ws/install/tram_vehicle_msgs/share/tram_vehicle_msgs/environment/path.dsv
-- Installing: /home/w6228/tram_ws/install/tram_vehicle_msgs/share/tram_vehicle_msgs/local_setup.bash
-- Installing: /home/w6228/tram_ws/install/tram_vehicle_msgs/share/tram_vehicle_msgs/local_setup.sh
-- Installing: /home/w6228/tram_ws/install/tram_vehicle_msgs/share/tram_vehicle_msgs/local_setup.zsh
-- Installing: /home/w6228/tram_ws/install/tram_vehicle_msgs/share/tram_vehicle_msgs/local_setup.dsv
-- Installing: /home/w6228/tram_ws/install/tram_vehicle_msgs/share/tram_vehicle_msgs/package.dsv
-- Installing: /home/w6228/tram_ws/install/tram_vehicle_msgs/share/ament_index/resource_index/packages/tram_vehicle_msgs
-- Installing: /home/w6228/tram_ws/install/tram_vehicle_msgs/share/tram_vehicle_msgs/cmake/export_tram_vehicle_msgs__rosidl_generator_cExport.cmake
-- Installing: /home/w6228/tram_ws/install/tram_vehicle_msgs/share/tram_vehicle_msgs/cmake/export_tram_vehicle_msgs__rosidl_generator_cExport-noconfig.cmake
-- Installing: /home/w6228/tram_ws/install/tram_vehicle_msgs/share/tram_vehicle_msgs/cmake/export_tram_vehicle_msgs__rosidl_typesupport_fastrtps_cExport.cmake
-- Installing: /home/w6228/tram_ws/install/tram_vehicle_msgs/share/tram_vehicle_msgs/cmake/export_tram_vehicle_msgs__rosidl_typesupport_fastrtps_cExport-noconfig.cmake
-- Installing: /home/w6228/tram_ws/install/tram_vehicle_msgs/share/tram_vehicle_msgs/cmake/export_tram_vehicle_msgs__rosidl_generator_cppExport.cmake
-- Installing: /home/w6228/tram_ws/install/tram_vehicle_msgs/share/tram_vehicle_msgs/cmake/export_tram_vehicle_msgs__rosidl_typesupport_fastrtps_cppExport.cmake
-- Installing: /home/w6228/tram_ws/install/tram_vehicle_msgs/share/tram_vehicle_msgs/cmake/export_tram_vehicle_msgs__rosidl_typesupport_fastrtps_cppExport-noconfig.cmake
-- Installing: /home/w6228/tram_ws/install/tram_vehicle_msgs/share/tram_vehicle_msgs/cmake/tram_vehicle_msgs__rosidl_typesupport_introspection_cExport.cmake
-- Installing: /home/w6228/tram_ws/install/tram_vehicle_msgs/share/tram_vehicle_msgs/cmake/tram_vehicle_msgs__rosidl_typesupport_introspection_cExport-noconfig.cmake
-- Installing: /home/w6228/tram_ws/install/tram_vehicle_msgs/share/tram_vehicle_msgs/cmake/tram_vehicle_msgs__rosidl_typesupport_cExport.cmake
-- Installing: /home/w6228/tram_ws/install/tram_vehicle_msgs/share/tram_vehicle_msgs/cmake/tram_vehicle_msgs__rosidl_typesupport_cExport-noconfig.cmake
-- Installing: /home/w6228/tram_ws/install/tram_vehicle_msgs/share/tram_vehicle_msgs/cmake/tram_vehicle_msgs__rosidl_typesupport_introspection_cppExport.cmake
-- Installing: /home/w6228/tram_ws/install/tram_vehicle_msgs/share/tram_vehicle_msgs/cmake/tram_vehicle_msgs__rosidl_typesupport_introspection_cppExport-noconfig.cmake
-- Installing: /home/w6228/tram_ws/install/tram_vehicle_msgs/share/tram_vehicle_msgs/cmake/tram_vehicle_msgs__rosidl_typesupport_cppExport.cmake
-- Installing: /home/w6228/tram_ws/install/tram_vehicle_msgs/share/tram_vehicle_msgs/cmake/tram_vehicle_msgs__rosidl_typesupport_cppExport-noconfig.cmake
-- Installing: /home/w6228/tram_ws/install/tram_vehicle_msgs/share/tram_vehicle_msgs/cmake/export_tram_vehicle_msgs__rosidl_generator_pyExport.cmake
-- Installing: /home/w6228/tram_ws/install/tram_vehicle_msgs/share/tram_vehicle_msgs/cmake/export_tram_vehicle_msgs__rosidl_generator_pyExport-noconfig.cmake
-- Installing: /home/w6228/tram_ws/install/tram_vehicle_msgs/share/tram_vehicle_msgs/cmake/rosidl_cmake-extras.cmake
-- Installing: /home/w6228/tram_ws/install/tram_vehicle_msgs/share/tram_vehicle_msgs/cmake/ament_cmake_export_dependencies-extras.cmake
-- Installing: /home/w6228/tram_ws/install/tram_vehicle_msgs/share/tram_vehicle_msgs/cmake/ament_cmake_export_include_directories-extras.cmake
-- Installing: /home/w6228/tram_ws/install/tram_vehicle_msgs/share/tram_vehicle_msgs/cmake/ament_cmake_export_libraries-extras.cmake
-- Installing: /home/w6228/tram_ws/install/tram_vehicle_msgs/share/tram_vehicle_msgs/cmake/ament_cmake_export_targets-extras.cmake
-- Installing: /home/w6228/tram_ws/install/tram_vehicle_msgs/share/tram_vehicle_msgs/cmake/rosidl_cmake_export_typesupport_targets-extras.cmake
-- Installing: /home/w6228/tram_ws/install/tram_vehicle_msgs/share/tram_vehicle_msgs/cmake/rosidl_cmake_export_typesupport_libraries-extras.cmake
-- Installing: /home/w6228/tram_ws/install/tram_vehicle_msgs/share/tram_vehicle_msgs/cmake/rosidl_cmake_aggregate_target-extras.cmake
-- Installing: /home/w6228/tram_ws/install/tram_vehicle_msgs/share/tram_vehicle_msgs/cmake/tram_vehicle_msgsConfig.cmake
-- Installing: /home/w6228/tram_ws/install/tram_vehicle_msgs/share/tram_vehicle_msgs/cmake/tram_vehicle_msgsConfig-version.cmake
-- Installing: /home/w6228/tram_ws/install/tram_vehicle_msgs/share/tram_vehicle_msgs/package.xml
