[0.006s] Invoking command in '/home/w6228/tram_ws/build/tram_vehicle_msgs': CMAKE_PREFIX_PATH=${CMAKE_PREFIX_PATH}:/home/w6228/tram_ws/install/tram_reserve_odometry:/opt/ros/humble /usr/bin/cmake /home/w6228/tram_ws/src/tram_vehicle_msgs -DCMAKE_INSTALL_PREFIX=/home/w6228/tram_ws/install/tram_vehicle_msgs
[0.133s] -- The C compiler identification is GNU 11.4.0
[0.477s] -- The CXX compiler identification is GNU 11.4.0
[0.751s] -- Detecting C compiler ABI info
[0.861s] -- Detecting C compiler ABI info - done
[0.864s] -- Check for working C compiler: /usr/bin/cc - skipped
[0.864s] -- Detecting C compile features
[0.864s] -- Detecting C compile features - done
[0.866s] -- Detecting CXX compiler ABI info
[0.972s] -- Detecting CXX compiler ABI info - done
[0.977s] -- Check for working CXX compiler: /usr/bin/c++ - skipped
[0.977s] -- Detecting CXX compile features
[0.977s] -- Detecting CXX compile features - done
[0.978s] -- Found std_msgs: 4.9.2 (/opt/ros/humble/share/std_msgs/cmake)
[1.056s] -- Found Python3: /usr/bin/python3 (found version "3.10.12") found components: Interpreter 
[1.219s] -- Found rosidl_generator_c: 3.1.9 (/opt/ros/humble/share/rosidl_generator_c/cmake)
[1.221s] -- Found rosidl_adapter: 3.1.9 (/opt/ros/humble/share/rosidl_adapter/cmake)
[1.224s] -- Found rosidl_generator_cpp: 3.1.9 (/opt/ros/humble/share/rosidl_generator_cpp/cmake)
[1.229s] -- Using all available rosidl_typesupport_c: rosidl_typesupport_fastrtps_c;rosidl_typesupport_introspection_c
[1.236s] -- Using all available rosidl_typesupport_cpp: rosidl_typesupport_fastrtps_cpp;rosidl_typesupport_introspection_cpp
[1.247s] -- Found rosidl_default_generators: 1.2.1 (/opt/ros/humble/share/rosidl_default_generators/cmake)
[1.390s] -- Found ament_cmake_ros: 0.10.1 (/opt/ros/humble/share/ament_cmake_ros/cmake)
[1.574s] -- Using all available rosidl_typesupport_c: rosidl_typesupport_fastrtps_c;rosidl_typesupport_introspection_c
[1.642s] -- Using all available rosidl_typesupport_cpp: rosidl_typesupport_fastrtps_cpp;rosidl_typesupport_introspection_cpp
[1.739s] -- Found PythonInterp: /usr/bin/python3 (found suitable version "3.10.12", minimum required is "3.6") 
[1.739s] -- Found python_cmake_module: 0.10.0 (/opt/ros/humble/share/python_cmake_module/cmake)
[2.051s] -- Found PythonLibs: /usr/lib/x86_64-linux-gnu/libpython3.10.so (found suitable version "3.10.12", minimum required is "3.5") 
[2.051s] -- Using PYTHON_EXECUTABLE: /usr/bin/python3
[2.051s] -- Using PYTHON_INCLUDE_DIRS: /usr/include/python3.10
[2.051s] -- Using PYTHON_LIBRARIES: /usr/lib/x86_64-linux-gnu/libpython3.10.so
[2.062s] -- Found PythonExtra: .so  
[2.150s] -- Configuring done
[2.169s] -- Generating done
[2.175s] -- Build files have been written to: /home/w6228/tram_ws/build/tram_vehicle_msgs
[2.180s] Invoked command in '/home/w6228/tram_ws/build/tram_vehicle_msgs' returned '0': CMAKE_PREFIX_PATH=${CMAKE_PREFIX_PATH}:/home/w6228/tram_ws/install/tram_reserve_odometry:/opt/ros/humble /usr/bin/cmake /home/w6228/tram_ws/src/tram_vehicle_msgs -DCMAKE_INSTALL_PREFIX=/home/w6228/tram_ws/install/tram_vehicle_msgs
[2.181s] Invoking command in '/home/w6228/tram_ws/build/tram_vehicle_msgs': CMAKE_PREFIX_PATH=${CMAKE_PREFIX_PATH}:/home/w6228/tram_ws/install/tram_reserve_odometry:/opt/ros/humble /usr/bin/cmake --build /home/w6228/tram_ws/build/tram_vehicle_msgs -- -j14 -l14
[2.201s] [  2%] [34m[1mGenerating C code for ROS interfaces[0m
[2.206s] [  7%] [34m[1mGenerating C++ code for ROS interfaces[0m
[2.206s] [  7%] [34m[1mGenerating Rust code for ROS interfaces[0m
[2.210s] [  7%] Built target ament_cmake_python_copy_tram_vehicle_msgs
[2.318s] running egg_info
[2.318s] creating tram_vehicle_msgs.egg-info
[2.319s] writing tram_vehicle_msgs.egg-info/PKG-INFO
[2.319s] writing dependency_links to tram_vehicle_msgs.egg-info/dependency_links.txt
[2.319s] writing top-level names to tram_vehicle_msgs.egg-info/top_level.txt
[2.319s] writing manifest file 'tram_vehicle_msgs.egg-info/SOURCES.txt'
[2.320s] reading manifest file 'tram_vehicle_msgs.egg-info/SOURCES.txt'
[2.320s] writing manifest file 'tram_vehicle_msgs.egg-info/SOURCES.txt'
[2.333s] [  7%] Built target tram_vehicle_msgs__rs
[2.334s] [  7%] Built target ament_cmake_python_build_tram_vehicle_msgs_egg
[2.353s] [ 12%] [32mBuilding C object CMakeFiles/tram_vehicle_msgs__rosidl_generator_c.dir/rosidl_generator_c/tram_vehicle_msgs/msg/detail/velocity_sensor__functions.c.o[0m
[2.353s] [ 12%] [32mBuilding C object CMakeFiles/tram_vehicle_msgs__rosidl_generator_c.dir/rosidl_generator_c/tram_vehicle_msgs/msg/detail/driver_controller_command__functions.c.o[0m
[2.353s] [ 12%] Built target tram_vehicle_msgs__cpp
[2.358s] [ 17%] [34m[1mGenerating C++ introspection for ROS interfaces[0m
[2.358s] [ 20%] [34m[1mGenerating C++ type support dispatch for ROS interfaces[0m
[2.358s] [ 20%] [34m[1mGenerating C++ type support for eProsima Fast-RTPS[0m
[2.376s] [ 22%] [32m[1mLinking C shared library libtram_vehicle_msgs__rosidl_generator_c.so[0m
[2.464s] [ 22%] Built target tram_vehicle_msgs__rosidl_generator_c
[2.470s] [ 30%] [34m[1mGenerating C introspection for ROS interfaces[0m
[2.470s] [ 30%] [34m[1mGenerating C type support for eProsima Fast-RTPS[0m
[2.470s] [ 30%] [34m[1mGenerating C type support dispatch for ROS interfaces[0m
[2.481s] [ 32%] [32mBuilding CXX object CMakeFiles/tram_vehicle_msgs__rosidl_typesupport_cpp.dir/rosidl_typesupport_cpp/tram_vehicle_msgs/msg/velocity_sensor__type_support.cpp.o[0m
[2.482s] [ 35%] [32mBuilding CXX object CMakeFiles/tram_vehicle_msgs__rosidl_typesupport_cpp.dir/rosidl_typesupport_cpp/tram_vehicle_msgs/msg/driver_controller_command__type_support.cpp.o[0m
[2.492s] [ 37%] [32mBuilding CXX object CMakeFiles/tram_vehicle_msgs__rosidl_typesupport_introspection_cpp.dir/rosidl_typesupport_introspection_cpp/tram_vehicle_msgs/msg/detail/velocity_sensor__type_support.cpp.o[0m
[2.492s] [ 40%] [32mBuilding CXX object CMakeFiles/tram_vehicle_msgs__rosidl_typesupport_introspection_cpp.dir/rosidl_typesupport_introspection_cpp/tram_vehicle_msgs/msg/detail/driver_controller_command__type_support.cpp.o[0m
[2.498s] [ 45%] [32mBuilding CXX object CMakeFiles/tram_vehicle_msgs__rosidl_typesupport_fastrtps_cpp.dir/rosidl_typesupport_fastrtps_cpp/tram_vehicle_msgs/msg/detail/dds_fastrtps/velocity_sensor__type_support.cpp.o[0m
[2.499s] [ 45%] [32mBuilding CXX object CMakeFiles/tram_vehicle_msgs__rosidl_typesupport_fastrtps_cpp.dir/rosidl_typesupport_fastrtps_cpp/tram_vehicle_msgs/msg/detail/dds_fastrtps/driver_controller_command__type_support.cpp.o[0m
[2.611s] [ 50%] [32mBuilding CXX object CMakeFiles/tram_vehicle_msgs__rosidl_typesupport_c.dir/rosidl_typesupport_c/tram_vehicle_msgs/msg/velocity_sensor__type_support.cpp.o[0m
[2.612s] [ 50%] [32mBuilding CXX object CMakeFiles/tram_vehicle_msgs__rosidl_typesupport_c.dir/rosidl_typesupport_c/tram_vehicle_msgs/msg/driver_controller_command__type_support.cpp.o[0m
[2.630s] [ 55%] [32mBuilding CXX object CMakeFiles/tram_vehicle_msgs__rosidl_typesupport_fastrtps_c.dir/rosidl_typesupport_fastrtps_c/tram_vehicle_msgs/msg/detail/velocity_sensor__type_support_c.cpp.o[0m
[2.630s] [ 55%] [32mBuilding CXX object CMakeFiles/tram_vehicle_msgs__rosidl_typesupport_fastrtps_c.dir/rosidl_typesupport_fastrtps_c/tram_vehicle_msgs/msg/detail/driver_controller_command__type_support_c.cpp.o[0m
[2.635s] [ 60%] [32m[1mLinking CXX shared library libtram_vehicle_msgs__rosidl_typesupport_c.so[0m
[2.636s] [ 60%] [32mBuilding C object CMakeFiles/tram_vehicle_msgs__rosidl_typesupport_introspection_c.dir/rosidl_typesupport_introspection_c/tram_vehicle_msgs/msg/detail/velocity_sensor__type_support.c.o[0m
[2.636s] [ 62%] [32mBuilding C object CMakeFiles/tram_vehicle_msgs__rosidl_typesupport_introspection_c.dir/rosidl_typesupport_introspection_c/tram_vehicle_msgs/msg/detail/driver_controller_command__type_support.c.o[0m
[2.655s] [ 67%] [32m[1mLinking C shared library libtram_vehicle_msgs__rosidl_typesupport_introspection_c.so[0m
[2.655s] [ 67%] [32m[1mLinking CXX shared library libtram_vehicle_msgs__rosidl_typesupport_cpp.so[0m
[2.739s] [ 70%] [32m[1mLinking CXX shared library libtram_vehicle_msgs__rosidl_typesupport_introspection_cpp.so[0m
[2.745s] [ 70%] Built target tram_vehicle_msgs__rosidl_typesupport_introspection_c
[2.751s] [ 72%] [32m[1mLinking CXX shared library libtram_vehicle_msgs__rosidl_typesupport_fastrtps_cpp.so[0m
[2.751s] [ 72%] Built target tram_vehicle_msgs__rosidl_typesupport_c
[2.772s] [ 72%] Built target tram_vehicle_msgs__rosidl_typesupport_cpp
[2.828s] [ 75%] [32m[1mLinking CXX shared library libtram_vehicle_msgs__rosidl_typesupport_fastrtps_c.so[0m
[2.853s] [ 75%] Built target tram_vehicle_msgs__rosidl_typesupport_introspection_cpp
[2.872s] [ 75%] Built target tram_vehicle_msgs__rosidl_typesupport_fastrtps_cpp
[2.951s] [ 75%] Built target tram_vehicle_msgs__rosidl_typesupport_fastrtps_c
[2.962s] [ 75%] Built target tram_vehicle_msgs
[2.972s] [ 77%] [34m[1mGenerating Python code for ROS interfaces[0m
[3.160s] [ 77%] Built target tram_vehicle_msgs__py
[3.171s] [ 82%] [32mBuilding C object CMakeFiles/tram_vehicle_msgs__rosidl_generator_py.dir/rosidl_generator_py/tram_vehicle_msgs/msg/_driver_controller_command_s.c.o[0m
[3.171s] [ 82%] [32mBuilding C object CMakeFiles/tram_vehicle_msgs__rosidl_generator_py.dir/rosidl_generator_py/tram_vehicle_msgs/msg/_velocity_sensor_s.c.o[0m
[3.218s] [ 85%] [32m[1mLinking C shared library rosidl_generator_py/tram_vehicle_msgs/libtram_vehicle_msgs__rosidl_generator_py.so[0m
[3.308s] [ 85%] Built target tram_vehicle_msgs__rosidl_generator_py
[3.318s] [ 92%] [32mBuilding C object CMakeFiles/tram_vehicle_msgs__rosidl_typesupport_fastrtps_c__pyext.dir/rosidl_generator_py/tram_vehicle_msgs/_tram_vehicle_msgs_s.ep.rosidl_typesupport_fastrtps_c.c.o[0m
[3.318s] [ 92%] [32mBuilding C object CMakeFiles/tram_vehicle_msgs__rosidl_typesupport_c__pyext.dir/rosidl_generator_py/tram_vehicle_msgs/_tram_vehicle_msgs_s.ep.rosidl_typesupport_c.c.o[0m
[3.318s] [ 92%] [32mBuilding C object CMakeFiles/tram_vehicle_msgs__rosidl_typesupport_introspection_c__pyext.dir/rosidl_generator_py/tram_vehicle_msgs/_tram_vehicle_msgs_s.ep.rosidl_typesupport_introspection_c.c.o[0m
[3.363s] [100%] [32m[1mLinking C shared library rosidl_generator_py/tram_vehicle_msgs/tram_vehicle_msgs_s__rosidl_typesupport_introspection_c.cpython-310-x86_64-linux-gnu.so[0m
[3.363s] [100%] [32m[1mLinking C shared library rosidl_generator_py/tram_vehicle_msgs/tram_vehicle_msgs_s__rosidl_typesupport_c.cpython-310-x86_64-linux-gnu.so[0m
[3.363s] [100%] [32m[1mLinking C shared library rosidl_generator_py/tram_vehicle_msgs/tram_vehicle_msgs_s__rosidl_typesupport_fastrtps_c.cpython-310-x86_64-linux-gnu.so[0m
[3.433s] [100%] Built target tram_vehicle_msgs__rosidl_typesupport_introspection_c__pyext
[3.433s] [100%] Built target tram_vehicle_msgs__rosidl_typesupport_fastrtps_c__pyext
[3.434s] [100%] Built target tram_vehicle_msgs__rosidl_typesupport_c__pyext
[3.440s] Invoked command in '/home/w6228/tram_ws/build/tram_vehicle_msgs' returned '0': CMAKE_PREFIX_PATH=${CMAKE_PREFIX_PATH}:/home/w6228/tram_ws/install/tram_reserve_odometry:/opt/ros/humble /usr/bin/cmake --build /home/w6228/tram_ws/build/tram_vehicle_msgs -- -j14 -l14
[3.445s] Invoking command in '/home/w6228/tram_ws/build/tram_vehicle_msgs': CMAKE_PREFIX_PATH=${CMAKE_PREFIX_PATH}:/home/w6228/tram_ws/install/tram_reserve_odometry:/opt/ros/humble /usr/bin/cmake --install /home/w6228/tram_ws/build/tram_vehicle_msgs
[3.448s] -- Install configuration: ""
[3.449s] -- Installing: /home/w6228/tram_ws/install/tram_vehicle_msgs/share/ament_index/resource_index/rosidl_interfaces/tram_vehicle_msgs
[3.449s] -- Installing: /home/w6228/tram_ws/install/tram_vehicle_msgs/include/tram_vehicle_msgs/tram_vehicle_msgs
[3.449s] -- Installing: /home/w6228/tram_ws/install/tram_vehicle_msgs/include/tram_vehicle_msgs/tram_vehicle_msgs/msg
[3.449s] -- Installing: /home/w6228/tram_ws/install/tram_vehicle_msgs/include/tram_vehicle_msgs/tram_vehicle_msgs/msg/rosidl_generator_c__visibility_control.h
[3.449s] -- Installing: /home/w6228/tram_ws/install/tram_vehicle_msgs/include/tram_vehicle_msgs/tram_vehicle_msgs/msg/driver_controller_command.h
[3.449s] -- Installing: /home/w6228/tram_ws/install/tram_vehicle_msgs/include/tram_vehicle_msgs/tram_vehicle_msgs/msg/velocity_sensor.h
[3.449s] -- Installing: /home/w6228/tram_ws/install/tram_vehicle_msgs/include/tram_vehicle_msgs/tram_vehicle_msgs/msg/detail
[3.449s] -- Installing: /home/w6228/tram_ws/install/tram_vehicle_msgs/include/tram_vehicle_msgs/tram_vehicle_msgs/msg/detail/driver_controller_command__struct.h
[3.449s] -- Installing: /home/w6228/tram_ws/install/tram_vehicle_msgs/include/tram_vehicle_msgs/tram_vehicle_msgs/msg/detail/velocity_sensor__functions.h
[3.449s] -- Installing: /home/w6228/tram_ws/install/tram_vehicle_msgs/include/tram_vehicle_msgs/tram_vehicle_msgs/msg/detail/driver_controller_command__type_support.h
[3.450s] -- Installing: /home/w6228/tram_ws/install/tram_vehicle_msgs/include/tram_vehicle_msgs/tram_vehicle_msgs/msg/detail/velocity_sensor__functions.c
[3.450s] -- Installing: /home/w6228/tram_ws/install/tram_vehicle_msgs/include/tram_vehicle_msgs/tram_vehicle_msgs/msg/detail/velocity_sensor__struct.h
[3.450s] -- Installing: /home/w6228/tram_ws/install/tram_vehicle_msgs/include/tram_vehicle_msgs/tram_vehicle_msgs/msg/detail/velocity_sensor__type_support.h
[3.450s] -- Installing: /home/w6228/tram_ws/install/tram_vehicle_msgs/include/tram_vehicle_msgs/tram_vehicle_msgs/msg/detail/driver_controller_command__functions.h
[3.450s] -- Installing: /home/w6228/tram_ws/install/tram_vehicle_msgs/include/tram_vehicle_msgs/tram_vehicle_msgs/msg/detail/driver_controller_command__functions.c
[3.450s] -- Installing: /home/w6228/tram_ws/install/tram_vehicle_msgs/share/tram_vehicle_msgs/environment/library_path.sh
[3.450s] -- Installing: /home/w6228/tram_ws/install/tram_vehicle_msgs/share/tram_vehicle_msgs/environment/library_path.dsv
[3.450s] -- Installing: /home/w6228/tram_ws/install/tram_vehicle_msgs/lib/libtram_vehicle_msgs__rosidl_generator_c.so
[3.450s] -- Set runtime path of "/home/w6228/tram_ws/install/tram_vehicle_msgs/lib/libtram_vehicle_msgs__rosidl_generator_c.so" to ""
[3.450s] -- Up-to-date: /home/w6228/tram_ws/install/tram_vehicle_msgs/include/tram_vehicle_msgs/tram_vehicle_msgs
[3.450s] -- Up-to-date: /home/w6228/tram_ws/install/tram_vehicle_msgs/include/tram_vehicle_msgs/tram_vehicle_msgs/msg
[3.450s] -- Installing: /home/w6228/tram_ws/install/tram_vehicle_msgs/include/tram_vehicle_msgs/tram_vehicle_msgs/msg/rosidl_typesupport_fastrtps_c__visibility_control.h
[3.450s] -- Up-to-date: /home/w6228/tram_ws/install/tram_vehicle_msgs/include/tram_vehicle_msgs/tram_vehicle_msgs/msg/detail
[3.450s] -- Installing: /home/w6228/tram_ws/install/tram_vehicle_msgs/include/tram_vehicle_msgs/tram_vehicle_msgs/msg/detail/velocity_sensor__rosidl_typesupport_fastrtps_c.h
[3.450s] -- Installing: /home/w6228/tram_ws/install/tram_vehicle_msgs/include/tram_vehicle_msgs/tram_vehicle_msgs/msg/detail/driver_controller_command__rosidl_typesupport_fastrtps_c.h
[3.450s] -- Installing: /home/w6228/tram_ws/install/tram_vehicle_msgs/lib/libtram_vehicle_msgs__rosidl_typesupport_fastrtps_c.so
[3.450s] -- Set runtime path of "/home/w6228/tram_ws/install/tram_vehicle_msgs/lib/libtram_vehicle_msgs__rosidl_typesupport_fastrtps_c.so" to ""
[3.450s] -- Up-to-date: /home/w6228/tram_ws/install/tram_vehicle_msgs/include/tram_vehicle_msgs/tram_vehicle_msgs
[3.450s] -- Up-to-date: /home/w6228/tram_ws/install/tram_vehicle_msgs/include/tram_vehicle_msgs/tram_vehicle_msgs/msg
[3.450s] -- Installing: /home/w6228/tram_ws/install/tram_vehicle_msgs/include/tram_vehicle_msgs/tram_vehicle_msgs/msg/velocity_sensor.hpp
[3.451s] -- Installing: /home/w6228/tram_ws/install/tram_vehicle_msgs/include/tram_vehicle_msgs/tram_vehicle_msgs/msg/driver_controller_command.hpp
[3.451s] -- Installing: /home/w6228/tram_ws/install/tram_vehicle_msgs/include/tram_vehicle_msgs/tram_vehicle_msgs/msg/rosidl_generator_cpp__visibility_control.hpp
[3.451s] -- Up-to-date: /home/w6228/tram_ws/install/tram_vehicle_msgs/include/tram_vehicle_msgs/tram_vehicle_msgs/msg/detail
[3.451s] -- Installing: /home/w6228/tram_ws/install/tram_vehicle_msgs/include/tram_vehicle_msgs/tram_vehicle_msgs/msg/detail/velocity_sensor__traits.hpp
[3.451s] -- Installing: /home/w6228/tram_ws/install/tram_vehicle_msgs/include/tram_vehicle_msgs/tram_vehicle_msgs/msg/detail/driver_controller_command__builder.hpp
[3.451s] -- Installing: /home/w6228/tram_ws/install/tram_vehicle_msgs/include/tram_vehicle_msgs/tram_vehicle_msgs/msg/detail/driver_controller_command__struct.hpp
[3.451s] -- Installing: /home/w6228/tram_ws/install/tram_vehicle_msgs/include/tram_vehicle_msgs/tram_vehicle_msgs/msg/detail/velocity_sensor__builder.hpp
[3.451s] -- Installing: /home/w6228/tram_ws/install/tram_vehicle_msgs/include/tram_vehicle_msgs/tram_vehicle_msgs/msg/detail/driver_controller_command__type_support.hpp
[3.451s] -- Installing: /home/w6228/tram_ws/install/tram_vehicle_msgs/include/tram_vehicle_msgs/tram_vehicle_msgs/msg/detail/velocity_sensor__struct.hpp
[3.451s] -- Installing: /home/w6228/tram_ws/install/tram_vehicle_msgs/include/tram_vehicle_msgs/tram_vehicle_msgs/msg/detail/driver_controller_command__traits.hpp
[3.451s] -- Installing: /home/w6228/tram_ws/install/tram_vehicle_msgs/include/tram_vehicle_msgs/tram_vehicle_msgs/msg/detail/velocity_sensor__type_support.hpp
[3.451s] -- Up-to-date: /home/w6228/tram_ws/install/tram_vehicle_msgs/include/tram_vehicle_msgs/tram_vehicle_msgs
[3.451s] -- Up-to-date: /home/w6228/tram_ws/install/tram_vehicle_msgs/include/tram_vehicle_msgs/tram_vehicle_msgs/msg
[3.451s] -- Installing: /home/w6228/tram_ws/install/tram_vehicle_msgs/include/tram_vehicle_msgs/tram_vehicle_msgs/msg/rosidl_typesupport_fastrtps_cpp__visibility_control.h
[3.451s] -- Up-to-date: /home/w6228/tram_ws/install/tram_vehicle_msgs/include/tram_vehicle_msgs/tram_vehicle_msgs/msg/detail
[3.451s] -- Installing: /home/w6228/tram_ws/install/tram_vehicle_msgs/include/tram_vehicle_msgs/tram_vehicle_msgs/msg/detail/velocity_sensor__rosidl_typesupport_fastrtps_cpp.hpp
[3.451s] -- Installing: /home/w6228/tram_ws/install/tram_vehicle_msgs/include/tram_vehicle_msgs/tram_vehicle_msgs/msg/detail/driver_controller_command__rosidl_typesupport_fastrtps_cpp.hpp
[3.451s] -- Installing: /home/w6228/tram_ws/install/tram_vehicle_msgs/include/tram_vehicle_msgs/tram_vehicle_msgs/msg/detail/dds_fastrtps
[3.451s] -- Installing: /home/w6228/tram_ws/install/tram_vehicle_msgs/lib/libtram_vehicle_msgs__rosidl_typesupport_fastrtps_cpp.so
[3.451s] -- Set runtime path of "/home/w6228/tram_ws/install/tram_vehicle_msgs/lib/libtram_vehicle_msgs__rosidl_typesupport_fastrtps_cpp.so" to ""
[3.451s] -- Up-to-date: /home/w6228/tram_ws/install/tram_vehicle_msgs/include/tram_vehicle_msgs/tram_vehicle_msgs
[3.451s] -- Up-to-date: /home/w6228/tram_ws/install/tram_vehicle_msgs/include/tram_vehicle_msgs/tram_vehicle_msgs/msg
[3.451s] -- Installing: /home/w6228/tram_ws/install/tram_vehicle_msgs/include/tram_vehicle_msgs/tram_vehicle_msgs/msg/rosidl_typesupport_introspection_c__visibility_control.h
[3.451s] -- Up-to-date: /home/w6228/tram_ws/install/tram_vehicle_msgs/include/tram_vehicle_msgs/tram_vehicle_msgs/msg/detail
[3.451s] -- Installing: /home/w6228/tram_ws/install/tram_vehicle_msgs/include/tram_vehicle_msgs/tram_vehicle_msgs/msg/detail/driver_controller_command__rosidl_typesupport_introspection_c.h
[3.451s] -- Installing: /home/w6228/tram_ws/install/tram_vehicle_msgs/include/tram_vehicle_msgs/tram_vehicle_msgs/msg/detail/velocity_sensor__type_support.c
[3.451s] -- Installing: /home/w6228/tram_ws/install/tram_vehicle_msgs/include/tram_vehicle_msgs/tram_vehicle_msgs/msg/detail/driver_controller_command__type_support.c
[3.452s] -- Installing: /home/w6228/tram_ws/install/tram_vehicle_msgs/include/tram_vehicle_msgs/tram_vehicle_msgs/msg/detail/velocity_sensor__rosidl_typesupport_introspection_c.h
[3.452s] -- Installing: /home/w6228/tram_ws/install/tram_vehicle_msgs/lib/libtram_vehicle_msgs__rosidl_typesupport_introspection_c.so
[3.452s] -- Set runtime path of "/home/w6228/tram_ws/install/tram_vehicle_msgs/lib/libtram_vehicle_msgs__rosidl_typesupport_introspection_c.so" to ""
[3.452s] -- Installing: /home/w6228/tram_ws/install/tram_vehicle_msgs/lib/libtram_vehicle_msgs__rosidl_typesupport_c.so
[3.452s] -- Set runtime path of "/home/w6228/tram_ws/install/tram_vehicle_msgs/lib/libtram_vehicle_msgs__rosidl_typesupport_c.so" to ""
[3.452s] -- Up-to-date: /home/w6228/tram_ws/install/tram_vehicle_msgs/include/tram_vehicle_msgs/tram_vehicle_msgs
[3.452s] -- Up-to-date: /home/w6228/tram_ws/install/tram_vehicle_msgs/include/tram_vehicle_msgs/tram_vehicle_msgs/msg
[3.452s] -- Up-to-date: /home/w6228/tram_ws/install/tram_vehicle_msgs/include/tram_vehicle_msgs/tram_vehicle_msgs/msg/detail
[3.452s] -- Installing: /home/w6228/tram_ws/install/tram_vehicle_msgs/include/tram_vehicle_msgs/tram_vehicle_msgs/msg/detail/driver_controller_command__type_support.cpp
[3.452s] -- Installing: /home/w6228/tram_ws/install/tram_vehicle_msgs/include/tram_vehicle_msgs/tram_vehicle_msgs/msg/detail/driver_controller_command__rosidl_typesupport_introspection_cpp.hpp
[3.452s] -- Installing: /home/w6228/tram_ws/install/tram_vehicle_msgs/include/tram_vehicle_msgs/tram_vehicle_msgs/msg/detail/velocity_sensor__rosidl_typesupport_introspection_cpp.hpp
[3.452s] -- Installing: /home/w6228/tram_ws/install/tram_vehicle_msgs/include/tram_vehicle_msgs/tram_vehicle_msgs/msg/detail/velocity_sensor__type_support.cpp
[3.452s] -- Installing: /home/w6228/tram_ws/install/tram_vehicle_msgs/lib/libtram_vehicle_msgs__rosidl_typesupport_introspection_cpp.so
[3.452s] -- Set runtime path of "/home/w6228/tram_ws/install/tram_vehicle_msgs/lib/libtram_vehicle_msgs__rosidl_typesupport_introspection_cpp.so" to ""
[3.452s] -- Installing: /home/w6228/tram_ws/install/tram_vehicle_msgs/lib/libtram_vehicle_msgs__rosidl_typesupport_cpp.so
[3.452s] -- Set runtime path of "/home/w6228/tram_ws/install/tram_vehicle_msgs/lib/libtram_vehicle_msgs__rosidl_typesupport_cpp.so" to ""
[3.452s] -- Installing: /home/w6228/tram_ws/install/tram_vehicle_msgs/share/tram_vehicle_msgs/environment/pythonpath.sh
[3.452s] -- Installing: /home/w6228/tram_ws/install/tram_vehicle_msgs/share/tram_vehicle_msgs/environment/pythonpath.dsv
[3.452s] -- Installing: /home/w6228/tram_ws/install/tram_vehicle_msgs/local/lib/python3.10/dist-packages/tram_vehicle_msgs-0.0.0-py3.10.egg-info
[3.453s] -- Installing: /home/w6228/tram_ws/install/tram_vehicle_msgs/local/lib/python3.10/dist-packages/tram_vehicle_msgs-0.0.0-py3.10.egg-info/PKG-INFO
[3.453s] -- Installing: /home/w6228/tram_ws/install/tram_vehicle_msgs/local/lib/python3.10/dist-packages/tram_vehicle_msgs-0.0.0-py3.10.egg-info/SOURCES.txt
[3.453s] -- Installing: /home/w6228/tram_ws/install/tram_vehicle_msgs/local/lib/python3.10/dist-packages/tram_vehicle_msgs-0.0.0-py3.10.egg-info/top_level.txt
[3.453s] -- Installing: /home/w6228/tram_ws/install/tram_vehicle_msgs/local/lib/python3.10/dist-packages/tram_vehicle_msgs-0.0.0-py3.10.egg-info/dependency_links.txt
[3.453s] -- Installing: /home/w6228/tram_ws/install/tram_vehicle_msgs/local/lib/python3.10/dist-packages/tram_vehicle_msgs
[3.453s] -- Installing: /home/w6228/tram_ws/install/tram_vehicle_msgs/local/lib/python3.10/dist-packages/tram_vehicle_msgs/tram_vehicle_msgs_s__rosidl_typesupport_fastrtps_c.cpython-310-x86_64-linux-gnu.so
[3.453s] -- Installing: /home/w6228/tram_ws/install/tram_vehicle_msgs/local/lib/python3.10/dist-packages/tram_vehicle_msgs/msg
[3.453s] -- Installing: /home/w6228/tram_ws/install/tram_vehicle_msgs/local/lib/python3.10/dist-packages/tram_vehicle_msgs/msg/_driver_controller_command.py
[3.453s] -- Installing: /home/w6228/tram_ws/install/tram_vehicle_msgs/local/lib/python3.10/dist-packages/tram_vehicle_msgs/msg/_driver_controller_command_s.c
[3.453s] -- Installing: /home/w6228/tram_ws/install/tram_vehicle_msgs/local/lib/python3.10/dist-packages/tram_vehicle_msgs/msg/_velocity_sensor.py
[3.453s] -- Installing: /home/w6228/tram_ws/install/tram_vehicle_msgs/local/lib/python3.10/dist-packages/tram_vehicle_msgs/msg/__init__.py
[3.453s] -- Installing: /home/w6228/tram_ws/install/tram_vehicle_msgs/local/lib/python3.10/dist-packages/tram_vehicle_msgs/msg/_velocity_sensor_s.c
[3.453s] -- Installing: /home/w6228/tram_ws/install/tram_vehicle_msgs/local/lib/python3.10/dist-packages/tram_vehicle_msgs/tram_vehicle_msgs_s__rosidl_typesupport_introspection_c.cpython-310-x86_64-linux-gnu.so
[3.453s] -- Installing: /home/w6228/tram_ws/install/tram_vehicle_msgs/local/lib/python3.10/dist-packages/tram_vehicle_msgs/tram_vehicle_msgs_s__rosidl_typesupport_c.cpython-310-x86_64-linux-gnu.so
[3.453s] -- Installing: /home/w6228/tram_ws/install/tram_vehicle_msgs/local/lib/python3.10/dist-packages/tram_vehicle_msgs/libtram_vehicle_msgs__rosidl_generator_py.so
[3.453s] -- Installing: /home/w6228/tram_ws/install/tram_vehicle_msgs/local/lib/python3.10/dist-packages/tram_vehicle_msgs/_tram_vehicle_msgs_s.ep.rosidl_typesupport_c.c
[3.453s] -- Installing: /home/w6228/tram_ws/install/tram_vehicle_msgs/local/lib/python3.10/dist-packages/tram_vehicle_msgs/_tram_vehicle_msgs_s.ep.rosidl_typesupport_fastrtps_c.c
[3.453s] -- Installing: /home/w6228/tram_ws/install/tram_vehicle_msgs/local/lib/python3.10/dist-packages/tram_vehicle_msgs/_tram_vehicle_msgs_s.ep.rosidl_typesupport_introspection_c.c
[3.453s] -- Installing: /home/w6228/tram_ws/install/tram_vehicle_msgs/local/lib/python3.10/dist-packages/tram_vehicle_msgs/__init__.py
[3.471s] Listing '/home/w6228/tram_ws/install/tram_vehicle_msgs/local/lib/python3.10/dist-packages/tram_vehicle_msgs'...
[3.471s] Compiling '/home/w6228/tram_ws/install/tram_vehicle_msgs/local/lib/python3.10/dist-packages/tram_vehicle_msgs/__init__.py'...
[3.471s] Listing '/home/w6228/tram_ws/install/tram_vehicle_msgs/local/lib/python3.10/dist-packages/tram_vehicle_msgs/msg'...
[3.471s] Compiling '/home/w6228/tram_ws/install/tram_vehicle_msgs/local/lib/python3.10/dist-packages/tram_vehicle_msgs/msg/__init__.py'...
[3.471s] Compiling '/home/w6228/tram_ws/install/tram_vehicle_msgs/local/lib/python3.10/dist-packages/tram_vehicle_msgs/msg/_driver_controller_command.py'...
[3.471s] Compiling '/home/w6228/tram_ws/install/tram_vehicle_msgs/local/lib/python3.10/dist-packages/tram_vehicle_msgs/msg/_velocity_sensor.py'...
[3.473s] -- Installing: /home/w6228/tram_ws/install/tram_vehicle_msgs/local/lib/python3.10/dist-packages/tram_vehicle_msgs/tram_vehicle_msgs_s__rosidl_typesupport_fastrtps_c.cpython-310-x86_64-linux-gnu.so
[3.474s] -- Set runtime path of "/home/w6228/tram_ws/install/tram_vehicle_msgs/local/lib/python3.10/dist-packages/tram_vehicle_msgs/tram_vehicle_msgs_s__rosidl_typesupport_fastrtps_c.cpython-310-x86_64-linux-gnu.so" to ""
[3.474s] -- Installing: /home/w6228/tram_ws/install/tram_vehicle_msgs/local/lib/python3.10/dist-packages/tram_vehicle_msgs/tram_vehicle_msgs_s__rosidl_typesupport_introspection_c.cpython-310-x86_64-linux-gnu.so
[3.474s] -- Set runtime path of "/home/w6228/tram_ws/install/tram_vehicle_msgs/local/lib/python3.10/dist-packages/tram_vehicle_msgs/tram_vehicle_msgs_s__rosidl_typesupport_introspection_c.cpython-310-x86_64-linux-gnu.so" to ""
[3.474s] -- Installing: /home/w6228/tram_ws/install/tram_vehicle_msgs/local/lib/python3.10/dist-packages/tram_vehicle_msgs/tram_vehicle_msgs_s__rosidl_typesupport_c.cpython-310-x86_64-linux-gnu.so
[3.474s] -- Set runtime path of "/home/w6228/tram_ws/install/tram_vehicle_msgs/local/lib/python3.10/dist-packages/tram_vehicle_msgs/tram_vehicle_msgs_s__rosidl_typesupport_c.cpython-310-x86_64-linux-gnu.so" to ""
[3.474s] -- Installing: /home/w6228/tram_ws/install/tram_vehicle_msgs/lib/libtram_vehicle_msgs__rosidl_generator_py.so
[3.474s] -- Set runtime path of "/home/w6228/tram_ws/install/tram_vehicle_msgs/lib/libtram_vehicle_msgs__rosidl_generator_py.so" to ""
[3.474s] -- Installing: /home/w6228/tram_ws/install/tram_vehicle_msgs/share/tram_vehicle_msgs/rust
[3.474s] -- Installing: /home/w6228/tram_ws/install/tram_vehicle_msgs/share/tram_vehicle_msgs/rust/src
[3.474s] -- Installing: /home/w6228/tram_ws/install/tram_vehicle_msgs/share/tram_vehicle_msgs/rust/src/lib.rs
[3.474s] -- Installing: /home/w6228/tram_ws/install/tram_vehicle_msgs/share/tram_vehicle_msgs/rust/src/msg
[3.474s] -- Installing: /home/w6228/tram_ws/install/tram_vehicle_msgs/share/tram_vehicle_msgs/rust/src/msg/rmw.rs
[3.474s] -- Installing: /home/w6228/tram_ws/install/tram_vehicle_msgs/share/tram_vehicle_msgs/rust/src/msg.rs
[3.475s] -- Installing: /home/w6228/tram_ws/install/tram_vehicle_msgs/share/tram_vehicle_msgs/rust/build.rs
[3.475s] -- Installing: /home/w6228/tram_ws/install/tram_vehicle_msgs/share/tram_vehicle_msgs/rust/Cargo.toml
[3.475s] -- Installing: /home/w6228/tram_ws/install/tram_vehicle_msgs/share/tram_vehicle_msgs/msg/VelocitySensor.idl
[3.475s] -- Installing: /home/w6228/tram_ws/install/tram_vehicle_msgs/share/tram_vehicle_msgs/msg/DriverControllerCommand.idl
[3.475s] -- Installing: /home/w6228/tram_ws/install/tram_vehicle_msgs/share/tram_vehicle_msgs/msg/VelocitySensor.msg
[3.475s] -- Installing: /home/w6228/tram_ws/install/tram_vehicle_msgs/share/tram_vehicle_msgs/msg/DriverControllerCommand.msg
[3.475s] -- Installing: /home/w6228/tram_ws/install/tram_vehicle_msgs/share/ament_index/resource_index/package_run_dependencies/tram_vehicle_msgs
[3.475s] -- Installing: /home/w6228/tram_ws/install/tram_vehicle_msgs/share/ament_index/resource_index/parent_prefix_path/tram_vehicle_msgs
[3.475s] -- Installing: /home/w6228/tram_ws/install/tram_vehicle_msgs/share/tram_vehicle_msgs/environment/ament_prefix_path.sh
[3.475s] -- Installing: /home/w6228/tram_ws/install/tram_vehicle_msgs/share/tram_vehicle_msgs/environment/ament_prefix_path.dsv
[3.475s] -- Installing: /home/w6228/tram_ws/install/tram_vehicle_msgs/share/tram_vehicle_msgs/environment/path.sh
[3.475s] -- Installing: /home/w6228/tram_ws/install/tram_vehicle_msgs/share/tram_vehicle_msgs/environment/path.dsv
[3.475s] -- Installing: /home/w6228/tram_ws/install/tram_vehicle_msgs/share/tram_vehicle_msgs/local_setup.bash
[3.475s] -- Installing: /home/w6228/tram_ws/install/tram_vehicle_msgs/share/tram_vehicle_msgs/local_setup.sh
[3.475s] -- Installing: /home/w6228/tram_ws/install/tram_vehicle_msgs/share/tram_vehicle_msgs/local_setup.zsh
[3.475s] -- Installing: /home/w6228/tram_ws/install/tram_vehicle_msgs/share/tram_vehicle_msgs/local_setup.dsv
[3.475s] -- Installing: /home/w6228/tram_ws/install/tram_vehicle_msgs/share/tram_vehicle_msgs/package.dsv
[3.476s] -- Installing: /home/w6228/tram_ws/install/tram_vehicle_msgs/share/ament_index/resource_index/packages/tram_vehicle_msgs
[3.476s] -- Installing: /home/w6228/tram_ws/install/tram_vehicle_msgs/share/tram_vehicle_msgs/cmake/export_tram_vehicle_msgs__rosidl_generator_cExport.cmake
[3.476s] -- Installing: /home/w6228/tram_ws/install/tram_vehicle_msgs/share/tram_vehicle_msgs/cmake/export_tram_vehicle_msgs__rosidl_generator_cExport-noconfig.cmake
[3.476s] -- Installing: /home/w6228/tram_ws/install/tram_vehicle_msgs/share/tram_vehicle_msgs/cmake/export_tram_vehicle_msgs__rosidl_typesupport_fastrtps_cExport.cmake
[3.476s] -- Installing: /home/w6228/tram_ws/install/tram_vehicle_msgs/share/tram_vehicle_msgs/cmake/export_tram_vehicle_msgs__rosidl_typesupport_fastrtps_cExport-noconfig.cmake
[3.476s] -- Installing: /home/w6228/tram_ws/install/tram_vehicle_msgs/share/tram_vehicle_msgs/cmake/export_tram_vehicle_msgs__rosidl_generator_cppExport.cmake
[3.476s] -- Installing: /home/w6228/tram_ws/install/tram_vehicle_msgs/share/tram_vehicle_msgs/cmake/export_tram_vehicle_msgs__rosidl_typesupport_fastrtps_cppExport.cmake
[3.476s] -- Installing: /home/w6228/tram_ws/install/tram_vehicle_msgs/share/tram_vehicle_msgs/cmake/export_tram_vehicle_msgs__rosidl_typesupport_fastrtps_cppExport-noconfig.cmake
[3.476s] -- Installing: /home/w6228/tram_ws/install/tram_vehicle_msgs/share/tram_vehicle_msgs/cmake/tram_vehicle_msgs__rosidl_typesupport_introspection_cExport.cmake
[3.476s] -- Installing: /home/w6228/tram_ws/install/tram_vehicle_msgs/share/tram_vehicle_msgs/cmake/tram_vehicle_msgs__rosidl_typesupport_introspection_cExport-noconfig.cmake
[3.476s] -- Installing: /home/w6228/tram_ws/install/tram_vehicle_msgs/share/tram_vehicle_msgs/cmake/tram_vehicle_msgs__rosidl_typesupport_cExport.cmake
[3.476s] -- Installing: /home/w6228/tram_ws/install/tram_vehicle_msgs/share/tram_vehicle_msgs/cmake/tram_vehicle_msgs__rosidl_typesupport_cExport-noconfig.cmake
[3.476s] -- Installing: /home/w6228/tram_ws/install/tram_vehicle_msgs/share/tram_vehicle_msgs/cmake/tram_vehicle_msgs__rosidl_typesupport_introspection_cppExport.cmake
[3.476s] -- Installing: /home/w6228/tram_ws/install/tram_vehicle_msgs/share/tram_vehicle_msgs/cmake/tram_vehicle_msgs__rosidl_typesupport_introspection_cppExport-noconfig.cmake
[3.476s] -- Installing: /home/w6228/tram_ws/install/tram_vehicle_msgs/share/tram_vehicle_msgs/cmake/tram_vehicle_msgs__rosidl_typesupport_cppExport.cmake
[3.476s] -- Installing: /home/w6228/tram_ws/install/tram_vehicle_msgs/share/tram_vehicle_msgs/cmake/tram_vehicle_msgs__rosidl_typesupport_cppExport-noconfig.cmake
[3.476s] -- Installing: /home/w6228/tram_ws/install/tram_vehicle_msgs/share/tram_vehicle_msgs/cmake/export_tram_vehicle_msgs__rosidl_generator_pyExport.cmake
[3.477s] -- Installing: /home/w6228/tram_ws/install/tram_vehicle_msgs/share/tram_vehicle_msgs/cmake/export_tram_vehicle_msgs__rosidl_generator_pyExport-noconfig.cmake
[3.477s] -- Installing: /home/w6228/tram_ws/install/tram_vehicle_msgs/share/tram_vehicle_msgs/cmake/rosidl_cmake-extras.cmake
[3.477s] -- Installing: /home/w6228/tram_ws/install/tram_vehicle_msgs/share/tram_vehicle_msgs/cmake/ament_cmake_export_dependencies-extras.cmake
[3.477s] -- Installing: /home/w6228/tram_ws/install/tram_vehicle_msgs/share/tram_vehicle_msgs/cmake/ament_cmake_export_include_directories-extras.cmake
[3.477s] -- Installing: /home/w6228/tram_ws/install/tram_vehicle_msgs/share/tram_vehicle_msgs/cmake/ament_cmake_export_libraries-extras.cmake
[3.477s] -- Installing: /home/w6228/tram_ws/install/tram_vehicle_msgs/share/tram_vehicle_msgs/cmake/ament_cmake_export_targets-extras.cmake
[3.477s] -- Installing: /home/w6228/tram_ws/install/tram_vehicle_msgs/share/tram_vehicle_msgs/cmake/rosidl_cmake_export_typesupport_targets-extras.cmake
[3.477s] -- Installing: /home/w6228/tram_ws/install/tram_vehicle_msgs/share/tram_vehicle_msgs/cmake/rosidl_cmake_export_typesupport_libraries-extras.cmake
[3.477s] -- Installing: /home/w6228/tram_ws/install/tram_vehicle_msgs/share/tram_vehicle_msgs/cmake/rosidl_cmake_aggregate_target-extras.cmake
[3.477s] -- Installing: /home/w6228/tram_ws/install/tram_vehicle_msgs/share/tram_vehicle_msgs/cmake/tram_vehicle_msgsConfig.cmake
[3.477s] -- Installing: /home/w6228/tram_ws/install/tram_vehicle_msgs/share/tram_vehicle_msgs/cmake/tram_vehicle_msgsConfig-version.cmake
[3.477s] -- Installing: /home/w6228/tram_ws/install/tram_vehicle_msgs/share/tram_vehicle_msgs/package.xml
[3.478s] Invoked command in '/home/w6228/tram_ws/build/tram_vehicle_msgs' returned '0': CMAKE_PREFIX_PATH=${CMAKE_PREFIX_PATH}:/home/w6228/tram_ws/install/tram_reserve_odometry:/opt/ros/humble /usr/bin/cmake --install /home/w6228/tram_ws/build/tram_vehicle_msgs
